$ node scripts/test-unit.mjs

[1m[46m RUN [49m[22m [36mv4.0.18 [39m[90mG:/StackGate[39m

 [32m✓[39m tests/unit/ports.test.ts [2m([22m[2m27 tests[22m[2m)[22m[33m 8622[2mms[22m[39m
   [33m[2m✓[22m[39m runs the AST checker and rejects domain IO [33m 555[2mms[22m[39m
   [33m[2m✓[22m[39m runs the AST checker and rejects domain dynamic IO [33m 498[2mms[22m[39m
   [33m[2m✓[22m[39m runs the AST checker and rejects domain time [33m 529[2mms[22m[39m
   [33m[2m✓[22m[39m runs the AST checker and rejects domain date constructor [33m 457[2mms[22m[39m
   [33m[2m✓[22m[39m runs the AST checker and rejects domain environment [33m 519[2mms[22m[39m
   [33m[2m✓[22m[39m runs the AST checker and rejects domain console IO [33m 481[2mms[22m[39m
   [33m[2m✓[22m[39m runs the AST checker and rejects domain require alias [33m 538[2mms[22m[39m
   [33m[2m✓[22m[39m runs the AST checker and rejects domain indirect random [33m 513[2mms[22m[39m
   [33m[2m✓[22m[39m runs the AST checker and rejects domain spread clock [33m 481[2mms[22m[39m
   [33m[2m✓[22m[39m runs the AST checker and rejects domain network [33m 488[2mms[22m[39m
   [33m[2m✓[22m[39m runs the AST checker and rejects test fake import [33m 500[2mms[22m[39m
   [33m[2m✓[22m[39m runs the AST checker and rejects reporter runner [33m 482[2mms[22m[39m
   [33m[2m✓[22m[39m runs the AST checker and rejects reporter execution [33m 551[2mms[22m[39m
   [33m[2m✓[22m[39m runs the AST checker and rejects reporter computed execution [33m 410[2mms[22m[39m
   [33m[2m✓[22m[39m runs the AST checker and rejects reporter destructured execution [33m 596[2mms[22m[39m
   [33m[2m✓[22m[39m rejects IO reached indirectly through a domain helper [33m 499[2mms[22m[39m
   [33m[2m✓[22m[39m allows pure objects, type-only ports and words in comments or strings [33m 517[2mms[22m[39m
 [32m✓[39m tests/unit/bootstrap.test.ts [2m([22m[2m6 tests[22m[2m)[22m[33m 3235[2mms[22m[39m
   [33m[2m✓[22m[39m built help is executable without a TypeScript runtime [33m 544[2mms[22m[39m
   [33m[2m✓[22m[39m rejects unsupported arguments and combinations with exit 64 [33m 866[2mms[22m[39m
   [33m[2m✓[22m[39m rejects the implemented run command when its required plan is missing [33m 431[2mms[22m[39m
   [33m[2m✓[22m[39m prints package version [33m 462[2mms[22m[39m
   [33m[2m✓[22m[39m an empty test selection exits nonzero [33m 929[2mms[22m[39m
 [32m✓[39m tests/unit/storage/cache.test.ts [2m([22m[2m5 tests[22m[2m)[22m[33m 924[2mms[22m[39m
   [33m[2m✓[22m[39m bounds retained bytes and never follows a substituted cache link [33m 466[2mms[22m[39m
 [32m✓[39m tests/unit/runner/scheduler.test.ts [2m([22m[2m8 tests[22m[2m)[22m[33m 14792[2mms[22m[39m
   [33m[2m✓[22m[39m runs A to B/C to D with lexicographic starts and real independent concurrency [33m 1084[2mms[22m[39m
   [33m[2m✓[22m[39m failure blocks only dependent branches and cancellation stops new steps [33m 1686[2mms[22m[39m
   [33m[2m✓[22m[39m serializes shared resources while independent resources progress [33m 2308[2mms[22m[39m
   [33m[2m✓[22m[39m does not invent a second result when finished event persistence fails [33m 871[2mms[22m[39m
   [33m[2m✓[22m[39m cancels or times out while another owner holds a resource without removing its lock [33m 5719[2mms[22m[39m
   [33m[2m✓[22m[39m excludes another whole run even when its workspace locks differ [33m 2325[2mms[22m[39m
   [33m[2m✓[22m[39m records queue waiting separately from actual execution duration [33m 788[2mms[22m[39m
 [32m✓[39m tests/unit/fixtures.test.ts [2m([22m[2m10 tests[22m[2m)[22m[33m 682[2mms[22m[39m
   [33m[2m✓[22m[39m validates all OpenAPI documents against the retained official document schema and strict response schemas [33m 607[2mms[22m[39m
 [32m✓[39m tests/unit/config/init-safety.test.ts [2m([22m[2m6 tests[22m[2m)[22m[32m 267[2mms[22m[39m
 [32m✓[39m tests/unit/openapi/runtime-validator.test.ts [2m([22m[2m23 tests[22m[2m)[22m[33m 383[2mms[22m[39m
 [32m✓[39m tests/unit/storage/atomic-write.test.ts [2m([22m[2m6 tests[22m[2m)[22m[32m 159[2mms[22m[39m
 [32m✓[39m tests/unit/tool-registry.test.ts [2m([22m[2m4 tests[22m[2m)[22m[32m 190[2mms[22m[39m
 [32m✓[39m tests/unit/openapi/safe-loader.test.ts [2m([22m[2m60 tests[22m[2m)[22m[32m 97[2mms[22m[39m
 [32m✓[39m tests/unit/contracts/run-schema.test.ts [2m([22m[2m24 tests[22m[2m)[22m[32m 159[2mms[22m[39m
 [32m✓[39m tests/unit/config/parse.test.ts [2m([22m[2m7 tests[22m[2m)[22m[32m 76[2mms[22m[39m
 [32m✓[39m tests/unit/contracts/config-schema.test.ts [2m([22m[2m9 tests[22m[2m)[22m[32m 101[2mms[22m[39m
 [32m✓[39m tests/unit/storage/paths.test.ts [2m([22m[2m27 tests[22m[2m)[22m[32m 125[2mms[22m[39m
 [32m✓[39m tests/unit/plan/dag.test.ts [2m([22m[2m13 tests[22m[2m)[22m[32m 74[2mms[22m[39m
 [32m✓[39m tests/unit/config/execution-inputs.test.ts [2m([22m[2m3 tests[22m[2m)[22m[32m 73[2mms[22m[39m
 [32m✓[39m tests/unit/select-checks.test.ts [2m([22m[2m6 tests[22m[2m)[22m[32m 85[2mms[22m[39m
 [32m✓[39m tests/unit/contracts/task-schema.test.ts [2m([22m[2m17 tests[22m[2m)[22m[32m 68[2mms[22m[39m
 [32m✓[39m tests/unit/contracts/primitives.test.ts [2m([22m[2m13 tests[22m[2m)[22m[32m 67[2mms[22m[39m
 [32m✓[39m tests/unit/gate/command-provenance.test.ts [2m([22m[2m14 tests[22m[2m)[22m[32m 28[2mms[22m[39m
 [32m✓[39m tests/unit/gate/exit-priority.test.ts [2m([22m[2m65 tests[22m[2m)[22m[32m 15[2mms[22m[39m
 [32m✓[39m tests/unit/impact/selection.test.ts [2m([22m[2m6 tests[22m[2m)[22m[32m 15[2mms[22m[39m
 [32m✓[39m tests/unit/impact/typescript.test.ts [2m([22m[2m6 tests[22m[2m)[22m[32m 19[2mms[22m[39m
 [32m✓[39m tests/unit/impact/mappings.test.ts [2m([22m[2m6 tests[22m[2m)[22m[32m 22[2mms[22m[39m
 [32m✓[39m tests/unit/reports/json.test.ts [2m([22m[2m3 tests[22m[2m)[22m[32m 7[2mms[22m[39m
 [32m✓[39m tests/unit/gate/truth-table.test.ts [2m([22m[2m22 tests[22m[2m)[22m[32m 10[2mms[22m[39m
 [32m✓[39m tests/unit/reports/junit-input.test.ts [2m([22m[2m13 tests[22m[2m)[22m[32m 10[2mms[22m[39m
 [32m✓[39m tests/unit/openapi/three-way.test.ts [2m([22m[2m10 tests[22m[2m)[22m[32m 9[2mms[22m[39m
 [32m✓[39m tests/unit/reports/junit-output.test.ts [2m([22m[2m1 test[22m[2m)[22m[32m 7[2mms[22m[39m
 [32m✓[39m tests/unit/storage/hash.test.ts [2m([22m[2m17 tests[22m[2m)[22m[32m 6[2mms[22m[39m
 [32m✓[39m tests/unit/reports/consistency.test.ts [2m([22m[2m1 test[22m[2m)[22m[32m 8[2mms[22m[39m
 [32m✓[39m tests/unit/policy/drift.test.ts [2m([22m[2m7 tests[22m[2m)[22m[32m 8[2mms[22m[39m
 [32m✓[39m tests/unit/gate/acceptance-boundaries.test.ts [2m([22m[2m11 tests[22m[2m)[22m[32m 12[2mms[22m[39m
 [32m✓[39m tests/unit/freshness.test.ts [2m([22m[2m46 tests[22m[2m)[22m[32m 7[2mms[22m[39m
 [32m✓[39m tests/unit/reports/terminal.test.ts [2m([22m[2m1 test[22m[2m)[22m[32m 4[2mms[22m[39m
 [32m✓[39m tests/unit/run-evaluation.test.ts [2m([22m[2m1 test[22m[2m)[22m[32m 4[2mms[22m[39m
 [32m✓[39m tests/unit/config/merge.test.ts [2m([22m[2m3 tests[22m[2m)[22m[32m 6[2mms[22m[39m
 [32m✓[39m tests/unit/reports/markdown.test.ts [2m([22m[2m1 test[22m[2m)[22m[32m 4[2mms[22m[39m
 [32m✓[39m tests/unit/gate/plan-binding.test.ts [2m([22m[2m9 tests[22m[2m)[22m[32m 8[2mms[22m[39m
 [32m✓[39m tests/unit/openapi/public-scan-report.test.ts [2m([22m[2m1 test[22m[2m)[22m[32m 4[2mms[22m[39m

[2m Test Files [22m [1m[32m40 passed[39m[22m[90m (40)[39m
[2m      Tests [22m [1m[32m518 passed[39m[22m[90m (518)[39m
[2m   Start at [22m 01:41:34
[2m   Duration [22m 29.99s[2m (transform 1.80s, setup 0ms, import 12.88s, tests 30.39s, environment 5ms)[22m

✔ current audit ledger validates with all five audit task ids (9.3643ms)
✔ duplicate audit task ids are rejected (0.2782ms)
✔ unknown status values are rejected (0.1487ms)
✔ DONE without a passing verification is rejected (0.6149ms)
✔ DONE without actual files is rejected (0.1925ms)
✔ evidence that belongs to another task id is rejected (0.5258ms)
✔ relative paths escaping the repository are rejected (0.8355ms)
✔ dependency cycles are rejected (0.1757ms)
✔ BLOCKED without a recorded blocker is rejected (0.1309ms)
✔ audit records retain actual child failure and repository identity (4769.9028ms)
✔ built CLI help exposes only implemented commands (501.2608ms)
✔ unknown CLI option returns configuration error (514.9739ms)
✔ plan has 100 unique sequential tasks and original dependencies (4.0334ms)
✔ rejects duplicate ID (1.6829ms)
✔ rejects missing dependency (1.9699ms)
✔ rejects dependency cycle (0.9934ms)
✔ rejects DONE without evidence (1.2235ms)
✔ rejects illegal status (1.4783ms)
✔ rejects early READY (1.4763ms)
✔ rejects missing task (1.7473ms)
✔ rejects absolute file path (1.3626ms)
✔ rejects absolute evidence path (1.4168ms)
✔ rejects traversal evidence path (2.4121ms)
✔ rejects failed-only DONE (1.4071ms)
✔ source is preserved byte-for-byte and matches the supplied SHA-256 (3.3111ms)
✔ source inspection rejects missing or changed content (2.2051ms)
✔ verify-tasks CLI returns nonzero and identifies the task with SG-999 dependency (189.1773ms)
✔ DONE requires actual implementation files even with valid task evidence (1.5273ms)
✔ DONE cannot borrow another task successful evidence (68.8313ms)
✔ evidence runner records task ownership and preserves a failed child exit code (4913.6888ms)
✔ negative cases do not mutate the shared plan baseline (1.4812ms)
✔ same HEAD with modified tracked source yields a different content hash (2856.5355ms)
✔ adding, editing and removing untracked inputs changes the content hash (4360.6633ms)
✔ staged and unstaged states for the same path are distinguished (2295.2079ms)
✔ raw bytes distinguish CRLF and UTF-8 content without normalisation (2164.3238ms)
✔ a path containing whitespace yields exactly one enumerated entry (1446.7338ms)
✔ writing only verification evidence does not invalidate the snapshot (2406.3516ms)
✔ caches are excluded but tracked sources and lockfiles are captured (2875.6921ms)
✔ over-budget inputs are reported as incomplete instead of silently skipped (1336.5773ms)
✔ staged deletions are reported as missing inputs, not as absent source (2029.8521ms)
✔ recorder keeps the raw exit code but refuses attribution when source changed mid-verification (7473.9243ms)
✔ recorder rejects task ids that are not in the ledgers (5655.5024ms)
✔ M1 requires every M0 check, actual integration checks and the real oasdiff capability (2.4721ms)
✔ M2 registers every execution, evidence and Gate check without allowing omissions (0.5749ms)
✔ M0 rejects removed, duplicate and arbitrary shell checks (0.2722ms)
✔ unknown tools block any stage requiring them (0.3764ms)
✔ M2 declares EXECUTED only from the registered real-execution checks (0.4253ms)
✔ a real failed child command propagates its exit and retains its identity (195.7159ms)
✔ missing source removes only previously packaged exact tool, preserving unrelated files (34.1751ms)
ℹ tests 49
ℹ suites 0
ℹ pass 49
ℹ fail 0
ℹ cancelled 0
ℹ skipped 0
ℹ todo 0
ℹ duration_ms 35369.1876
