✔ plan has 100 unique sequential tasks and original dependencies (2.6726ms)
✔ rejects duplicate ID (0.9981ms)
✔ rejects missing dependency (1.4045ms)
✔ rejects dependency cycle (0.756ms)
✔ rejects DONE without evidence (0.755ms)
✔ rejects illegal status (0.8016ms)
✔ rejects early READY (0.8228ms)
✔ rejects missing task (1.9742ms)
✔ rejects absolute file path (1.1703ms)
✔ rejects absolute evidence path (0.7592ms)
✔ rejects traversal evidence path (2.2799ms)
✔ rejects failed-only DONE (1.5794ms)
✔ source is preserved byte-for-byte and matches the supplied SHA-256 (6.7749ms)
✔ source inspection rejects missing or changed content (1.4969ms)
✔ verify-tasks CLI returns nonzero and identifies the task with SG-999 dependency (93.8188ms)
✔ DONE requires actual implementation files even with valid task evidence (1.3663ms)
✔ DONE cannot borrow another task successful evidence (58.7788ms)
✔ evidence runner records task ownership and preserves a failed child exit code (3714.9393ms)
✔ negative cases do not mutate the shared plan baseline (1.0408ms)
ℹ tests 19
ℹ suites 0
ℹ pass 19
ℹ fail 0
ℹ cancelled 0
ℹ skipped 0
ℹ todo 0
ℹ duration_ms 4016.0391
