{
  "before": {
    "recorder_repository": {
      "identity_status": "VERIFIED",
      "head": "5bc27e072a7c5349909fcf9068257b474813774f",
      "branch": "master",
      "worktree_digest": "bf8d7632d26a583db684feb85af6b1737681014d44e8046c5d68fa49cf22e995"
    },
    "recorder_exit_code": 0,
    "independent_sha256": {
      "apps/api/main.py": "585c93666fcb046b7b264d3fa73202aa2a38254ae82a4b3ba19e873c2d5a9886",
      "apps/web/extra.ts": null
    },
    "evidence_relative_path": "docs/implementation/evidence/sg-051-before-change-2026-09-21T16-59-45-582Z.json"
  },
  "after": {
    "recorder_repository": {
      "identity_status": "VERIFIED",
      "head": "5bc27e072a7c5349909fcf9068257b474813774f",
      "branch": "master",
      "worktree_digest": "bf8d7632d26a583db684feb85af6b1737681014d44e8046c5d68fa49cf22e995"
    },
    "recorder_exit_code": 0,
    "independent_sha256": {
      "apps/api/main.py": "a8f6c52a868fef0dec10e74fb630ae705603aa4fa5e1f29cf6d25df64c770d9b",
      "apps/web/extra.ts": "dfb8cba1be1d89dd4634a9c2b0cb57ee57a1f54ba504b3be4c7108d45a63d07b"
    },
    "evidence_relative_path": "docs/implementation/evidence/sg-051-after-change-2026-09-21T16-59-46-073Z.json"
  }
}
