✖ missing source removes only previously packaged exact tool, preserving unrelated files (21.9926ms)
ℹ tests 1
ℹ suites 0
ℹ pass 0
ℹ fail 1
ℹ cancelled 0
ℹ skipped 0
ℹ todo 0
ℹ duration_ms 114.4136

✖ failing tests:

test at tests\bootstrap\tool-package.test.mjs:8:1
✖ missing source removes only previously packaged exact tool, preserving unrelated files (21.9926ms)
  AssertionError [ERR_ASSERTION]: Missing expected rejection.
      at async TestContext.<anonymous> (file:///G:/StackGate/tests/bootstrap/tool-package.test.mjs:16:2)
      at async Test.run (node:internal/test_runner/test:1113:7)
      at async startSubtestAfterBootstrap (node:internal/test_runner/harness:358:3) {
    generatedMessage: false,
    code: 'ERR_ASSERTION',
    actual: undefined,
    expected: { code: 'ENOENT' },
    operator: 'rejects',
    diff: 'simple'
  }
