
 RUN  v4.0.18 G:/StackGate

 ❯ tests/unit/config/execution-inputs.test.ts (3 tests | 3 failed) 33ms
   × requires unique concrete relative ignored input paths: {"inputs":["apps/web/*.json"]} 18ms
   × requires unique concrete relative ignored input paths: {"inputs":["apps/web/fixture.json","apps/web/fixture.json"]} 8ms
   × requires unique concrete relative ignored input paths: {"inputs":["../outside.json"]} 7ms

⎯⎯⎯⎯⎯⎯⎯ Failed Tests 3 ⎯⎯⎯⎯⎯⎯⎯

 FAIL  tests/unit/config/execution-inputs.test.ts > requires unique concrete relative ignored input paths: {"inputs":["apps/web/*.json"]}
 FAIL  tests/unit/config/execution-inputs.test.ts > requires unique concrete relative ignored input paths: {"inputs":["apps/web/fixture.json","apps/web/fixture.json"]}
 FAIL  tests/unit/config/execution-inputs.test.ts > requires unique concrete relative ignored input paths: {"inputs":["../outside.json"]}
AssertionError: expected error to match asymmetric matcher

- Expected
+ Received

- ObjectContaining {
-   "exit_code": 64,
+ Error {
+   "message": "strict mode: missing type \"string\" for keyword \"pattern\" at \"https://stackgate.local/schemas/0.1/project-config.schema.json#/properties/security/properties/required_ignored_inputs/items\" (strictTypes)",
  }

 ❯ tests/unit/config/execution-inputs.test.ts:7:92


⎯⎯⎯⎯⎯⎯⎯⎯⎯⎯⎯⎯⎯⎯⎯⎯⎯⎯⎯⎯⎯⎯⎯⎯[1/3]⎯


 Test Files  1 failed (1)
      Tests  3 failed (3)
   Start at  21:44:39
   Duration  776ms (transform 142ms, setup 0ms, import 501ms, tests 33ms, environment 0ms)

