$ node scripts/verify-stage.mjs "--" "--stage" "M1"
Stage check: node scripts/verify-source.mjs
{
  "sources": [
    {
      "original": "StackGate_功能与架构设计_v0.1.md",
      "retained": "docs/specs/stackgate-v0.1.md",
      "sha256": "56b349eda55673090dee2c611baa250b90f1afa5a3f85a0e78c670fa553af8a9",
      "expected_sha256": "56b349eda55673090dee2c611baa250b90f1afa5a3f85a0e78c670fa553af8a9",
      "bytes": 73743
    },
    {
      "original": "StackGate_Codex可执行开发任务规划_v0.1.md",
      "retained": "docs/plans/2026-09-18-stackgate-v0.1-execution.md",
      "sha256": "faca196c04dd4a420046415e1bce49411f2fc3e42d54c70859647da904133e17",
      "expected_sha256": null,
      "bytes": 335286
    }
  ],
  "errors": []
}
Stage check: node scripts/verify-tasks.mjs
Validated 100 tasks, dependencies, states, files and recorded evidence.
Stage check: node scripts/verify-schemas.mjs
Validated 7 OpenAPI documents and strict fixture response schemas (no network at verification time)
Validated 23 schemas, 19 fixtures, generated type drift: none
Stage check: node scripts/verify-boundaries.mjs
Verified module boundaries for 109 product source files using the TypeScript AST.
Stage check: node scripts/build.mjs
Built: cli, contracts, core
Stage check: node node_modules/typescript/bin/tsc --noEmit
Stage check: node scripts/test-unit.mjs

 RUN  v4.0.18 G:/StackGate

 ✓ tests/unit/storage/paths.test.ts (27 tests) 156ms
 ✓ tests/unit/tool-registry.test.ts (4 tests) 199ms
 ✓ tests/unit/storage/atomic-write.test.ts (6 tests) 231ms
 ✓ tests/unit/freshness.test.ts (46 tests) 8ms
 ✓ tests/unit/impact/selection.test.ts (6 tests) 18ms
 ✓ tests/unit/gate/acceptance-boundaries.test.ts (11 tests) 8ms
 ✓ tests/unit/gate/truth-table.test.ts (22 tests) 11ms
 ✓ tests/unit/gate/exit-priority.test.ts (65 tests) 19ms
 ✓ tests/unit/openapi/safe-loader.test.ts (60 tests) 119ms
 ✓ tests/unit/contracts/primitives.test.ts (13 tests) 86ms
 ✓ tests/unit/contracts/run-schema.test.ts (24 tests) 160ms
 ✓ tests/unit/openapi/three-way.test.ts (10 tests) 8ms
 ✓ tests/unit/impact/typescript.test.ts (6 tests) 29ms
 ✓ tests/unit/storage/hash.test.ts (17 tests) 7ms
 ✓ tests/unit/policy/drift.test.ts (7 tests) 11ms
 ✓ tests/unit/contracts/config-schema.test.ts (9 tests) 102ms
 ✓ tests/unit/impact/mappings.test.ts (6 tests) 14ms
 ✓ tests/unit/config/merge.test.ts (3 tests) 5ms
 ✓ tests/unit/openapi/public-scan-report.test.ts (1 test) 6ms
 ✓ tests/unit/contracts/task-schema.test.ts (17 tests) 76ms
 ✓ tests/unit/config/parse.test.ts (7 tests) 79ms
 ✓ tests/unit/select-checks.test.ts (6 tests) 74ms
 ✓ tests/unit/config/execution-inputs.test.ts (3 tests) 66ms
 ✓ tests/unit/fixtures.test.ts (10 tests) 715ms
   ✓ validates all OpenAPI documents against the retained official document schema and strict response schemas  627ms
 ✓ tests/unit/openapi/runtime-validator.test.ts (23 tests) 372ms
 ✓ tests/unit/config/init-safety.test.ts (6 tests) 211ms
 ✓ tests/unit/bootstrap.test.ts (5 tests) 2540ms
   ✓ built help is executable without a TypeScript runtime  450ms
   ✓ rejects unsupported arguments and combinations with exit 64  1221ms
   ✓ an empty test selection exits nonzero  610ms
 ✓ tests/unit/ports.test.ts (27 tests) 5735ms
   ✓ runs the AST checker and rejects domain IO  554ms
   ✓ runs the AST checker and rejects domain dynamic IO  544ms
   ✓ runs the AST checker and rejects domain time  470ms
   ✓ runs the AST checker and rejects domain date constructor  312ms
   ✓ runs the AST checker and rejects domain console IO  305ms
   ✓ runs the AST checker and rejects reporter computed execution  310ms
   ✓ runs the AST checker and rejects reporter destructured execution  302ms
   ✓ rejects IO reached indirectly through a domain helper  300ms

 Test Files  28 passed (28)
      Tests  447 passed (447)
   Start at  21:46:56
   Duration  6.79s (transform 2.80s, setup 0ms, import 15.91s, tests 11.07s, environment 4ms)

✔ audit records retain actual child failure and repository identity (353.0204ms)
✔ built CLI help exposes only implemented commands (279.0897ms)
✔ unknown CLI option returns configuration error (257.2841ms)
✔ plan has 100 unique sequential tasks and original dependencies (2.2039ms)
✔ rejects duplicate ID (0.7276ms)
✔ rejects missing dependency (0.6464ms)
✔ rejects dependency cycle (0.8922ms)
✔ rejects DONE without evidence (0.567ms)
✔ rejects illegal status (0.6845ms)
✔ rejects early READY (0.7148ms)
✔ rejects missing task (0.9355ms)
✔ rejects absolute file path (1.0976ms)
✔ rejects absolute evidence path (0.6386ms)
✔ rejects traversal evidence path (0.5091ms)
✔ rejects failed-only DONE (3.0867ms)
✔ source is preserved byte-for-byte and matches the supplied SHA-256 (2.0657ms)
✔ source inspection rejects missing or changed content (1.2407ms)
✔ verify-tasks CLI returns nonzero and identifies the task with SG-999 dependency (77.7913ms)
✔ DONE requires actual implementation files even with valid task evidence (1.4763ms)
✔ DONE cannot borrow another task successful evidence (34.4728ms)
✔ evidence runner records task ownership and preserves a failed child exit code (321.5602ms)
✔ negative cases do not mutate the shared plan baseline (0.7912ms)
✔ M1 requires every M0 check, actual integration checks and the real oasdiff capability (3.6085ms)
✔ M0 rejects removed, duplicate and arbitrary shell checks (0.1447ms)
✔ unknown tools block any stage requiring them (0.1698ms)
✔ a real failed child command propagates its exit and retains its identity (89.2095ms)
✔ missing source removes only previously packaged exact tool, preserving unrelated files (19.0009ms)
ℹ tests 27
ℹ suites 0
ℹ pass 27
ℹ fail 0
ℹ cancelled 0
ℹ skipped 0
ℹ todo 0
ℹ duration_ms 635.6351
Stage check: node node_modules/eslint/bin/eslint.js .
Stage check: node node_modules/vitest/vitest.mjs run tests/contract

 RUN  v4.0.18 G:/StackGate

stdout | tests/contract/oasdiff.test.ts > SG020 real pinned oasdiff adapter > retains real version, raw IDs, raw JSON, original hashes and business exit status
{"fixture":"type-change","status":"FAIL","evidence":[{"command":"version","argv":["--version"],"stdout":"oasdiff version 1.32.1\n","stderr":"","exit_code":0,"signal":null,"version":"1.32.1","executable_sha256":"sha256:cce550834cddfa7584a5cfde8deb2a6a57effcbc445f040f4f7ac37da47e8173"},{"command":"breaking","argv":["breaking","C:\\Users\\17894\\AppData\\Local\\Temp\\stackgate-oasdiff-yWrsPF\\base.json","C:\\Users\\17894\\AppData\\Local\\Temp\\stackgate-oasdiff-yWrsPF\\target.json","--format","json","--allow-external-refs=false","--config","C:\\Users\\17894\\AppData\\Local\\Temp\\stackgate-oasdiff-yWrsPF\\oasdiff-config.json","--include-path-params","--auto-upgrade=false","--flatten-allof=false","--flatten-params=false","--fail-on","WARN"],"stdout":"[{\"id\":\"response-property-type-changed\",\"text\":\"the `data/performance/total_return` response's property `type` changed from `number` to `string` for status `200`\",\"level\":3,\"operation\":\"GET\",\"operationId\":\"getPerformance\",\"path\":\"/api/performance\",\"section\":\"paths\",\"fingerprint\":\"d4e087392f73\"}]\n","stderr":"","exit_code":1,"signal":null,"version":"1.32.1","executable_sha256":"sha256:cce550834cddfa7584a5cfde8deb2a6a57effcbc445f040f4f7ac37da47e8173","base_hash":"sha256:1a38de0d66d791dec4cc7ae6b3f9f2ae0aa3410ae7bbcb0c3bfd88cdf45aae8d","target_hash":"sha256:f5f78132329e73893ece7250514bd54906ed2db56e6a2215b261a0bff307f41d","audited_base_hash":"sha256:4fccf8fb30c0e712fcdfad06bd978906b22366af4532b8cd640c98061ad085bd","audited_target_hash":"sha256:a2527f9b8b2b416b0fd7292de08c7e1a9385819f41ed5ffb12132d46c67ab851"}]}

 ✓ tests/contract/toolchain.test.ts (5 tests) 1746ms
   ✓ runs real TypeScript program and compiler CLI diagnostics  1050ms
   ✓ build declarations are actually consumable with strict type checking  540ms
 ✓ tests/contract/oasdiff.test.ts (31 tests) 2170ms
     ✓ retains structural diff and distinguishes real empty diff  394ms

 Test Files  2 passed (2)
      Tests  36 passed (36)
   Start at  21:47:07
   Duration  2.87s (transform 208ms, setup 0ms, import 1.12s, tests 3.92s, environment 0ms)

Stage check: node node_modules/vitest/vitest.mjs run tests/integration

 RUN  v4.0.18 G:/StackGate

 ✓ tests/integration/cli/doctor.test.ts (5 tests) 3528ms
   ✓ rejects semantically missing check references in otherwise valid configuration  639ms
   ✓ inspects a Chinese project without running postinstall, Python imports or writing state  617ms
   ✓ returns precise invalid-config diagnostics and never scans a parent manifest  721ms
   ✓ reports conflicting configuration files rather than choosing one  578ms
   ✓ reports declared commands/workspaces missing without executing them  971ms
 ✓ tests/integration/contracts/three-way.test.ts (8 tests) 3065ms
     ✓ uses real compatibility while missing candidate/runtime remain NOT_EXECUTED  372ms
     ✓ rejects absent target behavior independently of mutual breaking checks  1091ms
     ✓ requires real confirmation hashes and grants no approval to a draft  775ms
     ✓ blocks target byte drift despite equal behavior and separates export errors  807ms
 ✓ tests/integration/cli/json-envelope.test.ts (6 tests) 5235ms
   ✓ unknown command and malformed arguments produce one JSON document with exit 64  1428ms
   ✓ configuration diagnostics have uniform envelope and retain doctor details  666ms
   ✓ ServiceError retains diagnostics and never prints a second document  550ms
   ✓ unexpected filesystem exceptions produce safe JSON without raw error details  507ms
   ✓ success carries structured data and does not invent a Gate decision  620ms
   ✓ help and version honor JSON mode while plain help stays readable  1462ms
 ✓ tests/integration/git/target-advance.test.ts (2 tests) 6199ms
   ✓ sees target advancement while preserving detached candidate identity and never fetching  2773ms
   ✓ invalidates untracked source changes at the same Git HEAD  3425ms
 ✓ tests/integration/oasdiff-relocation.test.ts (1 test) 11374ms
   ✓ copied built CLI uses only its relocated verified native tool  11372ms
 ✓ tests/integration/git/baseline.test.ts (8 tests) 13793ms
     ✓ pins actual merge base and advancing target with detached HEAD  2341ms
     ✓ rejects missing refs and option-like refs  1818ms
     ✓ treats leading dash directory as path and hashes local identities  1568ms
     ✓ fails explicitly when shallow history cannot establish a common ancestor  2134ms
     ✓ rejects unresolved merges  2413ms
     ✓ disables repository fsmonitor and ignores hostile inherited Git environment  1184ms
     ✓ reports nonrepository distinctly  601ms
     ✓ does not choose arbitrarily between multiple merge bases  1733ms
 ✓ tests/integration/scan-workspace-regression.test.ts (2 tests) 17566ms
   ✓ scan adds both workspace regressions and preserves task/profile checks and test IDs  14687ms
   ✓ scan retains uncovered workspace gaps when only one regression set exists  2877ms
 ✓ tests/integration/cli/static-workflow.test.ts (3 tests) 23365ms
   ✓ previews init without writes and applies only absent files preserving existing content  1561ms
   ✓ task and trust machine previews implement required data fields without running code  18516ms
   ✓ scan returns breaking data with exit zero and never claims runtime or gate success  3287ms
 ✓ tests/integration/stages/m1-audit-regressions.test.ts (1 test) 28938ms
   ✓ relocated CLI combines confirmed task, bounded trust inputs, workspace fallback and honest static results  28936ms
 ✓ tests/integration/stages/m1.test.ts (3 tests) 30800ms
   ✓ keeps changed unsupported workspace sources visible even with an explicit mapping file  5158ms
   ✓ all M1 entrypoints leave postinstall, JavaScript and Python sentinels unexecuted  19276ms
   ✓ reports no baseline, untracked Chinese consumers, changed target and unknown schema honestly  6364ms
 ✓ tests/integration/git/input-manifest.test.ts (16 tests) 40343ms
     ✓ emits schema-valid SafeIds in a real captured manifest  2702ms
     ✓ hashes final bytes B while keeping staged A and unstaged explanations  2511ms
     ✓ includes untracked source and dependency locks in input hash  4074ms
     ✓ retains tombstones for staged and unstaged deletions  2978ms
     ✓ explicitly includes ignored build inputs and diagnoses missing required inputs  3533ms
     ✓ excludes declared outputs and credential files with reasons  2546ms
     ✓ blocks oversized files, LFS pointers and unresolved generated inputs  3371ms
     ✓ blocks submodules and out-of-root directory links  2584ms
     ✓ keeps documentation as input unless explicitly excluded  2363ms
     ✓ respects nested ignore rules during safe directory enumeration  1934ms
     ✓ does not run configured external diff or text conversion commands  1673ms
     ✓ keeps task payload changes but excludes only StackGate state artifacts  3111ms
     ✓ detects index entries whose object is missing  1548ms
     ✓ hashes binary and CRLF bytes without normalizing them  1353ms
     ✓ does not execute configured clean filters while computing dirty changes  1525ms
     ✓ blocks CRLF LFS pointers and emulated symlink checkouts  2534ms
 ✓ tests/integration/tasks/confirm.test.ts (10 tests) 47724ms
   ✓ does not treat a YAML CONFIRMED status as a confirmation record  3803ms
   ✓ confirms exact input into an immutable revision and repeats idempotently  9452ms
   ✓ rejects missing authorization, a changed target and mutated protected inputs  7195ms
   ✓ returns a null digest for missing target/check references  900ms
   ✓ rejects changes during confirm and never seals a stale revision  5541ms
   ✓ rejects tampered immutable target and forces a new revision for changed task content  8246ms
   ✓ binds ignored protected inputs into the reviewed confirmation digest  5015ms
   ✓ rejects tampered task-derived preview fields and sealed local identity  5878ms
   ✓ rejects unsupported root-leading protected globs instead of omitting ignored files  1028ms
   ✓ rejects a required operation naming a service other than the target contract service  664ms
 ✓ tests/integration/trust/input-scope.test.ts (7 tests) 53835ms
   ✓ ignored dependencies and untracked generated caches do not alter trust or get recursively read  8415ms
   ✓ tracked generated-looking source, untracked source, and dependency identities each change trust  22602ms
   ✓ direct ignored dist script is retained without reading sibling generated files  7946ms
   ✓ explicit ignored required files bind bytes and reject missing or secret-bearing inputs  8402ms
   ✓ ordinary ignored .env bytes do not enter preview or change digest  4845ms
   ✓ rejects command directory entry points whose concrete executed inputs are unknown  825ms
   ✓ explicit command input through an escaping directory link is rejected  793ms
 ✓ tests/integration/trust/review.test.ts (9 tests) 92144ms
   ✓ does not recognize mismatched grant IDs or permission scopes as trusted  21800ms
   ✓ refuses a script whose bytes are excluded by the credential-input policy  3347ms
   ✓ renews an expired matching record and preserves unrelated or concurrently changed records  21337ms
   ✓ rejects external script arguments and binds ignored scripts outside workspaces  11047ms
   ✓ binds inline code as arguments without interpreting code fragments as paths  2491ms
   ✓ binds resolved tool identity without launching it  6318ms
   ✓ previews names only and never trusts without explicit reviewed authorization  2502ms
   ✓ stores outside repository, binds scripts, arguments and origins, and does not become CI trust  13433ms
   ✓ refuses repository-contained trust stores and copying trust into another checkout  9864ms

 Test Files  14 passed (14)
      Tests  81 passed (81)
   Start at  21:47:10
   Duration  94.17s (transform 2.03s, setup 0ms, import 8.54s, tests 377.91s, environment 2ms)

M1 stage exit=0; child command evidence: docs/implementation/evidence/m1-stage-2026-09-20T13-48-44-921Z.json
