
 RUN  v4.0.18 G:/StackGate

 ❯ tests/integration/tasks/confirm.test.ts (10 tests | 3 failed | 6 skipped) 16275ms
   ↓ does not treat a YAML CONFIRMED status as a confirmation record
   ↓ confirms exact input into an immutable revision and repeats idempotently
   ↓ rejects missing authorization, a changed target and mutated protected inputs
   ↓ returns a null digest for missing target/check references
   ↓ rejects changes during confirm and never seals a stale revision
   ↓ rejects tampered immutable target and forces a new revision for changed task content
   × binds ignored protected inputs into the reviewed confirmation digest 4164ms
   × rejects tampered task-derived preview fields and sealed local identity 7720ms
   × rejects unsupported root-leading protected globs instead of omitting ignored files 3448ms
   ✓ rejects a required operation naming a service other than the target contract service  941ms

⎯⎯⎯⎯⎯⎯⎯ Failed Tests 3 ⎯⎯⎯⎯⎯⎯⎯

 FAIL  tests/integration/tasks/confirm.test.ts > binds ignored protected inputs into the reviewed confirmation digest
AssertionError: expected '1425d7c615a8871debe2d747a1d2ba1e849e1…' not to be '1425d7c615a8871debe2d747a1d2ba1e849e1…' // Object.is equality
 ❯ tests/integration/tasks/confirm.test.ts:56:124
     54|     await fs.writeFile(path.join(repo.root,'.gitignore'),'tests/accept…
     55|     const before=await service.validate(repo.taskFile);expect(before.v…
     56|     const after=await service.validate(repo.taskFile);expect(after.val…
       |                                                                                                                            ^
     57|     await expect(service.confirm(repo.taskFile,before.confirmation_dig…
     58|   }finally{await repo.cleanup();}

⎯⎯⎯⎯⎯⎯⎯⎯⎯⎯⎯⎯⎯⎯⎯⎯⎯⎯⎯⎯⎯⎯⎯⎯[1/3]⎯

 FAIL  tests/integration/tasks/confirm.test.ts > rejects tampered task-derived preview fields and sealed local identity
AssertionError: promise resolved "{ task: { …(13) }, …(5) }" instead of rejecting

- Expected
+ Received

- Error {
-   "message": "rejected promise",
+ {
+   "confirmation": {
+     "confirmation_source": "local-review",
+     "confirmed_at": "2026-09-20T02:45:27.194Z",
+     "payload_hash": "a8774d493ea99deea318bebc853a3561bb10ee210a50b0b3d087d7402ec8e881",
+     "protected_input_hash": "c17f904844150f98ea6211ff06c30a3bcd2c6a0dad82c790edcab24fc6de4f32",
+     "revision": 1,
+     "schema_version": "0.1",
+     "target_hashes": {
+       "api": "1a38de0d66d791dec4cc7ae6b3f9f2ae0aa3410ae7bbcb0c3bfd88cdf45aae8d",
+     },
+     "task_id": "performance",
+   },
+   "confirmation_digest": "7c0933204956ed426f9a7b5f7ea53e5142650b604757d480c1af7e98afc5f747",
+   "preview": {
+     "configuration_hash": "a8b04be87589d1ad2df6629bc5f1d30c5b33a6ec42eec2a1a38234b7dfcb5497",
+     "expected_behavior": [
+       "页面读取 data.performance.total_return",
+       "缺失数据时展示明确空状态，不显示 NaN",
+     ],
+     "payload_hash": "a8774d493ea99deea318bebc853a3561bb10ee210a50b0b3d087d7402ec8e881",
+     "protected_input_hash": "c17f904844150f98ea6211ff06c30a3bcd2c6a0dad82c790edcab24fc6de4f32",
+     "repo_id": "c7a49fddac83160f4eb4ab9414a04b13dfebd3fce2be5bf74410209b446bb2b0",
+     "required_checks": [],
+     "required_test_ids": [
+       "performance-summary",
+     ],
+     "revision": 1,
+     "target_contract": "contracts/openapi.json",
+     "target_hash": "1a38de0d66d791dec4cc7ae6b3f9f2ae0aa3410ae7bbcb0c3bfd88cdf45aae8d",
+     "task_id": "performance",
+     "worktree_id": "388c8ca6098cbc01397ea51f80260b76580e315b20f1254a0b48605b81aa595b",
+   },
+   "protected_inputs": {
+     "files": [
+       {
+         "digest": "ebb95690dc8445285071592a04dbf28b66707c265bbef5fd1a3a4e486b5258fc",
+         "kind": "file",
+         "mode": "100644",
+         "relative_path": ".stackgate/tasks/performance.json",
+       },
+       {
+         "digest": "1a38de0d66d791dec4cc7ae6b3f9f2ae0aa3410ae7bbcb0c3bfd88cdf45aae8d",
+         "kind": "file",
+         "mode": "100644",
+         "relative_path": "contracts/openapi.json",
+       },
+       {
+         "digest": "3f62d9392cc8809938d491a29bfcedbd49ca39a725943c4c07863b39e0f0e16d",
+         "kind": "file",
+         "mode": "100644",
+         "relative_path": "tests/acceptance/performance.test.ts",
+       },
+     ],
+     "patterns": [
+       ".stackgate/tasks/**",
+       "contracts/**",
+       "tests/acceptance/**",
+       ".stackgate/tasks/performance.json",
+       "contracts/openapi.json",
+     ],
+   },
+   "target_bytes": {
+     "data": [
+       123,
+       10,
+       32,
+       32,
+       34,
+       111,
+       112,
+       101,
+       110,
+       97,
+       112,
+       105,
+       34,
+       58,
+       32,
+       34,
+       51,
+       46,
+       49,
+       46,
+       49,
+       34,
+       44,
+       10,
+       32,
+       32,
+       34,
+       105,
+       110,
+       102,
+       111,
+       34,
+       58,
+       32,
+       123,
+       10,
+       32,
+       32,
+       32,
+       32,
+       34,
+       116,
+       105,
+       116,
+       108,
+       101,
+       34,
+       58,
+       32,
+       34,
+       83,
+       116,
+       97,
+       99,
+       107,
+       71,
+       97,
+       116,
+       101,
+       32,
+       115,
+       121,
+       110,
+       116,
+       104,
+       101,
+       116,
+       105,
+       99,
+       32,
+       112,
+       101,
+       114,
+       102,
+       111,
+       114,
+       109,
+       97,
+       110,
+       99,
+       101,
+       32,
+       102,
+       105,
+       120,
+       116,
+       117,
+       114,
+       101,
+       34,
+       44,
+       10,
+       32,
+       32,
+       32,
+       32,
+       34,
+       118,
+       101,
+       114,
+       115,
+       105,
+       111,
+       110,
+       34,
+       58,
+       32,
+       34,
+       48,
+       46,
+       49,
+       46,
+       48,
+       34,
+       10,
+       32,
+       32,
+       125,
+       44,
+       10,
+       32,
+       32,
+       34,
+       112,
+       97,
+       116,
+       104,
+       115,
+       34,
+       58,
+       32,
+       123,
+       10,
+       32,
+       32,
+       32,
+       32,
+       34,
+       47,
+       97,
+       112,
+       105,
+       47,
+       112,
+       101,
+       114,
+       102,
+       111,
+       114,
+       109,
+       97,
+       110,
+       99,
+       101,
+       34,
+       58,
+       32,
+       123,
+       10,
+       32,
+       32,
+       32,
+       32,
+       32,
+       32,
+       34,
+       103,
+       101,
+       116,
+       34,
+       58,
+       32,
+       123,
+       10,
+       32,
+       32,
+       32,
+       32,
+       32,
+       32,
+       32,
+       32,
+       34,
+       111,
+       112,
+       101,
+       114,
+       97,
+       116,
+       105,
+       111,
+       110,
+       73,
+       100,
+       34,
+       58,
+       32,
+       34,
+       103,
+       101,
+       116,
+       80,
+       101,
+       114,
+       102,
+       111,
+       114,
+       109,
+       97,
+       110,
+       99,
+       101,
+       34,
+       44,
+       10,
+       32,
+       32,
+       32,
+       32,
+       32,
+       32,
+       32,
+       32,
+       34,
+       114,
+       101,
+       115,
+       112,
+       111,
+       110,
+       115,
+       101,
+       115,
+       34,
+       58,
+       32,
+       123,
+       10,
+       32,
+       32,
+       32,
+       32,
+       32,
+       32,
+       32,
+       32,
+       32,
+       32,
+       34,
+       50,
+       48,
+       48,
+       34,
+       58,
+       32,
+       123,
+       10,
+       32,
+       32,
+       32,
+       32,
+       32,
+       32,
+       32,
+       32,
+       32,
+       32,
+       32,
+       32,
+       34,
+       100,
+       101,
+       115,
+       99,
+       114,
+       105,
+       112,
+       116,
+       105,
+       111,
+       110,
+       34,
+       58,
+       32,
+       34,
+       83,
+       121,
+       110,
+       116,
+       104,
+       101,
+       116,
+       105,
+       99,
+       32,
+       116,
+       111,
+       116,
+       97,
+       108,
+       32,
+       114,
+       101,
+       116,
+       117,
+       114,
+       110,
+       59,
+       32,
+       110,
+       111,
+       32,
+       102,
+       105,
+       110,
+       97,
+       110,
+       99,
+       105,
+       97,
+       108,
+       32,
+       97,
+       99,
+       99,
+       111,
+       117,
+       110,
+       116,
+       32,
+       111,
+       114,
+       32,
+       112,
+       114,
+       111,
+       100,
+       117,
+       99,
+       116,
+       105,
+       111,
+       110,
+       32,
+       100,
+       97,
+       116,
+       97,
+       34,
+       44,
+       10,
+       32,
+       32,
+       32,
+       32,
+       32,
+       32,
+       32,
+       32,
+       32,
+       32,
+       32,
+       32,
+       34,
+       99,
+       111,
+       110,
+       116,
+       101,
+       110,
+       116,
+       34,
+       58,
+       32,
+       123,
+       10,
+       32,
+       32,
+       32,
+       32,
+       32,
+       32,
+       32,
+       32,
+       32,
+       32,
+       32,
+       32,
+       32,
+       32,
+       34,
+       97,
+       112,
+       112,
+       108,
+       105,
+       99,
+       97,
+       116,
+       105,
+       111,
+       110,
+       47,
+       106,
+       115,
+       111,
+       110,
+       34,
+       58,
+       32,
+       123,
+       10,
+       32,
+       32,
+       32,
+       32,
+       32,
+       32,
+       32,
+       32,
+       32,
+       32,
+       32,
+       32,
+       32,
+       32,
+       32,
+       32,
+       34,
+       115,
+       99,
+       104,
+       101,
+       109,
+       97,
+       34,
+       58,
+       32,
+       123,
+       10,
+       32,
+       32,
+       32,
+       32,
+       32,
+       32,
+       32,
+       32,
+       32,
+       32,
+       32,
+       32,
+       32,
+       32,
+       32,
+       32,
+       32,
+       32,
+       34,
+       116,
+       121,
+       112,
+       101,
+       34,
+       58,
+       32,
+       34,
+       111,
+       98,
+       106,
+       101,
+       99,
+       116,
+       34,
+       44,
+       10,
+       32,
+       32,
+       32,
+       32,
+       32,
+       32,
+       32,
+       32,
+       32,
+       32,
+       32,
+       32,
+       32,
+       32,
+       32,
+       32,
+       32,
+       32,
+       34,
+       112,
+       114,
+       111,
+       112,
+       101,
+       114,
+       116,
+       105,
+       101,
+       115,
+       34,
+       58,
+       32,
+       123,
+       10,
+       32,
+       32,
+       32,
+       32,
+       32,
+       32,
+       32,
+       32,
+       32,
+       32,
+       32,
+       32,
+       32,
+       32,
+       32,
+       32,
+       32,
+       32,
+       32,
+       32,
+       34,
+       100,
+       97,
+       116,
+       97,
+       34,
+       58,
+       32,
+       123,
+       10,
+       32,
+       32,
+       32,
+       32,
+       32,
+       32,
+       32,
+       32,
+       32,
+       32,
+       32,
+       32,
+       32,
+       32,
+       32,
+       32,
+       32,
+       32,
+       32,
+       32,
+       32,
+       32,
+       34,
+       116,
+       121,
+       112,
+       101,
+       34,
+       58,
+       32,
+       34,
+       111,
+       98,
+       106,
+       101,
+       99,
+       116,
+       34,
+       44,
+       10,
+       32,
+       32,
+       32,
+       32,
+       32,
+       32,
+       32,
+       32,
+       32,
+       32,
+       32,
+       32,
+       32,
+       32,
+       32,
+       32,
+       32,
+       32,
+       32,
+       32,
+       32,
+       32,
+       34,
+       112,
+       114,
+       111,
+       112,
+       101,
+       114,
+       116,
+       105,
+       101,
+       115,
+       34,
+       58,
+       32,
+       123,
+       10,
+       32,
+       32,
+       32,
+       32,
+       32,
+       32,
+       32,
+       32,
+       32,
+       32,
+       32,
+       32,
+       32,
+       32,
+       32,
+       32,
+       32,
+       32,
+       32,
+       32,
+       32,
+       32,
+       32,
+       32,
+       34,
+       112,
+       101,
+       114,
+       102,
+       111,
+       114,
+       109,
+       97,
+       110,
+       99,
+       101,
+       34,
+       58,
+       32,
+       123,
+       10,
+       32,
+       32,
+       32,
+       32,
+       32,
+       32,
+       32,
+       32,
+       32,
+       32,
+       32,
+       32,
+       32,
+       32,
+       32,
+       32,
+       32,
+       32,
+       32,
+       32,
+       32,
+       32,
+       32,
+       32,
+       32,
+       32,
+       34,
+       116,
+       121,
+       112,
+       101,
+       34,
+       58,
+       32,
+       34,
+       111,
+       98,
+       106,
+       101,
+       99,
+       116,
+       34,
+       44,
+       10,
+       32,
+       32,
+       32,
+       32,
+       32,
+       32,
+       32,
+       32,
+       32,
+       32,
+       32,
+       32,
+       32,
+       32,
+       32,
+       32,
+       32,
+       32,
+       32,
+       32,
+       32,
+       32,
+       32,
+       32,
+       32,
+       32,
+       34,
+       112,
+       114,
+       111,
+       112,
+       101,
+       114,
+       116,
+       105,
+       101,
+       115,
+       34,
+       58,
+       32,
+       123,
+       10,
+       32,
+       32,
+       32,
+       32,
+       32,
+       32,
+       32,
+       32,
+       32,
+       32,
+       32,
+       32,
+       32,
+       32,
+       32,
+       32,
+       32,
+       32,
+       32,
+       32,
+       32,
+       32,
+       32,
+       32,
+       32,
+       32,
+       32,
+       32,
+       34,
+       116,
+       111,
+       116,
+       97,
+       108,
+       95,
+       114,
+       101,
+       116,
+       117,
+       114,
+       110,
+       34,
+       58,
+       32,
+       123,
+       10,
+       32,
+       32,
+       32,
+       32,
+       32,
+       32,
+       32,
+       32,
+       32,
+       32,
+       32,
+       32,
+       32,
+       32,
+       32,
+       32,
+       32,
+       32,
+       32,
+       32,
+       32,
+       32,
+       32,
+       32,
+       32,
+       32,
+       32,
+       32,
+       32,
+       32,
+       34,
+       116,
+       121,
+       112,
+       101,
+       34,
+       58,
+       32,
+       34,
+       110,
+       117,
+       109,
+       98,
+       101,
+       114,
+       34,
+       10,
+       32,
+       32,
+       32,
+       32,
+       32,
+       32,
+       32,
+       32,
+       32,
+       32,
+       32,
+       32,
+       32,
+       32,
+       32,
+       32,
+       32,
+       32,
+       32,
+       32,
+       32,
+       32,
+       32,
+       32,
+       32,
+       32,
+       32,
+       32,
+       125,
+       10,
+       32,
+       32,
+       32,
+       32,
+       32,
+       32,
+       32,
+       32,
+       32,
+       32,
+       32,
+       32,
+       32,
+       32,
+       32,
+       32,
+       32,
+       32,
+       32,
+       32,
+       32,
+       32,
+       32,
+       32,
+       32,
+       32,
+       125,
+       44,
+       10,
+       32,
+       32,
+       32,
+       32,
+       32,
+       32,
+       32,
+       32,
+       32,
+       32,
+       32,
+       32,
+       32,
+       32,
+       32,
+       32,
+       32,
+       32,
+       32,
+       32,
+       32,
+       32,
+       32,
+       32,
+       32,
+       32,
+       34,
+       114,
+       101,
+       113,
+       117,
+       105,
+       114,
+       101,
+       100,
+       34,
+       58,
+       32,
+       91,
+       10,
+       32,
+       32,
+       32,
+       32,
+       32,
+       32,
+       32,
+       32,
+       32,
+       32,
+       32,
+       32,
+       32,
+       32,
+       32,
+       32,
+       32,
+       32,
+       32,
+       32,
+       32,
+       32,
+       32,
+       32,
+       32,
+       32,
+       32,
+       32,
+       34,
+       116,
+       111,
+       116,
+       97,
+       108,
+       95,
+       114,
+       101,
+       116,
+       117,
+       114,
+       110,
+       34,
+       10,
+       32,
+       32,
+       32,
+       32,
+       32,
+       32,
+       32,
+       32,
+       32,
+       32,
+       32,
+       32,
+       32,
+       32,
+       32,
+       32,
+       32,
+       32,
+       32,
+       32,
+       32,
+       32,
+       32,
+       32,
+       32,
+       32,
+       93,
+       44,
+       10,
+       32,
+       32,
+       32,
+       32,
+       32,
+       32,
+       32,
+       32,
+       32,
+       32,
+       32,
+       32,
+       32,
+       32,
+       32,
+       32,
+       32,
+       32,
+       32,
+       32,
+       32,
+       32,
+       32,
+       32,
+       32,
+       32,
+       34,
+       97,
+       100,
+       100,
+       105,
+       116,
+       105,
+       111,
+       110,
+       97,
+       108,
+       80,
+       114,
+       111,
+       112,
+       101,
+       114,
+       116,
+       105,
+       101,
+       115,
+       34,
+       58,
+       32,
+       102,
+       97,
+       108,
+       115,
+       101,
+       10,
+       32,
+       32,
+       32,
+       32,
+       32,
+       32,
+       32,
+       32,
+       32,
+       32,
+       32,
+       32,
+       32,
+       32,
+       32,
+       32,
+       32,
+       32,
+       32,
+       32,
+       32,
+       32,
+       32,
+       32,
+       125,
+       10,
+       32,
+       32,
+       32,
+       32,
+       32,
+       32,
+       32,
+       32,
+       32,
+       32,
+       32,
+       32,
+       32,
+       32,
+       32,
+       32,
+       32,
+       32,
+       32,
+       32,
+       32,
+       32,
+       125,
+       44,
+       10,
+       32,
+       32,
+       32,
+       32,
+       32,
+       32,
+       32,
+       32,
+       32,
+       32,
+       32,
+       32,
+       32,
+       32,
+       32,
+       32,
+       32,
+       32,
+       32,
+       32,
+       32,
+       32,
+       34,
+       114,
+       101,
+       113,
+       117,
+       105,
+       114,
+       101,
+       100,
+       34,
+       58,
+       32,
+       91,
+       10,
+       32,
+       32,
+       32,
+       32,
+       32,
+       32,
+       32,
+       32,
+       32,
+       32,
+       32,
+       32,
+       32,
+       32,
+       32,
+       32,
+       32,
+       32,
+       32,
+       32,
+       32,
+       32,
+       32,
+       32,
+       34,
+       112,
+       101,
+       114,
+       102,
+       111,
+       114,
+       109,
+       97,
+       110,
+       99,
+       101,
+       34,
+       10,
+       32,
+       32,
+       32,
+       32,
+       32,
+       32,
+       32,
+       32,
+       32,
+       32,
+       32,
+       32,
+       32,
+       32,
+       32,
+       32,
+       32,
+       32,
+       32,
+       32,
+       32,
+       32,
+       93,
+       44,
+       10,
+       32,
+       32,
+       32,
+       32,
+       32,
+       32,
+       32,
+       32,
+       32,
+       32,
+       32,
+       32,
+       32,
+       32,
+       32,
+       32,
+       32,
+       32,
+       32,
+       32,
+       32,
+       32,
+       34,
+       97,
+       100,
+       100,
+       105,
+       116,
+       105,
+       111,
+       110,
+       97,
+       108,
+       80,
+       114,
+       111,
+       112,
+       101,
+       114,
+       116,
+       105,
+       101,
+       115,
+       34,
+       58,
+       32,
+       102,
+       97,
+       108,
+       115,
+       101,
+       10,
+       32,
+       32,
+       32,
+       32,
+       32,
+       32,
+       32,
+       32,
+       32,
+       32,
+       32,
+       32,
+       32,
+       32,
+       32,
+       32,
+       32,
+       32,
+       32,
+       32,
+       125,
+       10,
+       32,
+       32,
+       32,
+       32,
+       32,
+       32,
+       32,
+       32,
+       32,
+       32,
+       32,
+       32,
+       32,
+       32,
+       32,
+       32,
+       32,
+       32,
+       125,
+       44,
+       10,
+       32,
+       32,
+       32,
+       32,
+       32,
+       32,
+       32,
+       32,
+       32,
+       32,
+       32,
+       32,
+       32,
+       32,
+       32,
+       32,
+       32,
+       32,
+       34,
+       114,
+       101,
+       113,
+       117,
+       105,
+       114,
+       101,
+       100,
+       34,
+       58,
+       32,
+       91,
+       10,
+       32,
+       32,
+       32,
+       32,
+       32,
+       32,
+       32,
+       32,
+       32,
+       32,
+       32,
+       32,
+       32,
+       32,
+       32,
+       32,
+       32,
+       32,
+       32,
+       32,
+       34,
+       100,
+       97,
+       116,
+       97,
+       34,
+       10,
+       32,
+       32,
+       32,
+       32,
+       32,
+       32,
+       32,
+       32,
+       32,
+       32,
+       32,
+       32,
+       32,
+       32,
+       32,
+       32,
+       32,
+       32,
+       93,
+       44,
+       10,
+       32,
+       32,
+       32,
+       32,
+       32,
+       32,
+       32,
+       32,
+       32,
+       32,
+       32,
+       32,
+       32,
+       32,
+       32,
+       32,
+       32,
+       32,
+       34,
+       97,
+       100,
+       100,
+       105,
+       116,
+       105,
+       111,
+       110,
+       97,
+       108,
+       80,
+       114,
+       111,
+       112,
+       101,
+       114,
+       116,
+       105,
+       101,
+       115,
+       34,
+       58,
+       32,
+       102,
+       97,
+       108,
+       115,
+       101,
+       10,
+       32,
+       32,
+       32,
+       32,
+       32,
+       32,
+       32,
+       32,
+       32,
+       32,
+       32,
+       32,
+       32,
+       32,
+       32,
+       32,
+       125,
+       10,
+       32,
+       32,
+       32,
+       32,
+       32,
+       32,
+       32,
+       32,
+       32,
+       32,
+       32,
+       32,
+       32,
+       32,
+       125,
+       10,
+       32,
+       32,
+       32,
+       32,
+       32,
+       32,
+       32,
+       32,
+       32,
+       32,
+       32,
+       32,
+       125,
+       10,
+       32,
+       32,
+       32,
+       32,
+       32,
+       32,
+       32,
+       32,
+       32,
+       32,
+       125,
+       10,
+       32,
+       32,
+       32,
+       32,
+       32,
+       32,
+       32,
+       32,
+       125,
+       10,
+       32,
+       32,
+       32,
+       32,
+       32,
+       32,
+       125,
+       10,
+       32,
+       32,
+       32,
+       32,
+       125,
+       10,
+       32,
+       32,
+       125,
+       10,
+       125,
+       10,
+     ],
+     "type": "Buffer",
+   },
+   "task": {
+     "allowed_change_paths": [
+       "apps/web/src/**",
+       "apps/api/app/**",
+     ],
+     "compatibility": {
+       "approved_breaking_rules": [],
+       "mode": "preserve",
+     },
+     "constraints": {
+       "allow_production_targets": false,
+       "allow_test_deletion": false,
+       "preserve_target_contract": true,
+       "require_backend_observation": true,
+     },
+     "expected_behavior": [
+       "页面读取 data.performance.total_return",
+       "缺失数据时展示明确空状态，不显示 NaN",
+     ],
+     "goal": "页面正确展示目标接口中的累计收益率",
+     "required_checks": [
+       "contract",
+       "typecheck",
+       "unit",
+       "runtime",
+       "e2e",
+     ],
+     "required_operations": [
+       "GET /api/performance",
+     ],
+     "required_test_ids": [
+       "performance-summary",
+     ],
+     "revision": 1,
+     "schema_version": "0.1",
+     "status": "DRAFT",
+     "target_contract": "contracts/openapi.json",
+     "task_id": "performance",
+   },
  }

 ❯ tests/integration/tasks/confirm.test.ts:63:286


⎯⎯⎯⎯⎯⎯⎯⎯⎯⎯⎯⎯⎯⎯⎯⎯⎯⎯⎯⎯⎯⎯⎯⎯[2/3]⎯

 FAIL  tests/integration/tasks/confirm.test.ts > rejects unsupported root-leading protected globs instead of omitting ignored files
AssertionError: expected true to be false // Object.is equality

- Expected
+ Received

- false
+ true

 ❯ tests/integration/tasks/confirm.test.ts:68:96
     66| it('rejects unsupported root-leading protected globs instead of omitti…
     67|   const repo=await taskProject();try{repo.config.security.protected_in…
     68|     const result=await new TaskService(repo.root).validate(repo.taskFi…
       |                                                                                                ^
     69|   }finally{await repo.cleanup();}
     70| });

⎯⎯⎯⎯⎯⎯⎯⎯⎯⎯⎯⎯⎯⎯⎯⎯⎯⎯⎯⎯⎯⎯⎯⎯[3/3]⎯


 Test Files  1 failed (1)
      Tests  3 failed | 1 passed | 6 skipped (10)
   Start at  10:45:14
   Duration  17.43s (transform 318ms, setup 0ms, import 861ms, tests 16.28s, environment 0ms)

