$ node scripts/verify-stage.mjs "--" "--stage" "M0"
Stage check: node scripts/verify-source.mjs
{
  "sources": [
    {
      "original": "StackGate_功能与架构设计_v0.1.md",
      "retained": "docs/specs/stackgate-v0.1.md",
      "sha256": "56b349eda55673090dee2c611baa250b90f1afa5a3f85a0e78c670fa553af8a9",
      "expected_sha256": "56b349eda55673090dee2c611baa250b90f1afa5a3f85a0e78c670fa553af8a9",
      "bytes": 73743
    },
    {
      "original": "StackGate_Codex可执行开发任务规划_v0.1.md",
      "retained": "docs/plans/2026-09-18-stackgate-v0.1-execution.md",
      "sha256": "faca196c04dd4a420046415e1bce49411f2fc3e42d54c70859647da904133e17",
      "expected_sha256": null,
      "bytes": 335286
    }
  ],
  "errors": []
}
Stage check: node scripts/verify-tasks.mjs
Validated 100 tasks, dependencies, states, files and recorded evidence.
Stage check: node scripts/verify-schemas.mjs
Validated 7 OpenAPI documents and strict fixture response schemas (no network at verification time)
Validated 22 schemas, 19 fixtures, generated type drift: none
Stage check: node scripts/verify-boundaries.mjs
Verified module boundaries for 47 product source files using the TypeScript AST.
Stage check: node scripts/build.mjs
Built: cli, contracts, core
Stage check: node node_modules/typescript/bin/tsc --noEmit
Stage check: node scripts/test-unit.mjs

 RUN  v4.0.18 G:/StackGate

 ✓ tests/unit/gate/acceptance-boundaries.test.ts (11 tests) 18ms
 ✓ tests/unit/gate/truth-table.test.ts (22 tests) 26ms
 ✓ tests/unit/gate/exit-priority.test.ts (65 tests) 45ms
 ✓ tests/unit/contracts/primitives.test.ts (13 tests) 147ms
 ✓ tests/unit/contracts/run-schema.test.ts (24 tests) 246ms
 ✓ tests/unit/contracts/task-schema.test.ts (17 tests) 121ms
 ✓ tests/unit/contracts/config-schema.test.ts (9 tests) 182ms
 ✓ tests/unit/fixtures.test.ts (10 tests) 1089ms
   ✓ validates all OpenAPI documents against the retained official document schema and strict response schemas  893ms
 ✓ tests/unit/bootstrap.test.ts (5 tests) 2493ms
   ✓ rejects unsupported arguments and combinations with exit 64  497ms
   ✓ an empty test selection exits nonzero  1592ms
 ✓ tests/unit/ports.test.ts (27 tests) 11566ms
   ✓ runs the AST checker and rejects domain IO  940ms
   ✓ runs the AST checker and rejects domain dynamic IO  786ms
   ✓ runs the AST checker and rejects domain time  718ms
   ✓ runs the AST checker and rejects domain date constructor  627ms
   ✓ runs the AST checker and rejects domain environment  585ms
   ✓ runs the AST checker and rejects domain console IO  738ms
   ✓ runs the AST checker and rejects domain require alias  626ms
   ✓ runs the AST checker and rejects domain indirect random  663ms
   ✓ runs the AST checker and rejects domain spread clock  647ms
   ✓ runs the AST checker and rejects domain network  664ms
   ✓ runs the AST checker and rejects test fake import  611ms
   ✓ runs the AST checker and rejects reporter runner  642ms
   ✓ runs the AST checker and rejects reporter execution  795ms
   ✓ runs the AST checker and rejects reporter computed execution  636ms
   ✓ runs the AST checker and rejects reporter destructured execution  653ms
   ✓ rejects IO reached indirectly through a domain helper  588ms
   ✓ allows pure objects, type-only ports and words in comments or strings  630ms

 Test Files  10 passed (10)
      Tests  203 passed (203)
   Start at  09:32:06
   Duration  13.00s (transform 1.60s, setup 0ms, import 8.20s, tests 15.93s, environment 3ms)

✔ built CLI help exposes only implemented commands (157.0674ms)
✔ unknown CLI option returns configuration error (123.3155ms)
✔ plan has 100 unique sequential tasks and original dependencies (6.8733ms)
✔ rejects duplicate ID (2.587ms)
✔ rejects missing dependency (1.8512ms)
✔ rejects dependency cycle (1.8555ms)
✔ rejects DONE without evidence (2.7892ms)
✔ rejects illegal status (1.8407ms)
✔ rejects early READY (1.9151ms)
✔ rejects missing task (1.8472ms)
✔ rejects absolute file path (1.4422ms)
✔ rejects absolute evidence path (2.1302ms)
✔ rejects traversal evidence path (1.1753ms)
✔ rejects failed-only DONE (1.2815ms)
✔ source is preserved byte-for-byte and matches the supplied SHA-256 (3.9803ms)
✔ source inspection rejects missing or changed content (2.5452ms)
✔ verify-tasks CLI returns nonzero and identifies the task with SG-999 dependency (172.9347ms)
✔ DONE requires actual implementation files even with valid task evidence (2.4284ms)
✔ DONE cannot borrow another task successful evidence (79.0744ms)
✔ evidence runner records task ownership and preserves a failed child exit code (242.9696ms)
✔ negative cases do not mutate the shared plan baseline (1.6192ms)
✔ M0 rejects removed, duplicate and arbitrary shell checks (2.5532ms)
✔ unknown tools block any stage requiring them (1.452ms)
✔ a real failed child command propagates its exit and retains its identity (200.5323ms)
ℹ tests 24
ℹ suites 0
ℹ pass 24
ℹ fail 0
ℹ cancelled 0
ℹ skipped 0
ℹ todo 0
ℹ duration_ms 784.0986
Stage check: node node_modules/eslint/bin/eslint.js .
Stage check: node node_modules/vitest/vitest.mjs run tests/contract

 RUN  v4.0.18 G:/StackGate

 ✓ tests/contract/toolchain.test.ts (5 tests) 3716ms
   ✓ runs real TypeScript program and compiler CLI diagnostics  1857ms
   ✓ build declarations are actually consumable with strict type checking  1531ms

 Test Files  1 passed (1)
      Tests  5 passed (5)
   Start at  09:32:26
   Duration  5.31s (transform 179ms, setup 0ms, import 1.10s, tests 3.72s, environment 0ms)

M0 stage exit=0; child command evidence: docs/implementation/evidence/m0-stage-2026-09-20T01-32-32-070Z.json
