
 RUN  v4.0.18 G:/StackGate

 ❯ tests/integration/run/concurrent-runs.test.ts (5 tests | 1 failed | 4 skipped) 12636ms
   ↓ cross-process identical event append is idempotent without duplicate sequence
   ↓ cross-process competing artifact bytes publish exactly one immutable winner
   ↓ two run IDs in one repository never share artifact directories
   ↓ a second process cannot acquire the same worktree resource and cannot reap a dead owner lock
   × two real CLI runs of one worktree have distinct IDs and only one may execute business commands 12636ms

⎯⎯⎯⎯⎯⎯⎯ Failed Tests 1 ⎯⎯⎯⎯⎯⎯⎯

 FAIL  tests/integration/run/concurrent-runs.test.ts > two real CLI runs of one worktree have distinct IDs and only one may execute business commands
AssertionError: {"schema_version":"0.1","ok":false,"operation":"trust","runtime":"NOT_EXECUTED","exit_code":3,"diagnostics":[{"code":"TOOL_FAILURE","rule_id":"SG-TOOL-CLI_FAILURE","message":"Unable to complete the operation safely.","location":"","observed_facts":{},"recommended_action":"Inspect the operation inputs and local environment; no success is inferred.","source":"cli"}]}: expected 3 to be +0 // Object.is equality

- Expected
+ Received

- 0
+ 3

 ❯ tests/integration/run/concurrent-runs.test.ts:28:233


 Test Files  1 failed (1)
      Tests  1 failed | 4 skipped (5)
   Start at  23:17:55
   Duration  14.69s (transform 660ms, setup 0ms, import 1.78s, tests 12.64s, environment 0ms)


⎯⎯⎯⎯⎯⎯⎯⎯⎯⎯⎯⎯⎯⎯⎯⎯⎯⎯⎯⎯⎯⎯⎯⎯[1/1]⎯

