$ node scripts/verify-stage.mjs "--" "--stage" "M0"
Stage check: node scripts/verify-source.mjs
{
  "sources": [
    {
      "original": "StackGate_功能与架构设计_v0.1.md",
      "retained": "docs/specs/stackgate-v0.1.md",
      "sha256": "56b349eda55673090dee2c611baa250b90f1afa5a3f85a0e78c670fa553af8a9",
      "expected_sha256": "56b349eda55673090dee2c611baa250b90f1afa5a3f85a0e78c670fa553af8a9",
      "bytes": 73743
    },
    {
      "original": "StackGate_Codex可执行开发任务规划_v0.1.md",
      "retained": "docs/plans/2026-09-18-stackgate-v0.1-execution.md",
      "sha256": "faca196c04dd4a420046415e1bce49411f2fc3e42d54c70859647da904133e17",
      "expected_sha256": null,
      "bytes": 335286
    }
  ],
  "errors": []
}
Stage check: node scripts/verify-tasks.mjs
Validated 100 tasks, dependencies, states, files and recorded evidence.
Stage check: node scripts/verify-schemas.mjs
Validated 7 OpenAPI documents and strict fixture response schemas (no network at verification time)
Validated 22 schemas, 19 fixtures, generated type drift: none
Stage check: node scripts/verify-boundaries.mjs
Verified module boundaries for 47 product source files using the TypeScript AST.
Stage check: node scripts/build.mjs
Built: cli, contracts, core
Stage check: node node_modules/typescript/bin/tsc --noEmit
Stage check: node scripts/test-unit.mjs

 RUN  v4.0.18 G:/StackGate

 ✓ tests/unit/gate/acceptance-boundaries.test.ts (11 tests) 20ms
 ✓ tests/unit/gate/truth-table.test.ts (22 tests) 25ms
 ✓ tests/unit/gate/exit-priority.test.ts (64 tests) 45ms
 ✓ tests/unit/contracts/primitives.test.ts (13 tests) 152ms
 ✓ tests/unit/contracts/run-schema.test.ts (20 tests) 218ms
 ✓ tests/unit/contracts/task-schema.test.ts (17 tests) 121ms
 ✓ tests/unit/contracts/config-schema.test.ts (9 tests) 147ms
 ✓ tests/unit/fixtures.test.ts (10 tests) 989ms
   ✓ validates all OpenAPI documents against the retained official document schema and strict response schemas  807ms
 ✓ tests/unit/bootstrap.test.ts (5 tests) 2482ms
   ✓ rejects unsupported arguments and combinations with exit 64  568ms
   ✓ an empty test selection exits nonzero  1536ms
 ✓ tests/unit/ports.test.ts (27 tests) 11722ms
   ✓ runs the AST checker and rejects domain IO  930ms
   ✓ runs the AST checker and rejects domain dynamic IO  774ms
   ✓ runs the AST checker and rejects domain time  697ms
   ✓ runs the AST checker and rejects domain date constructor  603ms
   ✓ runs the AST checker and rejects domain environment  703ms
   ✓ runs the AST checker and rejects domain console IO  609ms
   ✓ runs the AST checker and rejects domain require alias  676ms
   ✓ runs the AST checker and rejects domain indirect random  729ms
   ✓ runs the AST checker and rejects domain spread clock  725ms
   ✓ runs the AST checker and rejects domain network  755ms
   ✓ runs the AST checker and rejects test fake import  888ms
   ✓ runs the AST checker and rejects reporter runner  706ms
   ✓ runs the AST checker and rejects reporter execution  632ms
   ✓ runs the AST checker and rejects reporter computed execution  560ms
   ✓ runs the AST checker and rejects reporter destructured execution  596ms
   ✓ rejects IO reached indirectly through a domain helper  564ms
   ✓ allows pure objects, type-only ports and words in comments or strings  561ms

 Test Files  10 passed (10)
      Tests  198 passed (198)
   Start at  09:24:28
   Duration  13.27s (transform 1.19s, setup 0ms, import 7.75s, tests 15.92s, environment 3ms)

✔ built CLI help exposes only implemented commands (146.1318ms)
✔ unknown CLI option returns configuration error (112.1201ms)
✔ plan has 100 unique sequential tasks and original dependencies (3.6558ms)
✔ rejects duplicate ID (1.4344ms)
✔ rejects missing dependency (2.4778ms)
✔ rejects dependency cycle (1.2646ms)
✔ rejects DONE without evidence (1.705ms)
✔ rejects illegal status (1.7286ms)
✔ rejects early READY (1.3938ms)
✔ rejects missing task (1.1049ms)
✔ rejects absolute file path (1.1353ms)
✔ rejects absolute evidence path (1.6792ms)
✔ rejects traversal evidence path (0.8772ms)
✔ rejects failed-only DONE (1.0879ms)
✔ source is preserved byte-for-byte and matches the supplied SHA-256 (3.5887ms)
✔ source inspection rejects missing or changed content (2.4287ms)
✔ verify-tasks CLI returns nonzero and identifies the task with SG-999 dependency (150.662ms)
✔ DONE requires actual implementation files even with valid task evidence (1.8312ms)
✔ DONE cannot borrow another task successful evidence (80.7409ms)
✔ evidence runner records task ownership and preserves a failed child exit code (208.3778ms)
✔ negative cases do not mutate the shared plan baseline (1.3303ms)
✔ M0 rejects removed, duplicate and arbitrary shell checks (2.0047ms)
✔ unknown tools block any stage requiring them (1.2597ms)
✔ a real failed child command propagates its exit and retains its identity (170.5527ms)
ℹ tests 24
ℹ suites 0
ℹ pass 24
ℹ fail 0
ℹ cancelled 0
ℹ skipped 0
ℹ todo 0
ℹ duration_ms 682.0242
Stage check: node node_modules/eslint/bin/eslint.js .

G:\StackGate\scripts\inspect-toolchain.mjs
  10:7  error  'root' is assigned a value but never used  @typescript-eslint/no-unused-vars

✖ 1 problem (1 error, 0 warnings)

M0 stage exit=1; child command evidence: docs/implementation/evidence/m0-stage-2026-09-20T01-24-47-160Z.json
[ELIFECYCLE] Command failed with exit code 1.
