
 RUN  v4.0.18 G:/StackGate

 ❯ tests/contract/run-history.test.ts (1 test | 1 failed) 32ms
   × accepts an optional explicit previous run reference without requiring or weakening old manifests 31ms

⎯⎯⎯⎯⎯⎯⎯ Failed Tests 1 ⎯⎯⎯⎯⎯⎯⎯

 FAIL  tests/contract/run-history.test.ts > accepts an optional explicit previous run reference without requiring or weakening old manifests
AssertionError: expected false to be true // Object.is equality

- Expected
+ Received

- true
+ false

 ❯ tests/contract/run-history.test.ts:6:123
      4| it('accepts an optional explicit previous run reference without requir…
      5|  const run=JSON.parse(await fs.readFile('tests/fixtures/protocols/run.…
      6|  expect(validateSchema('run',run).ok).toBe(true);expect(validateSchema…
       |                                                                                                                           ^
      7|  expect(validateSchema('run',{...run,previous_run_id:'../other'}).ok).…
      8| });

⎯⎯⎯⎯⎯⎯⎯⎯⎯⎯⎯⎯⎯⎯⎯⎯⎯⎯⎯⎯⎯⎯⎯⎯[1/1]⎯


 Test Files  1 failed (1)
      Tests  1 failed (1)
   Start at  23:16:03
   Duration  912ms (transform 179ms, setup 0ms, import 530ms, tests 32ms, environment 0ms)

