$ vitest run tests/integration

 RUN  v4.0.18 G:/StackGate

 ✓ tests/integration/cli/doctor.test.ts (5 tests) 2796ms
   ✓ rejects semantically missing check references in otherwise valid configuration  559ms
   ✓ inspects a Chinese project without running postinstall, Python imports or writing state  456ms
   ✓ returns precise invalid-config diagnostics and never scans a parent manifest  474ms
   ✓ reports conflicting configuration files rather than choosing one  524ms
   ✓ reports declared commands/workspaces missing without executing them  782ms
 ✓ tests/integration/contracts/three-way.test.ts (8 tests) 2821ms
     ✓ uses real compatibility while missing candidate/runtime remain NOT_EXECUTED  303ms
     ✓ rejects absent target behavior independently of mutual breaking checks  904ms
     ✓ requires real confirmation hashes and grants no approval to a draft  702ms
     ✓ blocks target byte drift despite equal behavior and separates export errors  898ms
 ✓ tests/integration/git/target-advance.test.ts (2 tests) 9290ms
   ✓ sees target advancement while preserving detached candidate identity and never fetching  3741ms
   ✓ invalidates untracked source changes at the same Git HEAD  5547ms
 ✓ tests/integration/git/baseline.test.ts (8 tests) 17481ms
     ✓ pins actual merge base and advancing target with detached HEAD  3365ms
     ✓ rejects missing refs and option-like refs  2352ms
     ✓ treats leading dash directory as path and hashes local identities  2127ms
     ✓ fails explicitly when shallow history cannot establish a common ancestor  3808ms
     ✓ rejects unresolved merges  2368ms
     ✓ disables repository fsmonitor and ignores hostile inherited Git environment  1320ms
     ✓ reports nonrepository distinctly  621ms
     ✓ does not choose arbitrarily between multiple merge bases  1518ms
 ✓ tests/integration/cli/static-workflow.test.ts (3 tests) 24952ms
   ✓ previews init without writes and applies only absent files preserving existing content  1241ms
   ✓ task and trust machine previews implement required data fields without running code  20240ms
   ✓ scan returns breaking data with exit zero and never claims runtime or gate success  3469ms
 ✓ tests/integration/stages/m1.test.ts (3 tests) 40634ms
   ✓ keeps changed unsupported workspace sources visible even with an explicit mapping file  7209ms
   ✓ all M1 entrypoints leave postinstall, JavaScript and Python sentinels unexecuted  23354ms
   ✓ reports no baseline, untracked Chinese consumers, changed target and unknown schema honestly  10070ms
 ✓ tests/integration/git/input-manifest.test.ts (16 tests) 57771ms
     ✓ emits schema-valid SafeIds in a real captured manifest  3187ms
     ✓ hashes final bytes B while keeping staged A and unstaged explanations  3882ms
     ✓ includes untracked source and dependency locks in input hash  5495ms
     ✓ retains tombstones for staged and unstaged deletions  2999ms
     ✓ explicitly includes ignored build inputs and diagnoses missing required inputs  3475ms
     ✓ excludes declared outputs and credential files with reasons  2525ms
     ✓ blocks oversized files, LFS pointers and unresolved generated inputs  3435ms
     ✓ blocks submodules and out-of-root directory links  7419ms
     ✓ keeps documentation as input unless explicitly excluded  4011ms
     ✓ respects nested ignore rules during safe directory enumeration  2546ms
     ✓ does not run configured external diff or text conversion commands  3022ms
     ✓ keeps task payload changes but excludes only StackGate state artifacts  4345ms
     ✓ detects index entries whose object is missing  2244ms
     ✓ hashes binary and CRLF bytes without normalizing them  2088ms
     ✓ does not execute configured clean filters while computing dirty changes  2855ms
     ✓ blocks CRLF LFS pointers and emulated symlink checkouts  4243ms
 ✓ tests/integration/tasks/confirm.test.ts (10 tests) 68035ms
   ✓ does not treat a YAML CONFIRMED status as a confirmation record  4260ms
   ✓ confirms exact input into an immutable revision and repeats idempotently  12123ms
   ✓ rejects missing authorization, a changed target and mutated protected inputs  7147ms
   ✓ returns a null digest for missing target/check references  1020ms
   ✓ rejects changes during confirm and never seals a stale revision  12088ms
   ✓ rejects tampered immutable target and forces a new revision for changed task content  12187ms
   ✓ binds ignored protected inputs into the reviewed confirmation digest  8351ms
   ✓ rejects tampered task-derived preview fields and sealed local identity  8157ms
   ✓ rejects unsupported root-leading protected globs instead of omitting ignored files  1644ms
   ✓ rejects a required operation naming a service other than the target contract service  1055ms
 ✓ tests/integration/trust/review.test.ts (9 tests) 110990ms
   ✓ does not recognize mismatched grant IDs or permission scopes as trusted  23517ms
   ✓ refuses a script whose bytes are excluded by the credential-input policy  7481ms
   ✓ renews an expired matching record and preserves unrelated or concurrently changed records  28959ms
   ✓ rejects external script arguments and binds ignored scripts outside workspaces  13364ms
   ✓ binds inline code as arguments without interpreting code fragments as paths  2887ms
   ✓ binds resolved tool identity without launching it  7501ms
   ✓ previews names only and never trusts without explicit reviewed authorization  3539ms
   ✓ stores outside repository, binds scripts, arguments and origins, and does not become CI trust  13449ms
   ✓ refuses repository-contained trust stores and copying trust into another checkout  10287ms

 Test Files  9 passed (9)
      Tests  64 passed (64)
   Start at  21:29:20
   Duration  112.39s (transform 1.15s, setup 0ms, import 4.02s, tests 334.77s, environment 1ms)

