
 RUN  v4.0.18 G:/StackGate

 ❯ tests/integration/trust/default-store.test.ts (1 test | 1 failed) 18094ms
   × creates a real grant in the default external platform trust store 18093ms

⎯⎯⎯⎯⎯⎯⎯ Failed Tests 1 ⎯⎯⎯⎯⎯⎯⎯

 FAIL  tests/integration/trust/default-store.test.ts > creates a real grant in the default external platform trust store
StorageError: Ambiguous or unsafe path component
 ❯ unsafe packages/core/src/storage/safe-path.ts:5:52
      3| import { StorageError } from './storage-error.js';
      4| export interface PathInspection { path: string; links: {path:string;li…
      5| const unsafe = (message: string): never => { throw new StorageError('U…
       |                                                    ^
      6| const portable = (value: string): string => value.replaceAll(path.sep,…
      7| export function decodeGitPath(bytes: Uint8Array): string {
 ❯ components packages/core/src/storage/safe-path.ts:18:180
 ❯ inspectPathWithin packages/core/src/storage/safe-path.ts:29:17
 ❯ writeJsonAtomic packages/core/src/storage/atomic-write.ts:21:25
 ❯ UserTrustStore.write packages/core/src/storage/user-trust-store.ts:30:247
 ❯ TrustService.confirm packages/core/src/services/trust-service.ts:81:49
 ❯ tests/integration/trust/default-store.test.ts:6:123

⎯⎯⎯⎯⎯⎯⎯⎯⎯⎯⎯⎯⎯⎯⎯⎯⎯⎯⎯⎯⎯⎯⎯⎯[1/1]⎯


 Test Files  1 failed (1)
      Tests  1 failed (1)
   Start at  23:16:46
   Duration  20.39s (transform 715ms, setup 0ms, import 1.98s, tests 18.09s, environment 0ms)

