$ tsc --noEmit
tests/unit/impact/typescript.test.ts(10,18): error TS2339: Property 'candidate' does not exist on type 'never'.
tests/unit/impact/typescript.test.ts(10,32): error TS7006: Parameter 'item' implicitly has an 'any' type.
tests/unit/impact/typescript.test.ts(11,18): error TS2339: Property 'known' does not exist on type 'never'.
tests/unit/impact/typescript.test.ts(12,18): error TS2339: Property 'unresolved' does not exist on type 'never'.
tests/unit/impact/typescript.test.ts(13,18): error TS2339: Property 'candidate' does not exist on type 'never'.
tests/unit/impact/typescript.test.ts(13,34): error TS7006: Parameter 'item' implicitly has an 'any' type.
tests/unit/impact/typescript.test.ts(17,18): error TS2339: Property 'candidate' does not exist on type 'never'.
tests/unit/impact/typescript.test.ts(18,18): error TS2339: Property 'unresolved' does not exist on type 'never'.
tests/unit/impact/typescript.test.ts(18,36): error TS7006: Parameter 'item' implicitly has an 'any' type.
tests/unit/impact/typescript.test.ts(22,18): error TS2339: Property 'affected_modules' does not exist on type 'never'.
tests/unit/impact/typescript.test.ts(23,18): error TS2339: Property 'edges' does not exist on type 'never'.
tests/unit/impact/typescript.test.ts(23,31): error TS7006: Parameter 'item' implicitly has an 'any' type.
tests/unit/impact/typescript.test.ts(27,18): error TS2339: Property 'affected_modules' does not exist on type 'never'.
tests/unit/impact/typescript.test.ts(28,18): error TS2339: Property 'unresolved' does not exist on type 'never'.
tests/unit/impact/typescript.test.ts(35,18): error TS2339: Property 'unresolved' does not exist on type 'never'.
tests/unit/impact/typescript.test.ts(35,36): error TS7006: Parameter 'item' implicitly has an 'any' type.
tests/unit/impact/typescript.test.ts(36,18): error TS2339: Property 'limitations' does not exist on type 'never'.
tests/unit/impact/typescript.test.ts(40,18): error TS2339: Property 'unresolved' does not exist on type 'never'.
tests/unit/impact/typescript.test.ts(40,34): error TS7006: Parameter 'item' implicitly has an 'any' type.
tests/unit/impact/typescript.test.ts(41,18): error TS2339: Property 'unresolved' does not exist on type 'never'.
tests/unit/impact/typescript.test.ts(41,36): error TS7006: Parameter 'item' implicitly has an 'any' type.
tests/unit/impact/typescript.test.ts(42,18): error TS2339: Property 'candidate' does not exist on type 'never'.
tests/unit/impact/typescript.test.ts(43,18): error TS2339: Property 'selected_checks' does not exist on type 'never'.
[ELIFECYCLE] Command failed with exit code 2.
