
 RUN  v4.0.18 G:/StackGate

 ❯ tests/contract/oasdiff.test.ts (26 tests | 26 failed) 79ms
     × retains real version, raw IDs, raw JSON, original hashes and business exit status 23ms
     × returns PASS only from real empty valid breaking output 6ms
     × maps real removed-property finding target→candidate-missing 5ms
     × maps real removed-property finding upgrade-baseline→upgrade-target 4ms
     × preserves direction-dependent finding request-base→request-required 6ms
     × preserves direction-dependent finding enum-base→enum-revision 5ms
     × retains structural diff and distinguishes real empty diff 7ms
     × blocks missing tools without inventing empty findings 3ms
     × requires trusted pinned identity and rejects digest changes before version execution 2ms
     × blocks a mismatched tool version after preserving actual version evidence 2ms
     × rechecks mutated LoadedContract documents before any process including --version 4ms
     × rejects unsupported schema before even checking tool availability 4ms
     × ignores inherited malicious oasdiff config environment 4ms
     × rejects unknown breaking JSON shape {} 0ms
     × rejects unknown breaking JSON shape null 0ms
     × rejects unknown breaking JSON shape [{"newField":true}] 0ms
     × rejects unknown breaking JSON shape [{"id":"response-property-type-changed","level":3}] 0ms
     × rejects unknown breaking JSON shape [] trailing 0ms
     × rejects unknown breaking JSON shape  0ms
     × preserves unknown IDs but cannot return PASS or an approvable mapped rule 0ms
     × rejects inconsistent exit/output pairs and tool-error exits 0ms
     × rejects unknown structural diff shape [] 1ms
     × rejects unknown structural diff shape null 0ms
     × rejects unknown structural diff shape {"unexpected":true} 0ms
     × rejects unknown structural diff shape {"paths":{"modified":[]}} 0ms
     × rejects unknown structural diff shape {"paths":{}} 0ms

⎯⎯⎯⎯⎯⎯ Failed Tests 26 ⎯⎯⎯⎯⎯⎯⎯

 FAIL  tests/contract/oasdiff.test.ts > SG020 real pinned oasdiff adapter > retains real version, raw IDs, raw JSON, original hashes and business exit status
Error: SG-020 not implemented
 ❯ OasdiffAdapter.breaking packages/adapter-oasdiff/src/tool.ts:3:61
      1| export class OasdiffAdapter {
      2|   constructor(..._args: unknown[]) {}
      3|   async breaking(..._args: unknown[]): Promise<any> { throw new Error(…
       |                                                             ^
      4|   async diff(..._args: unknown[]): Promise<any> { throw new Error('SG-…
      5| }
 ❯ tests/contract/oasdiff.test.ts:15:55

⎯⎯⎯⎯⎯⎯⎯⎯⎯⎯⎯⎯⎯⎯⎯⎯⎯⎯⎯⎯⎯⎯⎯[1/26]⎯

 FAIL  tests/contract/oasdiff.test.ts > SG020 real pinned oasdiff adapter > returns PASS only from real empty valid breaking output
Error: SG-020 not implemented
 ❯ OasdiffAdapter.breaking packages/adapter-oasdiff/src/tool.ts:3:61
      1| export class OasdiffAdapter {
      2|   constructor(..._args: unknown[]) {}
      3|   async breaking(..._args: unknown[]): Promise<any> { throw new Error(…
       |                                                             ^
      4|   async diff(..._args: unknown[]): Promise<any> { throw new Error('SG-…
      5| }
 ❯ tests/contract/oasdiff.test.ts:27:55

⎯⎯⎯⎯⎯⎯⎯⎯⎯⎯⎯⎯⎯⎯⎯⎯⎯⎯⎯⎯⎯⎯⎯[2/26]⎯

 FAIL  tests/contract/oasdiff.test.ts > SG020 real pinned oasdiff adapter > maps real removed-property finding target→candidate-missing
 FAIL  tests/contract/oasdiff.test.ts > SG020 real pinned oasdiff adapter > maps real removed-property finding upgrade-baseline→upgrade-target
Error: SG-020 not implemented
 ❯ OasdiffAdapter.breaking packages/adapter-oasdiff/src/tool.ts:3:61
      1| export class OasdiffAdapter {
      2|   constructor(..._args: unknown[]) {}
      3|   async breaking(..._args: unknown[]): Promise<any> { throw new Error(…
       |                                                             ^
      4|   async diff(..._args: unknown[]): Promise<any> { throw new Error('SG-…
      5| }
 ❯ tests/contract/oasdiff.test.ts:35:55

⎯⎯⎯⎯⎯⎯⎯⎯⎯⎯⎯⎯⎯⎯⎯⎯⎯⎯⎯⎯⎯⎯⎯[3/26]⎯

 FAIL  tests/contract/oasdiff.test.ts > SG020 real pinned oasdiff adapter > preserves direction-dependent finding request-base→request-required
 FAIL  tests/contract/oasdiff.test.ts > SG020 real pinned oasdiff adapter > preserves direction-dependent finding enum-base→enum-revision
Error: SG-020 not implemented
 ❯ OasdiffAdapter.breaking packages/adapter-oasdiff/src/tool.ts:3:61
      1| export class OasdiffAdapter {
      2|   constructor(..._args: unknown[]) {}
      3|   async breaking(..._args: unknown[]): Promise<any> { throw new Error(…
       |                                                             ^
      4|   async diff(..._args: unknown[]): Promise<any> { throw new Error('SG-…
      5| }
 ❯ tests/contract/oasdiff.test.ts:42:55

⎯⎯⎯⎯⎯⎯⎯⎯⎯⎯⎯⎯⎯⎯⎯⎯⎯⎯⎯⎯⎯⎯⎯[4/26]⎯

 FAIL  tests/contract/oasdiff.test.ts > SG020 real pinned oasdiff adapter > retains structural diff and distinguishes real empty diff
Error: SG-020 not implemented
 ❯ OasdiffAdapter.diff packages/adapter-oasdiff/src/tool.ts:4:57
      2|   constructor(..._args: unknown[]) {}
      3|   async breaking(..._args: unknown[]): Promise<any> { throw new Error(…
      4|   async diff(..._args: unknown[]): Promise<any> { throw new Error('SG-…
       |                                                         ^
      5| }
      6| 
 ❯ tests/contract/oasdiff.test.ts:47:35

⎯⎯⎯⎯⎯⎯⎯⎯⎯⎯⎯⎯⎯⎯⎯⎯⎯⎯⎯⎯⎯⎯⎯[5/26]⎯

 FAIL  tests/contract/oasdiff.test.ts > SG020 real pinned oasdiff adapter > blocks missing tools without inventing empty findings
Error: SG-020 not implemented
 ❯ OasdiffAdapter.breaking packages/adapter-oasdiff/src/tool.ts:3:61
      1| export class OasdiffAdapter {
      2|   constructor(..._args: unknown[]) {}
      3|   async breaking(..._args: unknown[]): Promise<any> { throw new Error(…
       |                                                             ^
      4|   async diff(..._args: unknown[]): Promise<any> { throw new Error('SG-…
      5| }
 ❯ tests/contract/oasdiff.test.ts:53:114

⎯⎯⎯⎯⎯⎯⎯⎯⎯⎯⎯⎯⎯⎯⎯⎯⎯⎯⎯⎯⎯⎯⎯[6/26]⎯

 FAIL  tests/contract/oasdiff.test.ts > SG020 real pinned oasdiff adapter > requires trusted pinned identity and rejects digest changes before version execution
Error: SG-020 not implemented
 ❯ OasdiffAdapter.breaking packages/adapter-oasdiff/src/tool.ts:3:61
      1| export class OasdiffAdapter {
      2|   constructor(..._args: unknown[]) {}
      3|   async breaking(..._args: unknown[]): Promise<any> { throw new Error(…
       |                                                             ^
      4|   async diff(..._args: unknown[]): Promise<any> { throw new Error('SG-…
      5| }
 ❯ tests/contract/oasdiff.test.ts:58:78

⎯⎯⎯⎯⎯⎯⎯⎯⎯⎯⎯⎯⎯⎯⎯⎯⎯⎯⎯⎯⎯⎯⎯[7/26]⎯

 FAIL  tests/contract/oasdiff.test.ts > SG020 real pinned oasdiff adapter > blocks a mismatched tool version after preserving actual version evidence
Error: SG-020 not implemented
 ❯ OasdiffAdapter.breaking packages/adapter-oasdiff/src/tool.ts:3:61
      1| export class OasdiffAdapter {
      2|   constructor(..._args: unknown[]) {}
      3|   async breaking(..._args: unknown[]): Promise<any> { throw new Error(…
       |                                                             ^
      4|   async diff(..._args: unknown[]): Promise<any> { throw new Error('SG-…
      5| }
 ❯ tests/contract/oasdiff.test.ts:64:127

⎯⎯⎯⎯⎯⎯⎯⎯⎯⎯⎯⎯⎯⎯⎯⎯⎯⎯⎯⎯⎯⎯⎯[8/26]⎯

 FAIL  tests/contract/oasdiff.test.ts > SG020 real pinned oasdiff adapter > rechecks mutated LoadedContract documents before any process including --version
Error: SG-020 not implemented
 ❯ OasdiffAdapter.breaking packages/adapter-oasdiff/src/tool.ts:3:61
      1| export class OasdiffAdapter {
      2|   constructor(..._args: unknown[]) {}
      3|   async breaking(..._args: unknown[]): Promise<any> { throw new Error(…
       |                                                             ^
      4|   async diff(..._args: unknown[]): Promise<any> { throw new Error('SG-…
      5| }
 ❯ tests/contract/oasdiff.test.ts:70:55

⎯⎯⎯⎯⎯⎯⎯⎯⎯⎯⎯⎯⎯⎯⎯⎯⎯⎯⎯⎯⎯⎯⎯[9/26]⎯

 FAIL  tests/contract/oasdiff.test.ts > SG020 real pinned oasdiff adapter > rejects unsupported schema before even checking tool availability
Error: SG-020 not implemented
 ❯ OasdiffAdapter.breaking packages/adapter-oasdiff/src/tool.ts:3:61
      1| export class OasdiffAdapter {
      2|   constructor(..._args: unknown[]) {}
      3|   async breaking(..._args: unknown[]): Promise<any> { throw new Error(…
       |                                                             ^
      4|   async diff(..._args: unknown[]): Promise<any> { throw new Error('SG-…
      5| }
 ❯ tests/contract/oasdiff.test.ts:76:98

⎯⎯⎯⎯⎯⎯⎯⎯⎯⎯⎯⎯⎯⎯⎯⎯⎯⎯⎯⎯⎯⎯[10/26]⎯

 FAIL  tests/contract/oasdiff.test.ts > SG020 real pinned oasdiff adapter > ignores inherited malicious oasdiff config environment
Error: SG-020 not implemented
 ❯ OasdiffAdapter.breaking packages/adapter-oasdiff/src/tool.ts:3:61
      1| export class OasdiffAdapter {
      2|   constructor(..._args: unknown[]) {}
      3|   async breaking(..._args: unknown[]): Promise<any> { throw new Error(…
       |                                                             ^
      4|   async diff(..._args: unknown[]): Promise<any> { throw new Error('SG-…
      5| }
 ❯ tests/contract/oasdiff.test.ts:81:54

⎯⎯⎯⎯⎯⎯⎯⎯⎯⎯⎯⎯⎯⎯⎯⎯⎯⎯⎯⎯⎯⎯[11/26]⎯

 FAIL  tests/contract/oasdiff.test.ts > SG020 strict evidence interpretation > rejects unknown breaking JSON shape {}
 FAIL  tests/contract/oasdiff.test.ts > SG020 strict evidence interpretation > rejects unknown breaking JSON shape null
 FAIL  tests/contract/oasdiff.test.ts > SG020 strict evidence interpretation > rejects unknown breaking JSON shape [{"newField":true}]
 FAIL  tests/contract/oasdiff.test.ts > SG020 strict evidence interpretation > rejects unknown breaking JSON shape [{"id":"response-property-type-changed","level":3}]
 FAIL  tests/contract/oasdiff.test.ts > SG020 strict evidence interpretation > rejects unknown breaking JSON shape [] trailing
 FAIL  tests/contract/oasdiff.test.ts > SG020 strict evidence interpretation > rejects unknown breaking JSON shape 
Error: SG-020 not implemented
 ❯ parseBreakingResult packages/adapter-oasdiff/src/breaking.ts:1:71
      1| export function parseBreakingResult(..._args: unknown[]): any { throw …
       |                                                                       ^
      2| 
 ❯ tests/contract/oasdiff.test.ts:88:12

⎯⎯⎯⎯⎯⎯⎯⎯⎯⎯⎯⎯⎯⎯⎯⎯⎯⎯⎯⎯⎯⎯[12/26]⎯

 FAIL  tests/contract/oasdiff.test.ts > SG020 strict evidence interpretation > preserves unknown IDs but cannot return PASS or an approvable mapped rule
Error: SG-020 not implemented
 ❯ parseBreakingResult packages/adapter-oasdiff/src/breaking.ts:1:71
      1| export function parseBreakingResult(..._args: unknown[]): any { throw …
       |                                                                       ^
      2| 
 ❯ tests/contract/oasdiff.test.ts:92:20

⎯⎯⎯⎯⎯⎯⎯⎯⎯⎯⎯⎯⎯⎯⎯⎯⎯⎯⎯⎯⎯⎯[13/26]⎯

 FAIL  tests/contract/oasdiff.test.ts > SG020 strict evidence interpretation > rejects inconsistent exit/output pairs and tool-error exits
Error: SG-020 not implemented
 ❯ parseBreakingResult packages/adapter-oasdiff/src/breaking.ts:1:71
      1| export function parseBreakingResult(..._args: unknown[]): any { throw …
       |                                                                       ^
      2| 
 ❯ tests/contract/oasdiff.test.ts:96:12

⎯⎯⎯⎯⎯⎯⎯⎯⎯⎯⎯⎯⎯⎯⎯⎯⎯⎯⎯⎯⎯⎯[14/26]⎯

 FAIL  tests/contract/oasdiff.test.ts > SG020 strict evidence interpretation > rejects unknown structural diff shape []
 FAIL  tests/contract/oasdiff.test.ts > SG020 strict evidence interpretation > rejects unknown structural diff shape null
 FAIL  tests/contract/oasdiff.test.ts > SG020 strict evidence interpretation > rejects unknown structural diff shape {"unexpected":true}
 FAIL  tests/contract/oasdiff.test.ts > SG020 strict evidence interpretation > rejects unknown structural diff shape {"paths":{"modified":[]}}
 FAIL  tests/contract/oasdiff.test.ts > SG020 strict evidence interpretation > rejects unknown structural diff shape {"paths":{}}
Error: SG-020 not implemented
 ❯ parseDiffResult packages/adapter-oasdiff/src/diff.ts:1:67
      1| export function parseDiffResult(..._args: unknown[]): any { throw new …
       |                                                                   ^
      2| 
 ❯ tests/contract/oasdiff.test.ts:101:12

⎯⎯⎯⎯⎯⎯⎯⎯⎯⎯⎯⎯⎯⎯⎯⎯⎯⎯⎯⎯⎯⎯[15/26]⎯


 Test Files  1 failed (1)
      Tests  26 failed (26)
   Start at  10:53:01
   Duration  1.18s (transform 164ms, setup 0ms, import 483ms, tests 79ms, environment 0ms)

