
 RUN  v4.0.18 G:/StackGate

 ❯ tests/unit/reports/junit-input.test.ts (13 tests | 1 failed) 15ms
   ✓ counts actual nested cases and ignores inflated suite totals 2ms
   ✓ keeps empty suites empty and recognizes explicit retry evidence 0ms
   ✓ rejects malformed, entity or ambiguous XML <testsuite> 0ms
   ✓ rejects malformed, entity or ambiguous XML <!DOCTYPE testsuite [<!ENTITY x SYSTEM "file:///secret">]><testsuite/> 0ms
   ✓ rejects malformed, entity or ambiguous XML <testsuite><testcase name="x"/><testcase name="x"/></testsuite> 0ms
   ✓ rejects malformed, entity or ambiguous XML <testsuite><testcase name="x" id="same"/><testcase name="y" id="same"/></testsuite> 0ms
   ✓ rejects malformed, entity or ambiguous XML <html/> 0ms
   ✓ rejects malformed, entity or ambiguous XML <testsuite><unknown/></testsuite> 0ms
   ✓ rejects malformed, entity or ambiguous XML <testsuite><testcase name="x"><skipped/><failure/></testcase></testsuite> 0ms
   ✓ bounds bytes, XML depth and invalid UTF8 without parsing a partial success 1ms
   ✓ decodes predefined entities and supports failure CDATA without exposing messages 2ms
   ✓ supports stackgate-id properties while rejecting contradictory stable identities 0ms
   × rejects significant CDATA outside result message elements 7ms

⎯⎯⎯⎯⎯⎯⎯ Failed Tests 1 ⎯⎯⎯⎯⎯⎯⎯

 FAIL  tests/unit/reports/junit-input.test.ts > rejects significant CDATA outside result message elements
AssertionError: expected true to be false // Object.is equality

- Expected
+ Received

- false
+ true

 ❯ tests/unit/reports/junit-input.test.ts:23:146
     21|  expect(parse('<testsuite><testcase id="first" name="a"><properties><p…
     22| });
     23| it('rejects significant CDATA outside result message elements',()=>exp…
       |                                                                                                                                                  ^
     24| 

⎯⎯⎯⎯⎯⎯⎯⎯⎯⎯⎯⎯⎯⎯⎯⎯⎯⎯⎯⎯⎯⎯⎯⎯[1/1]⎯


 Test Files  1 failed (1)
      Tests  1 failed | 12 passed (13)
   Start at  22:38:33
   Duration  455ms (transform 44ms, setup 0ms, import 110ms, tests 15ms, environment 0ms)

