
 RUN  v4.0.18 G:/StackGate

 ❯ tests/unit/plan/dag.test.ts (13 tests | 1 failed | 12 skipped) 4ms
   ↓ normalizes a DAG deterministically without mutating input and retains all required checks
   ↓ rejects cycle plan ambiguity
   ↓ rejects missing plan ambiguity
   ↓ rejects duplicate-step plan ambiguity
   ↓ rejects duplicate-check plan ambiguity
   ↓ rejects empty plan ambiguity
   ↓ rejects required-missing plan ambiguity
   ↓ rejects required-optional plan ambiguity
   × rejects required-omitted plan ambiguity 4ms
   ↓ rejects invalid-lock plan ambiguity
   ↓ accepts an explicitly local command/JUnit profile without external environment requirements
   ↓ does not treat observed provenance requirements as satisfied by a null environment
   ↓ rejects local profile requirements or regression checks that silently require M3 runtime

⎯⎯⎯⎯⎯⎯⎯ Failed Tests 1 ⎯⎯⎯⎯⎯⎯⎯

 FAIL  tests/unit/plan/dag.test.ts > rejects required-omitted plan ambiguity
AssertionError: expected [Function] to throw an error
 ❯ tests/unit/plan/dag.test.ts:27:51
     25|   if (kind === 'required-omitted') required = ['a'];
     26|   if (kind === 'invalid-lock') steps[0]!.resource_locks = ['../outside…
     27|   expect(() => normalizePlanDag(steps, required)).toThrow();
       |                                                   ^
     28| });
     29| const sample = JSON.parse(await fs.readFile('tests/fixtures/config/ori…

⎯⎯⎯⎯⎯⎯⎯⎯⎯⎯⎯⎯⎯⎯⎯⎯⎯⎯⎯⎯⎯⎯⎯⎯[1/1]⎯


 Test Files  1 failed (1)
      Tests  1 failed | 12 skipped (13)
   Start at  21:55:23
   Duration  774ms (transform 152ms, setup 0ms, import 522ms, tests 4ms, environment 0ms)

