
 RUN  v4.0.18 G:/StackGate

 ❯ tests/integration/contracts/three-way.test.ts (8 tests | 3 failed | 5 skipped) 43ms
     ↓ uses real compatibility while missing candidate/runtime remain NOT_EXECUTED
     ↓ rejects absent target behavior independently of mutual breaking checks
     ↓ requires real confirmation hashes and grants no approval to a draft
     ↓ blocks target byte drift despite equal behavior and separates export errors
     ↓ blocks unsupported target schema before projection rather than silently aligning it
     × preserves external loader diagnostics before attempting a tool 26ms
     × preserves missing loader diagnostics before attempting a tool 9ms
     × preserves malformed loader diagnostics before attempting a tool 6ms

⎯⎯⎯⎯⎯⎯⎯ Failed Tests 3 ⎯⎯⎯⎯⎯⎯⎯

 FAIL  tests/integration/contracts/three-way.test.ts > real three-way contract orchestration > preserves external loader diagnostics before attempting a tool
AssertionError: expected [ { code: 'INPUT_STALE', …(6) } ] to deeply equal [ Array(1) ]

- Expected
+ Received

  [
    {
-     "code": "UNSUPPORTED_SCHEMA",
-     "location": "/components/schemas/Unsafe/$ref",
-     "message": "External references are prohibited before any tool invocation",
+     "code": "INPUT_STALE",
+     "location": "",
+     "message": "Contract inputs or source identities could not be safely verified",
      "observed_facts": {},
-     "recommended_action": "Use the explicitly tested OpenAPI 3.1 subset; keep this contract check incomplete.",
-     "rule_id": "SG-CONTRACT-EXTERNAL_REFERENCE",
-     "source": "invalid-target",
+     "recommended_action": "Review retained contract bytes, confirmation identity and supported schema capabilities.",
+     "rule_id": "SG-CONTRACT-THREE_WAY",
+     "source": "contract-service",
    },
  ]

 ❯ tests/integration/contracts/three-way.test.ts:21:785


⎯⎯⎯⎯⎯⎯⎯⎯⎯⎯⎯⎯⎯⎯⎯⎯⎯⎯⎯⎯⎯⎯⎯⎯[1/3]⎯

 FAIL  tests/integration/contracts/three-way.test.ts > real three-way contract orchestration > preserves missing loader diagnostics before attempting a tool
AssertionError: expected [ { code: 'INPUT_STALE', …(6) } ] to deeply equal [ Array(1) ]

- Expected
+ Received

  [
    {
-     "code": "UNSUPPORTED_SCHEMA",
-     "location": "/components/schemas/Unsafe/$ref",
-     "message": "Local reference is malformed or its target is missing",
-     "observed_facts": {
-       "ref": "#/components/schemas/Missing",
-     },
-     "recommended_action": "Use the explicitly tested OpenAPI 3.1 subset; keep this contract check incomplete.",
-     "rule_id": "SG-CONTRACT-UNSUPPORTED_SCHEMA",
-     "source": "invalid-target",
+     "code": "INPUT_STALE",
+     "location": "",
+     "message": "Contract inputs or source identities could not be safely verified",
+     "observed_facts": {},
+     "recommended_action": "Review retained contract bytes, confirmation identity and supported schema capabilities.",
+     "rule_id": "SG-CONTRACT-THREE_WAY",
+     "source": "contract-service",
    },
  ]

 ❯ tests/integration/contracts/three-way.test.ts:21:785


⎯⎯⎯⎯⎯⎯⎯⎯⎯⎯⎯⎯⎯⎯⎯⎯⎯⎯⎯⎯⎯⎯⎯⎯[2/3]⎯

 FAIL  tests/integration/contracts/three-way.test.ts > real three-way contract orchestration > preserves malformed loader diagnostics before attempting a tool
AssertionError: expected [ { code: 'INPUT_STALE', …(6) } ] to deeply equal [ Array(1) ]

- Expected
+ Received

  [
    {
-     "code": "UNSUPPORTED_SCHEMA",
+     "code": "INPUT_STALE",
      "location": "",
-     "message": "Contract must be strict UTF-8 JSON/YAML with unique keys, no aliases or custom tags, and bounded size/depth",
+     "message": "Contract inputs or source identities could not be safely verified",
      "observed_facts": {},
-     "recommended_action": "Use the explicitly tested OpenAPI 3.1 subset; keep this contract check incomplete.",
-     "rule_id": "SG-CONTRACT-UNSUPPORTED_SCHEMA",
-     "source": "invalid-target",
+     "recommended_action": "Review retained contract bytes, confirmation identity and supported schema capabilities.",
+     "rule_id": "SG-CONTRACT-THREE_WAY",
+     "source": "contract-service",
    },
  ]

 ❯ tests/integration/contracts/three-way.test.ts:21:785


⎯⎯⎯⎯⎯⎯⎯⎯⎯⎯⎯⎯⎯⎯⎯⎯⎯⎯⎯⎯⎯⎯⎯⎯[3/3]⎯


 Test Files  1 failed (1)
      Tests  3 failed | 5 skipped (8)
   Start at  11:12:25
   Duration  1.82s (transform 414ms, setup 0ms, import 1.35s, tests 43ms, environment 0ms)

