node:internal/modules/esm/resolve:274
    throw new ERR_MODULE_NOT_FOUND(
          ^

Error [ERR_MODULE_NOT_FOUND]: Cannot find module 'G:\StackGate\scripts\verify-stage.mjs' imported from G:\StackGate\tests\bootstrap\stage.test.mjs
    at finalizeResolution (node:internal/modules/esm/resolve:274:11)
    at moduleResolve (node:internal/modules/esm/resolve:864:10)
    at defaultResolve (node:internal/modules/esm/resolve:990:11)
    at #cachedDefaultResolve (node:internal/modules/esm/loader:737:20)
    at ModuleLoader.resolve (node:internal/modules/esm/loader:714:38)
    at ModuleLoader.getModuleJobForImport (node:internal/modules/esm/loader:293:38)
    at #link (node:internal/modules/esm/module_job:208:49) {
  code: 'ERR_MODULE_NOT_FOUND',
  url: 'file:///G:/StackGate/scripts/verify-stage.mjs'
}

Node.js v24.11.1
✖ tests\bootstrap\stage.test.mjs (130.8006ms)
ℹ tests 1
ℹ suites 0
ℹ pass 0
ℹ fail 1
ℹ cancelled 0
ℹ skipped 0
ℹ todo 0
ℹ duration_ms 144.6328

✖ failing tests:

test at tests\bootstrap\stage.test.mjs:1:1
✖ tests\bootstrap\stage.test.mjs (130.8006ms)
  'test failed'
