
[1m[46m RUN [49m[22m [36mv4.0.18 [39m[90mG:/StackGate[39m

 [32m✓[39m tests/integration/cli/m2.test.ts [2m([22m[2m3 tests[22m[2m)[22m[33m 480468[2mms[22m[39m
   [33m[2m✓[22m[39m separates a failing real run exit from the read-only report exit at the CLI boundary [33m 175664[2mms[22m[39m
   [33m[2m✓[22m[39m exposes strict M2 command argument validation in the built CLI [33m 3998[2mms[22m[39m
   [33m[2m✓[22m[39m runs the built CLI through plan, real run, report, gate and stale reevaluation [33m 300804[2mms[22m[39m
 [32m✓[39m tests/integration/run/lifecycle.test.ts [2m([22m[2m8 tests[22m[2m)[22m[33m 801570[2mms[22m[39m
   [33m[2m✓[22m[39m produces a sealed real command and JUnit run with complete lifecycle facts [33m 104255[2mms[22m[39m
   [33m[2m✓[22m[39m rejects stale preflight without starting any business command [33m 53851[2mms[22m[39m
   [33m[2m✓[22m[39m keeps failed historical runs immutable when repeated [33m 161022[2mms[22m[39m
   [33m[2m✓[22m[39m retains the original input identity and reports mutation during execution as stale [33m 102254[2mms[22m[39m
   [33m[2m✓[22m[39m retains canceled required checks without launching a new process [33m 89595[2mms[22m[39m
   [33m[2m✓[22m[39m never allows a run when an event consumer fails after a completed check [33m 68942[2mms[22m[39m
   [33m[2m✓[22m[39m detects source changes in the final event callback before returning current approval [33m 103403[2mms[22m[39m
   [33m[2m✓[22m[39m cancels during completion persistence without converting cancellation into a tool error [33m 118241[2mms[22m[39m
 [32m✓[39m tests/integration/plan-service.test.ts [2m([22m[2m7 tests[22m[2m)[22m[33m 338874[2mms[22m[39m
   [33m[2m✓[22m[39m persists a deterministic verified plan with exact ignored script bytes and required JUnit IDs [33m 72295[2mms[22m[39m
   [33m[2m✓[22m[39m rejects oversized plan files before allocating their contents [33m 889[2mms[22m[39m
   [33m[2m✓[22m[39m rejects unconfirmed task or unreviewed trust before persisting an executable plan [33m 20416[2mms[22m[39m
   [33m[2m✓[22m[39m rechecks ignored script, policy and task identity, and rejects modified stored context [33m 78787[2mms[22m[39m
   [33m[2m✓[22m[39m retains an explicitly required runtime check and marks unsupported local backend requirements blocked [33m 57292[2mms[22m[39m
   [33m[2m✓[22m[39m keeps required e2e and an explicit environment dependency when M3 environment is unavailable [33m 51593[2mms[22m[39m
   [33m[2m✓[22m[39m binds the raw bytes of ignored mappings used to select checks [33m 57595[2mms[22m[39m
 [32m✓[39m tests/integration/stages/m2-local-flow.test.ts [2m([22m[2m3 tests[22m[2m)[22m[33m 415978[2mms[22m[39m
   [33m[2m✓[22m[39m M2 real zero JUnit run remains sealed but cannot be allowed [33m 157503[2mms[22m[39m
   [33m[2m✓[22m[39m M2 real missing JUnit run remains sealed but cannot be allowed [33m 145230[2mms[22m[39m
   [33m[2m✓[22m[39m M2 caller cancellation after the business process starts preserves denying sealed evidence [33m 113241[2mms[22m[39m
 [32m✓[39m tests/integration/gate/current-state.test.ts [2m([22m[2m6 tests[22m[2m)[22m[33m 566121[2mms[22m[39m
   [33m[2m✓[22m[39m missing run evidence remains unverified and cannot be allowed [33m 1120[2mms[22m[39m
   [33m[2m✓[22m[39m stores a missing-run evaluation outside runs without inventing a run directory [33m 1375[2mms[22m[39m
   [33m[2m✓[22m[39m retains actual unsealed lifecycle prefixes and distinguishes an aborted run from pending work [33m 2802[2mms[22m[39m
   [33m[2m✓[22m[39m authenticates a real sealed run then reevaluates source, task, policy and evidence without changing historical facts [33m 274981[2mms[22m[39m
   [33m[2m✓[22m[39m keeps real failed evidence denied and detects changed executable bytes without launching that executable [33m 148646[2mms[22m[39m
   [33m[2m✓[22m[39m does not turn local CI environment claims into required backend provenance [33m 137193[2mms[22m[39m
 [32m✓[39m tests/integration/run/concurrent-runs.test.ts [2m([22m[2m5 tests[22m[2m)[22m[33m 254790[2mms[22m[39m
   [33m[2m✓[22m[39m cross-process identical event append is idempotent without duplicate sequence [33m 734[2mms[22m[39m
   [33m[2m✓[22m[39m cross-process competing artifact bytes publish exactly one immutable winner [33m 757[2mms[22m[39m
   [33m[2m✓[22m[39m two run IDs in one repository never share artifact directories [33m 829[2mms[22m[39m
   [33m[2m✓[22m[39m a second process cannot acquire the same worktree resource and cannot reap a dead owner lock [33m 2804[2mms[22m[39m
   [33m[2m✓[22m[39m two real CLI runs of one worktree have distinct IDs and only one may execute business commands [33m 249663[2mms[22m[39m
 [32m✓[39m tests/integration/trust/review.test.ts [2m([22m[2m9 tests[22m[2m)[22m[33m 163060[2mms[22m[39m
   [33m[2m✓[22m[39m does not recognize mismatched grant IDs or permission scopes as trusted [33m 26460[2mms[22m[39m
   [33m[2m✓[22m[39m refuses a script whose bytes are excluded by the credential-input policy [33m 4689[2mms[22m[39m
   [33m[2m✓[22m[39m renews an expired matching record and preserves unrelated or concurrently changed records [33m 34946[2mms[22m[39m
   [33m[2m✓[22m[39m rejects external script arguments and binds ignored scripts outside workspaces [33m 21237[2mms[22m[39m
   [33m[2m✓[22m[39m binds inline code as arguments without interpreting code fragments as paths [33m 4637[2mms[22m[39m
   [33m[2m✓[22m[39m binds resolved tool identity without launching it [33m 15646[2mms[22m[39m
   [33m[2m✓[22m[39m previews names only and never trusts without explicit reviewed authorization [33m 5216[2mms[22m[39m
   [33m[2m✓[22m[39m stores outside repository, binds scripts, arguments and origins, and does not become CI trust [33m 29313[2mms[22m[39m
   [33m[2m✓[22m[39m refuses repository-contained trust stores and copying trust into another checkout [33m 20905[2mms[22m[39m
 [32m✓[39m tests/integration/runner/negative-matrix.test.ts [2m([22m[2m27 tests[22m[2m)[22m[33m 265409[2mms[22m[39m
   [33m[2m✓[22m[39m command 0 [33m 2902[2mms[22m[39m
   [33m[2m✓[22m[39m command nonzero [33m 2999[2mms[22m[39m
   [33m[2m✓[22m[39m spawn failure [33m 2430[2mms[22m[39m
   [33m[2m✓[22m[39m timeout [33m 3216[2mms[22m[39m
   [33m[2m✓[22m[39m cancel [33m 3178[2mms[22m[39m
   [33m[2m✓[22m[39m output overflow [33m 3168[2mms[22m[39m
   [33m[2m✓[22m[39m missing junit [33m 3631[2mms[22m[39m
   [33m[2m✓[22m[39m malformed junit [33m 3653[2mms[22m[39m
   [33m[2m✓[22m[39m zero junit [33m 3914[2mms[22m[39m
   [33m[2m✓[22m[39m skipped required [33m 3602[2mms[22m[39m
   [33m[2m✓[22m[39m evidence corrupt [33m 121445[2mms[22m[39m
   [33m[2m✓[22m[39m seal missing [33m 16679[2mms[22m[39m
   [33m[2m✓[22m[39m duplicate event [33m 2884[2mms[22m[39m
   [33m[2m✓[22m[39m stale input [33m 15014[2mms[22m[39m
   [33m[2m✓[22m[39m task revision changed [33m 16006[2mms[22m[39m
   [33m[2m✓[22m[39m policy changed [33m 14989[2mms[22m[39m
   [33m[2m✓[22m[39m tool binary changed [33m 15369[2mms[22m[39m
   [33m[2m✓[22m[39m missing environment provenance [33m 2921[2mms[22m[39m
   [33m[2m✓[22m[39m user canceled [33m 1463[2mms[22m[39m
   [33m[2m✓[22m[39m report reads failed run [33m 2736[2mms[22m[39m
   [33m[2m✓[22m[39m report FAIL with process zero [33m 2998[2mms[22m[39m
   [33m[2m✓[22m[39m process nonzero with PASS report [33m 3530[2mms[22m[39m
   [33m[2m✓[22m[39m missing required ID despite one executed case [33m 3721[2mms[22m[39m
   [33m[2m✓[22m[39m nonzero without trusted report [33m 3509[2mms[22m[39m
   [33m[2m✓[22m[39m flaky retry report does not satisfy required check [33m 3311[2mms[22m[39m
   [33m[2m✓[22m[39m baseline failure provenance never exempts the current failing required check [33m 6053[2mms[22m[39m
 [32m✓[39m tests/integration/trust/input-scope.test.ts [2m([22m[2m7 tests[22m[2m)[22m[33m 76861[2mms[22m[39m
   [33m[2m✓[22m[39m ignored dependencies and untracked generated caches do not alter trust or get recursively read [33m 8234[2mms[22m[39m
   [33m[2m✓[22m[39m tracked generated-looking source, untracked source, and dependency identities each change trust [33m 30761[2mms[22m[39m
   [33m[2m✓[22m[39m direct ignored dist script is retained without reading sibling generated files [33m 12095[2mms[22m[39m
   [33m[2m✓[22m[39m explicit ignored required files bind bytes and reject missing or secret-bearing inputs [33m 14239[2mms[22m[39m
   [33m[2m✓[22m[39m ordinary ignored .env bytes do not enter preview or change digest [33m 8477[2mms[22m[39m
   [33m[2m✓[22m[39m rejects command directory entry points whose concrete executed inputs are unknown [33m 1543[2mms[22m[39m
   [33m[2m✓[22m[39m explicit command input through an escaping directory link is rejected [33m 1506[2mms[22m[39m
 [32m✓[39m tests/integration/handoff.test.ts [2m([22m[2m3 tests[22m[2m)[22m[33m 118080[2mms[22m[39m
   [33m[2m✓[22m[39m truncates optional indexes within budget without removing failures or gaps [33m 863[2mms[22m[39m
   [33m[2m✓[22m[39m reads a real sealed failed run without executing again or mutating its evidence [33m 117177[2mms[22m[39m
 [32m✓[39m tests/integration/tasks/confirm.test.ts [2m([22m[2m10 tests[22m[2m)[22m[33m 52938[2mms[22m[39m
   [33m[2m✓[22m[39m does not treat a YAML CONFIRMED status as a confirmation record [33m 2581[2mms[22m[39m
   [33m[2m✓[22m[39m confirms exact input into an immutable revision and repeats idempotently [33m 8415[2mms[22m[39m
   [33m[2m✓[22m[39m rejects missing authorization, a changed target and mutated protected inputs [33m 7203[2mms[22m[39m
   [33m[2m✓[22m[39m returns a null digest for missing target/check references [33m 989[2mms[22m[39m
   [33m[2m✓[22m[39m rejects changes during confirm and never seals a stale revision [33m 6146[2mms[22m[39m
   [33m[2m✓[22m[39m rejects tampered immutable target and forces a new revision for changed task content [33m 10550[2mms[22m[39m
   [33m[2m✓[22m[39m binds ignored protected inputs into the reviewed confirmation digest [33m 6458[2mms[22m[39m
   [33m[2m✓[22m[39m rejects tampered task-derived preview fields and sealed local identity [33m 8286[2mms[22m[39m
   [33m[2m✓[22m[39m rejects unsupported root-leading protected globs instead of omitting ignored files [33m 1390[2mms[22m[39m
   [33m[2m✓[22m[39m rejects a required operation naming a service other than the target contract service [33m 920[2mms[22m[39m
 [32m✓[39m tests/integration/git/input-manifest.test.ts [2m([22m[2m16 tests[22m[2m)[22m[33m 41218[2mms[22m[39m
     [33m[2m✓[22m[39m emits schema-valid SafeIds in a real captured manifest [33m 1752[2mms[22m[39m
     [33m[2m✓[22m[39m hashes final bytes B while keeping staged A and unstaged explanations [33m 1914[2mms[22m[39m
     [33m[2m✓[22m[39m includes untracked source and dependency locks in input hash [33m 3675[2mms[22m[39m
     [33m[2m✓[22m[39m retains tombstones for staged and unstaged deletions [33m 2654[2mms[22m[39m
     [33m[2m✓[22m[39m explicitly includes ignored build inputs and diagnoses missing required inputs [33m 3743[2mms[22m[39m
     [33m[2m✓[22m[39m excludes declared outputs and credential files with reasons [33m 2880[2mms[22m[39m
     [33m[2m✓[22m[39m blocks oversized files, LFS pointers and unresolved generated inputs [33m 3541[2mms[22m[39m
     [33m[2m✓[22m[39m blocks submodules and out-of-root directory links [33m 2715[2mms[22m[39m
     [33m[2m✓[22m[39m keeps documentation as input unless explicitly excluded [33m 2464[2mms[22m[39m
     [33m[2m✓[22m[39m respects nested ignore rules during safe directory enumeration [33m 1922[2mms[22m[39m
     [33m[2m✓[22m[39m does not run configured external diff or text conversion commands [33m 2028[2mms[22m[39m
     [33m[2m✓[22m[39m keeps task payload changes but excludes only StackGate state artifacts [33m 3711[2mms[22m[39m
     [33m[2m✓[22m[39m detects index entries whose object is missing [33m 1804[2mms[22m[39m
     [33m[2m✓[22m[39m hashes binary and CRLF bytes without normalizing them [33m 1727[2mms[22m[39m
     [33m[2m✓[22m[39m does not execute configured clean filters while computing dirty changes [33m 1880[2mms[22m[39m
     [33m[2m✓[22m[39m blocks CRLF LFS pointers and emulated symlink checkouts [33m 2805[2mms[22m[39m
 [32m✓[39m tests/integration/stages/m1.test.ts [2m([22m[2m3 tests[22m[2m)[22m[33m 29851[2mms[22m[39m
   [33m[2m✓[22m[39m keeps changed unsupported workspace sources visible even with an explicit mapping file [33m 3580[2mms[22m[39m
   [33m[2m✓[22m[39m all M1 entrypoints leave postinstall, JavaScript and Python sentinels unexecuted [33m 19600[2mms[22m[39m
   [33m[2m✓[22m[39m reports no baseline, untracked Chinese consumers, changed target and unknown schema honestly [33m 6669[2mms[22m[39m
 [32m✓[39m tests/integration/stages/m1-audit-regressions.test.ts [2m([22m[2m1 test[22m[2m)[22m[33m 29734[2mms[22m[39m
   [33m[2m✓[22m[39m relocated CLI combines confirmed task, bounded trust inputs, workspace fallback and honest static results [33m 29732[2mms[22m[39m
 [32m✓[39m tests/integration/trust/default-store.test.ts [2m([22m[2m1 test[22m[2m)[22m[33m 27642[2mms[22m[39m
   [33m[2m✓[22m[39m creates a real grant in the default external platform trust store [33m 27641[2mms[22m[39m
 [32m✓[39m tests/integration/adapters/junit.test.ts [2m([22m[2m17 tests[22m[2m)[22m[33m 35599[2mms[22m[39m
   [33m[2m✓[22m[39m collects real report <testsuite><testcase name="one"/></testsuite> exit 0 as PASS [33m 2727[2mms[22m[39m
   [33m[2m✓[22m[39m collects real report <testsuite tests="999"/> exit 0 as BLOCKED [33m 3158[2mms[22m[39m
   [33m[2m✓[22m[39m collects real report null exit 0 as BLOCKED [33m 2189[2mms[22m[39m
   [33m[2m✓[22m[39m collects real report null exit 7 as ERROR [33m 1956[2mms[22m[39m
   [33m[2m✓[22m[39m collects real report <testsuite><testcase name="one"><skipped/></testcase></testsuite> exit 0 as BLOCKED [33m 2134[2mms[22m[39m
   [33m[2m✓[22m[39m collects real report <testsuite><testcase name="one"><failure>bad</failure></testcase></testsuite> exit 0 as FAIL [33m 2139[2mms[22m[39m
   [33m[2m✓[22m[39m collects real report <testsuite><testcase name="one"><failure/></testcase></testsuite> exit 7 as FAIL [33m 2628[2mms[22m[39m
   [33m[2m✓[22m[39m collects real report <testsuite><testcase name="one"/></testsuite> exit 7 as ERROR [33m 2387[2mms[22m[39m
   [33m[2m✓[22m[39m collects real report <testsuite> exit 0 as ERROR [33m 2015[2mms[22m[39m
   [33m[2m✓[22m[39m collects real report <!DOCTYPE testsuite SYSTEM "file:///secret"><testsuite/> exit 0 as ERROR [33m 2214[2mms[22m[39m
   [33m[2m✓[22m[39m collects real report <testsuite><testcase name="one"><flakyFailure/></testcase></testsuite> exit 0 as BLOCKED [33m 2255[2mms[22m[39m
   [33m[2m✓[22m[39m requires declared IDs and minimum executed cases [33m 2225[2mms[22m[39m
   [33m[2m✓[22m[39m rejects a producer hard link to another report and preserves source bytes [33m 2221[2mms[22m[39m
   [33m[2m✓[22m[39m collects only stored current-scope evidence and rejects tampered metadata [33m 2729[2mms[22m[39m
   [33m[2m✓[22m[39m retains no credential messages in regular result facts [33m 2330[2mms[22m[39m
 [32m✓[39m tests/integration/cli/static-workflow.test.ts [2m([22m[2m3 tests[22m[2m)[22m[33m 24179[2mms[22m[39m
   [33m[2m✓[22m[39m previews init without writes and applies only absent files preserving existing content [33m 1352[2mms[22m[39m
   [33m[2m✓[22m[39m task and trust machine previews implement required data fields without running code [33m 19178[2mms[22m[39m
   [33m[2m✓[22m[39m scan returns breaking data with exit zero and never claims runtime or gate success [33m 3647[2mms[22m[39m
 [32m✓[39m tests/integration/fixtures/local-run-project.test.ts [2m([22m[2m2 tests[22m[2m)[22m[33m 20799[2mms[22m[39m
   [33m[2m✓[22m[39m builds a confirmed trusted local fixture whose actual assertion emits stable JUnit [33m 19752[2mms[22m[39m
   [33m[2m✓[22m[39m failure fixture reports a real mismatching calculation with process exit one [33m 1046[2mms[22m[39m
 [32m✓[39m tests/integration/runner/process.test.ts [2m([22m[2m15 tests[22m[2m)[22m[33m 22517[2mms[22m[39m
   [33m[2m✓[22m[39m preserves actual exit 0 and separate sanitized streams [33m 1475[2mms[22m[39m
   [33m[2m✓[22m[39m preserves actual exit 1 and separate sanitized streams [33m 1458[2mms[22m[39m
   [33m[2m✓[22m[39m preserves actual exit 7 and separate sanitized streams [33m 1530[2mms[22m[39m
   [33m[2m✓[22m[39m keeps exact Unicode argv and does not interpret shell syntax [33m 1545[2mms[22m[39m
   [33m[2m✓[22m[39m distinguishes timeout from cancellation and stops late writes [33m 3467[2mms[22m[39m
   [33m[2m✓[22m[39m bounds both huge stdout and stderr without pipe deadlock [33m 1768[2mms[22m[39m
   [33m[2m✓[22m[39m kills only its owned job including detached descendants on cancel and leaves unrelated process alive [33m 1967[2mms[22m[39m
   [33m[2m✓[22m[39m kills only its owned job including detached descendants on timeout and leaves unrelated process alive [33m 2344[2mms[22m[39m
   [33m[2m✓[22m[39m records actual native spawn failure without inventing an exit code [33m 1090[2mms[22m[39m
   [33m[2m✓[22m[39m rejects changed executable bytes before launching a process [33m 301[2mms[22m[39m
   [33m[2m✓[22m[39m awaits output callbacks with bounded backpressure and retains all lines [33m 1811[2mms[22m[39m
   [33m[2m✓[22m[39m treats failed evidence callbacks as errors and still cleans the owned job [33m 1789[2mms[22m[39m
   [33m[2m✓[22m[39m records separate original and retained bytes for stdout and stderr after redaction [33m 1535[2mms[22m[39m
 [32m✓[39m tests/integration/git/baseline.test.ts [2m([22m[2m8 tests[22m[2m)[22m[33m 11850[2mms[22m[39m
     [33m[2m✓[22m[39m pins actual merge base and advancing target with detached HEAD [33m 1723[2mms[22m[39m
     [33m[2m✓[22m[39m rejects missing refs and option-like refs [33m 1314[2mms[22m[39m
     [33m[2m✓[22m[39m treats leading dash directory as path and hashes local identities [33m 1215[2mms[22m[39m
     [33m[2m✓[22m[39m fails explicitly when shallow history cannot establish a common ancestor [33m 2281[2mms[22m[39m
     [33m[2m✓[22m[39m rejects unresolved merges [33m 2191[2mms[22m[39m
     [33m[2m✓[22m[39m disables repository fsmonitor and ignores hostile inherited Git environment [33m 1108[2mms[22m[39m
     [33m[2m✓[22m[39m reports nonrepository distinctly [33m 552[2mms[22m[39m
     [33m[2m✓[22m[39m does not choose arbitrarily between multiple merge bases [33m 1465[2mms[22m[39m
 [32m✓[39m tests/integration/scan-workspace-regression.test.ts [2m([22m[2m2 tests[22m[2m)[22m[33m 15886[2mms[22m[39m
   [33m[2m✓[22m[39m scan adds both workspace regressions and preserves task/profile checks and test IDs [33m 13023[2mms[22m[39m
   [33m[2m✓[22m[39m scan retains uncovered workspace gaps when only one regression set exists [33m 2861[2mms[22m[39m
 [32m✓[39m tests/integration/oasdiff-relocation.test.ts [2m([22m[2m1 test[22m[2m)[22m[33m 9086[2mms[22m[39m
   [33m[2m✓[22m[39m copied built CLI uses only its relocated verified native tool [33m 9085[2mms[22m[39m
 [32m✓[39m tests/integration/adapters/command.test.ts [2m([22m[2m11 tests[22m[2m)[22m[33m 15742[2mms[22m[39m
   [33m[2m✓[22m[39m collects actual exit 0 with immutable command evidence [33m 1723[2mms[22m[39m
   [33m[2m✓[22m[39m collects actual exit 1 with immutable command evidence [33m 1768[2mms[22m[39m
   [33m[2m✓[22m[39m collects actual exit 7 with immutable command evidence [33m 1923[2mms[22m[39m
   [33m[2m✓[22m[39m does not promote missing evidence or a canceled process into PASS [33m 446[2mms[22m[39m
   [33m[2m✓[22m[39m preserves timeout without pretending a normal nonzero assertion [33m 1877[2mms[22m[39m
   [33m[2m✓[22m[39m keeps unavailable executable failures distinct from business assertion failure [33m 451[2mms[22m[39m
   [33m[2m✓[22m[39m rejects supplied artifact metadata that differs from the verified store index [33m 1842[2mms[22m[39m
   [33m[2m✓[22m[39m rejects contradictory runner facts: secondary-evidence [33m 2021[2mms[22m[39m
   [33m[2m✓[22m[39m rejects contradictory runner facts: signal [33m 1746[2mms[22m[39m
   [33m[2m✓[22m[39m rejects contradictory runner facts: diagnostic [33m 1813[2mms[22m[39m
 [32m✓[39m tests/integration/run/crash.test.ts [2m([22m[2m6 tests[22m[2m)[22m[33m 12132[2mms[22m[39m
   [33m[2m✓[22m[39m hard-killing the runner parent closes its private job lifeline and preserves unrelated service [33m 2843[2mms[22m[39m
   [33m[2m✓[22m[39m a killed manifest temp writer preserves prior bytes and refuses unsafe lock recovery [33m 3934[2mms[22m[39m
   [33m[2m✓[22m[39m a killed event temp writer cannot publish a partial event or silent completion [33m 552[2mms[22m[39m
   [33m[2m✓[22m[39m hard exit after actual failed check persistence preserves the failure without sealing PASS [33m 2365[2mms[22m[39m
   [33m[2m✓[22m[39m crashing before cleanup never removes sealed evidence [33m 1204[2mms[22m[39m
   [33m[2m✓[22m[39m crashing after cleanup never removes sealed evidence [33m 1232[2mms[22m[39m
 [32m✓[39m tests/integration/storage/integrity.test.ts [2m([22m[2m10 tests[22m[2m)[22m[33m 13306[2mms[22m[39m
   [33m[2m✓[22m[39m seals immutable facts, supports identical repeat, and exposes verified readonly snapshots [33m 1330[2mms[22m[39m
   [33m[2m✓[22m[39m detects modified sealed manifest.json without overwriting history [33m 933[2mms[22m[39m
   [33m[2m✓[22m[39m detects modified sealed events.jsonl without overwriting history [33m 1286[2mms[22m[39m
   [33m[2m✓[22m[39m detects modified sealed artifact-index.json without overwriting history [33m 1605[2mms[22m[39m
   [33m[2m✓[22m[39m detects modified sealed document without overwriting history [33m 1664[2mms[22m[39m
   [33m[2m✓[22m[39m detects modified sealed artifact without overwriting history [33m 1409[2mms[22m[39m
   [33m[2m✓[22m[39m rejects missing required artifacts and preserves readable unsealed facts [33m 1074[2mms[22m[39m
   [33m[2m✓[22m[39m rejects internally contradictory facts even when each document has a valid schema [33m 1059[2mms[22m[39m
   [33m[2m✓[22m[39m refuses to seal undeclared orphan evidence or an incomplete event log [33m 978[2mms[22m[39m
   [33m[2m✓[22m[39m retains failed retry documents alongside the final check without rewriting history [33m 1963[2mms[22m[39m
 [32m✓[39m tests/integration/git/target-advance.test.ts [2m([22m[2m2 tests[22m[2m)[22m[33m 4206[2mms[22m[39m
   [33m[2m✓[22m[39m sees target advancement while preserving detached candidate identity and never fetching [33m 1849[2mms[22m[39m
   [33m[2m✓[22m[39m invalidates untracked source changes at the same Git HEAD [33m 2356[2mms[22m[39m
 [32m✓[39m tests/integration/cleanup/process-resources.test.ts [2m([22m[2m13 tests[22m[2m)[22m[33m 11871[2mms[22m[39m
   [33m[2m✓[22m[39m defaults to a nonmutating plan and explicitly cleans only the owned terminal workspace [33m 775[2mms[22m[39m
   [33m[2m✓[22m[39m preserves ownerless resources [33m 639[2mms[22m[39m
   [33m[2m✓[22m[39m preserves foreign resources [33m 616[2mms[22m[39m
   [33m[2m✓[22m[39m preserves changed resources [33m 800[2mms[22m[39m
   [33m[2m✓[22m[39m preserves hash resources [33m 887[2mms[22m[39m
   [33m[2m✓[22m[39m preserves a user service and refuses stale PID lock ownership [33m 1111[2mms[22m[39m
   [33m[2m✓[22m[39m rejects a directory junction and never touches its target [33m 1005[2mms[22m[39m
   [33m[2m✓[22m[39m rejects hard-linked files and reports malformed or traversal run identifiers safely [33m 989[2mms[22m[39m
   [33m[2m✓[22m[39m preserves a replaced directory even when copied owner bytes and content match [33m 1338[2mms[22m[39m
   [33m[2m✓[22m[39m preserves associated global locks without relying on current PID existence [33m 976[2mms[22m[39m
   [33m[2m✓[22m[39m keeps evidence readable when apply encounters changed or unverified ownership [33m 1145[2mms[22m[39m
   [33m[2m✓[22m[39m reports unverified process cleanup but never kills its historical PID [33m 1424[2mms[22m[39m
 [32m✓[39m tests/integration/demo/api.test.ts [2m([22m[2m5 tests[22m[2m)[22m[33m 5538[2mms[22m[39m
   [33m[2m✓[22m[39m serves the confirmed performance response from a real API process [33m 1251[2mms[22m[39m
   [33m[2m✓[22m[39m exports the application contract into the injected attempt directory only [33m 1027[2mms[22m[39m
   [33m[2m✓[22m[39m ignores a stale candidate in the tree and refuses an unusable output target [33m 1443[2mms[22m[39m
   [33m[2m✓[22m[39m fails as an import error instead of producing a compatible looking contract [33m 961[2mms[22m[39m
   [33m[2m✓[22m[39m detects a real backend response type change against the confirmed target [33m 853[2mms[22m[39m
 [32m✓[39m tests/integration/runner/locks.test.ts [2m([22m[2m1 test[22m[2m)[22m[33m 4012[2mms[22m[39m
   [33m[2m✓[22m[39m serializes an actual other Node process and refuses release after creation identity substitution [33m 4011[2mms[22m[39m
 [32m✓[39m tests/integration/cli/json-envelope.test.ts [2m([22m[2m6 tests[22m[2m)[22m[33m 3961[2mms[22m[39m
   [33m[2m✓[22m[39m unknown command and malformed arguments produce one JSON document with exit 64 [33m 1109[2mms[22m[39m
   [33m[2m✓[22m[39m configuration diagnostics have uniform envelope and retain doctor details [33m 484[2mms[22m[39m
   [33m[2m✓[22m[39m ServiceError retains diagnostics and never prints a second document [33m 440[2mms[22m[39m
   [33m[2m✓[22m[39m unexpected filesystem exceptions produce safe JSON without raw error details [33m 377[2mms[22m[39m
   [33m[2m✓[22m[39m success carries structured data and does not invent a Gate decision [33m 430[2mms[22m[39m
   [33m[2m✓[22m[39m help and version honor JSON mode while plain help stays readable [33m 1120[2mms[22m[39m
 [32m✓[39m tests/integration/storage/store.test.ts [2m([22m[2m13 tests[22m[2m)[22m[33m 4473[2mms[22m[39m
   [33m[2m✓[22m[39m creates independent runs and preserves immutable artifacts with checked bytes [33m 577[2mms[22m[39m
   [33m[2m✓[22m[39m serializes duplicate parallel events and rejects conflicting IDs, gaps, rollback and foreign scope (round 1) [33m 524[2mms[22m[39m
   [33m[2m✓[22m[39m serializes duplicate parallel events and rejects conflicting IDs, gaps, rollback and foreign scope (round 2) [33m 418[2mms[22m[39m
   [33m[2m✓[22m[39m serializes duplicate parallel events and rejects conflicting IDs, gaps, rollback and foreign scope (round 3) [33m 402[2mms[22m[39m
   [33m[2m✓[22m[39m serializes duplicate parallel events and rejects conflicting IDs, gaps, rollback and foreign scope (round 4) [33m 467[2mms[22m[39m
   [33m[2m✓[22m[39m serializes duplicate parallel events and rejects conflicting IDs, gaps, rollback and foreign scope (round 5) [33m 513[2mms[22m[39m
   [33m[2m✓[22m[39m requires explicit exact manifest CAS and immutable run identity [33m 342[2mms[22m[39m
   [33m[2m✓[22m[39m check completion preserves matching step identity and cannot finalize active attempts [33m 392[2mms[22m[39m
 [32m✓[39m tests/integration/cli/doctor.test.ts [2m([22m[2m5 tests[22m[2m)[22m[33m 2716[2mms[22m[39m
   [33m[2m✓[22m[39m rejects semantically missing check references in otherwise valid configuration [33m 483[2mms[22m[39m
   [33m[2m✓[22m[39m inspects a Chinese project without running postinstall, Python imports or writing state [33m 456[2mms[22m[39m
   [33m[2m✓[22m[39m returns precise invalid-config diagnostics and never scans a parent manifest [33m 503[2mms[22m[39m
   [33m[2m✓[22m[39m reports conflicting configuration files rather than choosing one [33m 542[2mms[22m[39m
   [33m[2m✓[22m[39m reports declared commands/workspaces missing without executing them [33m 730[2mms[22m[39m
 [32m✓[39m tests/integration/run/finalization-race.test.ts [2m([22m[2m2 tests[22m[2m)[22m[33m 2021[2mms[22m[39m
   [33m[2m✓[22m[39m two process finalization calls are idempotent and cannot replace terminal facts [33m 966[2mms[22m[39m
   [33m[2m✓[22m[39m two process seals agree and post-seal manifest corruption never remains valid [33m 1054[2mms[22m[39m
 [32m✓[39m tests/integration/contracts/three-way.test.ts [2m([22m[2m8 tests[22m[2m)[22m[33m 2293[2mms[22m[39m
     [33m[2m✓[22m[39m rejects absent target behavior independently of mutual breaking checks [33m 720[2mms[22m[39m
     [33m[2m✓[22m[39m requires real confirmation hashes and grants no approval to a draft [33m 712[2mms[22m[39m
     [33m[2m✓[22m[39m blocks target byte drift despite equal behavior and separates export errors [33m 545[2mms[22m[39m
 [32m✓[39m tests/integration/storage/completion.test.ts [2m([22m[2m3 tests[22m[2m)[22m[33m 1539[2mms[22m[39m
   [33m[2m✓[22m[39m binds restricted context bytes and completion to the sealed manifest, retaining old event compatibility [33m 1226[2mms[22m[39m

[2m Test Files [22m [1m[32m35 passed[39m[22m[90m (35)[39m
[2m      Tests [22m [1m[32m242 passed[39m[22m[90m (242)[39m
[2m   Start at [22m 16:25:48
[2m   Duration [22m 1961.17s[2m (transform 2.86s, setup 0ms, import 22.55s, tests 3886.32s, environment 4ms)[22m

