
 RUN  v4.0.18 G:/StackGate

 ❯ tests/integration/cli/static-workflow.test.ts (3 tests | 3 failed) 4820ms
   × previews init without writes and applies only absent files preserving existing content 543ms
   × task and trust machine previews implement required data fields without running code 2313ms
   × scan returns breaking data with exit zero and never claims runtime or gate success 1962ms

⎯⎯⎯⎯⎯⎯⎯ Failed Tests 3 ⎯⎯⎯⎯⎯⎯⎯

 FAIL  tests/integration/cli/static-workflow.test.ts > previews init without writes and applies only absent files preserving existing content
AssertionError: file:///G:/StackGate/dist/cli.mjs:23919
          const executingFilePath = __filename.endsWith("sys.js") ? _path.join(_path.dirname(__dirname), "__fake__.js") : __filename;
                                    ^

ReferenceError: Cannot determine intended module format because both require() and top-level await are present. If the code is intended to be CommonJS, wrap await in an async function. If the code is intended to be an ES module, replace require() with import.
    at getNodeSystem (file:///G:/StackGate/dist/cli.mjs:23919:37)
    at file:///G:/StackGate/dist/cli.mjs:24310:18
    at file:///G:/StackGate/dist/cli.mjs:24316:9
    at node_modules/.pnpm/typescript@5.9.3/node_modules/typescript/lib/typescript.js (file:///G:/StackGate/dist/cli.mjs:226088:7)
    at __require2 (file:///G:/StackGate/dist/cli.mjs:16:52)
    at file:///G:/StackGate/dist/cli.mjs:232045:34
    at ModuleJob.run (node:internal/modules/esm/module_job:377:25)
    at async onImport.tracePromise.__proto__ (node:internal/modules/esm/loader:671:26)
    at async asyncRunEntryPointWithESMLoader (node:internal/modules/run_main:101:5) {
  code: 'ERR_AMBIGUOUS_MODULE_SYNTAX'
}

Node.js v24.11.1
: expected 1 to be +0 // Object.is equality

- Expected
+ Received

- 0
+ 1

 ❯ getNodeSystem dist/cli.mjs:23919:37
 ❯ dist/cli.mjs:24310:18
 ❯ dist/cli.mjs:24316:9
 ❯ node_modules/.pnpm/typescript@5.9.3/node_modules/typescript/lib/typescript.js dist/cli.mjs:226088:7
 ❯ __require2 dist/cli.mjs:16:52
 ❯ dist/cli.mjs:232045:34
 ❯ tests/integration/cli/static-workflow.test.ts:12:144
     10| it('previews init without writes and applies only absent files preserv…
     11|   const root=path.join(parent,'中文 项目');await fs.mkdir(root);await fs.w…
     12|   const before=await fs.readdir(root),preview=runCli(root,'init','--pr…
       |                                                                                                                                                ^
     13|   const proposal=JSON.parse(preview.stdout).data;expect(proposal.files…
     14|   const applied=runCli(root,'init','--preset','fastapi-react','--apply…
 ❯ withTestDirectory tests/support/test-paths.ts:7:16

⎯⎯⎯⎯⎯⎯⎯⎯⎯⎯⎯⎯⎯⎯⎯⎯⎯⎯⎯⎯⎯⎯⎯⎯[1/3]⎯

 FAIL  tests/integration/cli/static-workflow.test.ts > task and trust machine previews implement required data fields without running code
AssertionError: file:///G:/StackGate/dist/cli.mjs:23919
          const executingFilePath = __filename.endsWith("sys.js") ? _path.join(_path.dirname(__dirname), "__fake__.js") : __filename;
                                    ^

ReferenceError: Cannot determine intended module format because both require() and top-level await are present. If the code is intended to be CommonJS, wrap await in an async function. If the code is intended to be an ES module, replace require() with import.
    at getNodeSystem (file:///G:/StackGate/dist/cli.mjs:23919:37)
    at file:///G:/StackGate/dist/cli.mjs:24310:18
    at file:///G:/StackGate/dist/cli.mjs:24316:9
    at node_modules/.pnpm/typescript@5.9.3/node_modules/typescript/lib/typescript.js (file:///G:/StackGate/dist/cli.mjs:226088:7)
    at __require2 (file:///G:/StackGate/dist/cli.mjs:16:52)
    at file:///G:/StackGate/dist/cli.mjs:232045:34
    at ModuleJob.run (node:internal/modules/esm/module_job:377:25)
    at async onImport.tracePromise.__proto__ (node:internal/modules/esm/loader:671:26)
    at async asyncRunEntryPointWithESMLoader (node:internal/modules/run_main:101:5) {
  code: 'ERR_AMBIGUOUS_MODULE_SYNTAX'
}

Node.js v24.11.1
: expected 1 to be +0 // Object.is equality

- Expected
+ Received

- 0
+ 1

 ❯ getNodeSystem dist/cli.mjs:23919:37
 ❯ dist/cli.mjs:24310:18
 ❯ dist/cli.mjs:24316:9
 ❯ node_modules/.pnpm/typescript@5.9.3/node_modules/typescript/lib/typescript.js dist/cli.mjs:226088:7
 ❯ __require2 dist/cli.mjs:16:52
 ❯ dist/cli.mjs:232045:34
 ❯ tests/integration/cli/static-workflow.test.ts:22:125


⎯⎯⎯⎯⎯⎯⎯⎯⎯⎯⎯⎯⎯⎯⎯⎯⎯⎯⎯⎯⎯⎯⎯⎯[2/3]⎯

 FAIL  tests/integration/cli/static-workflow.test.ts > scan returns breaking data with exit zero and never claims runtime or gate success
AssertionError: file:///G:/StackGate/dist/cli.mjs:23919
          const executingFilePath = __filename.endsWith("sys.js") ? _path.join(_path.dirname(__dirname), "__fake__.js") : __filename;
                                    ^

ReferenceError: Cannot determine intended module format because both require() and top-level await are present. If the code is intended to be CommonJS, wrap await in an async function. If the code is intended to be an ES module, replace require() with import.
    at getNodeSystem (file:///G:/StackGate/dist/cli.mjs:23919:37)
    at file:///G:/StackGate/dist/cli.mjs:24310:18
    at file:///G:/StackGate/dist/cli.mjs:24316:9
    at node_modules/.pnpm/typescript@5.9.3/node_modules/typescript/lib/typescript.js (file:///G:/StackGate/dist/cli.mjs:226088:7)
    at __require2 (file:///G:/StackGate/dist/cli.mjs:16:52)
    at file:///G:/StackGate/dist/cli.mjs:232045:34
    at ModuleJob.run (node:internal/modules/esm/module_job:377:25)
    at async onImport.tracePromise.__proto__ (node:internal/modules/esm/loader:671:26)
    at async asyncRunEntryPointWithESMLoader (node:internal/modules/run_main:101:5) {
  code: 'ERR_AMBIGUOUS_MODULE_SYNTAX'
}

Node.js v24.11.1
: expected 1 to be +0 // Object.is equality

- Expected
+ Received

- 0
+ 1

 ❯ getNodeSystem dist/cli.mjs:23919:37
 ❯ dist/cli.mjs:24310:18
 ❯ dist/cli.mjs:24316:9
 ❯ node_modules/.pnpm/typescript@5.9.3/node_modules/typescript/lib/typescript.js dist/cli.mjs:226088:7
 ❯ __require2 dist/cli.mjs:16:52
 ❯ dist/cli.mjs:232045:34
 ❯ tests/integration/cli/static-workflow.test.ts:31:118


⎯⎯⎯⎯⎯⎯⎯⎯⎯⎯⎯⎯⎯⎯⎯⎯⎯⎯⎯⎯⎯⎯⎯⎯[3/3]⎯


 Test Files  1 failed (1)
      Tests  3 failed (3)
   Start at  11:07:43
   Duration  5.66s (transform 82ms, setup 0ms, import 144ms, tests 4.82s, environment 0ms)

