
 RUN  v4.0.18 G:/StackGate

 ❯ tests/security/redaction.test.ts (6 tests | 1 failed) 6ms
   ✓ redacts split headers, known secrets, cookies and URL passwords before emitting text 1ms
   ✓ preserves split UTF-8 while stripping ANSI and escaping untrusted Markdown presentation 1ms
   ✓ discards overlong unfinished lines instead of exposing their secret suffix 0ms
   ✓ redacts common database password fields without storing a raw secret hash 0ms
   ✓ redacts each line of a supplied multiline credential across stream chunks 0ms
   × redacts quoted JSON header values embedded in ordinary log text 3ms

⎯⎯⎯⎯⎯⎯⎯ Failed Tests 1 ⎯⎯⎯⎯⎯⎯⎯

 FAIL  tests/security/redaction.test.ts > redacts quoted JSON header values embedded in ordinary log text
AssertionError: expected 'log {"Authorization":"canary-header",…' not to match /canary-header|canary-cookie/

- Expected: 
/canary-header|canary-cookie/

+ Received: 
"log {\"Authorization\":\"canary-header\",\"Cookie\":\"canary-cookie\"}"

 ❯ tests/security/redaction.test.ts:16:164


⎯⎯⎯⎯⎯⎯⎯⎯⎯⎯⎯⎯⎯⎯⎯⎯⎯⎯⎯⎯⎯⎯⎯⎯[1/1]⎯


 Test Files  1 failed (1)
      Tests  1 failed | 5 passed (6)
   Start at  22:08:43
   Duration  345ms (transform 28ms, setup 0ms, import 89ms, tests 6ms, environment 0ms)

