$ node scripts/test-unit.mjs

 RUN  v4.0.18 G:/StackGate

 ✓ tests/unit/storage/paths.test.ts (27 tests) 149ms
 ✓ tests/unit/tool-registry.test.ts (4 tests) 181ms
 ✓ tests/unit/storage/atomic-write.test.ts (6 tests) 202ms
 ✓ tests/unit/impact/selection.test.ts (6 tests) 18ms
 ✓ tests/unit/gate/exit-priority.test.ts (65 tests) 19ms
 ✓ tests/unit/gate/truth-table.test.ts (22 tests) 22ms
 ✓ tests/unit/openapi/safe-loader.test.ts (60 tests) 181ms
 ✓ tests/unit/impact/typescript.test.ts (6 tests) 26ms
 ✓ tests/unit/contracts/primitives.test.ts (13 tests) 80ms
 ✓ tests/unit/contracts/run-schema.test.ts (24 tests) 164ms
 ✓ tests/unit/policy/drift.test.ts (7 tests) 8ms
 ✓ tests/unit/freshness.test.ts (46 tests) 8ms
 ✓ tests/unit/gate/acceptance-boundaries.test.ts (11 tests) 9ms
 ✓ tests/unit/openapi/three-way.test.ts (10 tests) 11ms
 ✓ tests/unit/storage/hash.test.ts (17 tests) 7ms
 ✓ tests/unit/contracts/config-schema.test.ts (9 tests) 123ms
 ✓ tests/unit/openapi/public-scan-report.test.ts (1 test) 11ms
 ✓ tests/unit/impact/mappings.test.ts (6 tests) 18ms
 ✓ tests/unit/config/merge.test.ts (3 tests) 6ms
 ✓ tests/unit/contracts/task-schema.test.ts (17 tests) 79ms
 ✓ tests/unit/openapi/runtime-validator.test.ts (23 tests) 409ms
 ✓ tests/unit/config/parse.test.ts (7 tests) 85ms
 ✓ tests/unit/fixtures.test.ts (10 tests) 730ms
   ✓ validates all OpenAPI documents against the retained official document schema and strict response schemas  638ms
 ✓ tests/unit/config/execution-inputs.test.ts (3 tests) 57ms
 ✓ tests/unit/plan/dag.test.ts (13 tests) 70ms
 ✓ tests/unit/select-checks.test.ts (6 tests) 74ms
 ✓ tests/unit/config/init-safety.test.ts (6 tests) 227ms
 ✓ tests/unit/storage/cache.test.ts (5 tests) 946ms
   ✓ bounds retained bytes and never follows a substituted cache link  440ms
 ✓ tests/unit/bootstrap.test.ts (5 tests) 2738ms
   ✓ built help is executable without a TypeScript runtime  446ms
   ✓ rejects unsupported arguments and combinations with exit 64  1394ms
   ✓ an empty test selection exits nonzero  597ms
 ✓ tests/unit/ports.test.ts (27 tests) 6151ms
   ✓ runs the AST checker and rejects domain IO  515ms
   ✓ runs the AST checker and rejects domain dynamic IO  638ms
   ✓ runs the AST checker and rejects domain time  536ms
   ✓ runs the AST checker and rejects domain date constructor  434ms
   ✓ runs the AST checker and rejects domain environment  320ms
   ✓ runs the AST checker and rejects domain console IO  322ms
   ✓ runs the AST checker and rejects domain require alias  311ms
   ✓ runs the AST checker and rejects domain indirect random  302ms
   ✓ runs the AST checker and rejects domain spread clock  306ms
   ✓ runs the AST checker and rejects domain network  325ms
   ✓ runs the AST checker and rejects reporter computed execution  313ms
   ✓ runs the AST checker and rejects reporter destructured execution  309ms
   ✓ rejects IO reached indirectly through a domain helper  304ms
   ✓ allows pure objects, type-only ports and words in comments or strings  316ms

 Test Files  30 passed (30)
      Tests  465 passed (465)
   Start at  22:15:37
   Duration  7.05s (transform 2.88s, setup 0ms, import 21.15s, tests 12.81s, environment 4ms)

✔ audit records retain actual child failure and repository identity (331.8482ms)
✔ built CLI help exposes only implemented commands (283.4513ms)
✔ unknown CLI option returns configuration error (260.2837ms)
✔ plan has 100 unique sequential tasks and original dependencies (1.8576ms)
✔ rejects duplicate ID (0.6476ms)
✔ rejects missing dependency (0.6224ms)
✔ rejects dependency cycle (0.885ms)
✔ rejects DONE without evidence (0.5211ms)
✔ rejects illegal status (0.6281ms)
✔ rejects early READY (0.5517ms)
✔ rejects missing task (0.5754ms)
✔ rejects absolute file path (0.7473ms)
✔ rejects absolute evidence path (0.5752ms)
✔ rejects traversal evidence path (0.4514ms)
✔ rejects failed-only DONE (0.528ms)
✔ source is preserved byte-for-byte and matches the supplied SHA-256 (1.9442ms)
✔ source inspection rejects missing or changed content (1.2434ms)
✔ verify-tasks CLI returns nonzero and identifies the task with SG-999 dependency (75.6695ms)
✔ DONE requires actual implementation files even with valid task evidence (1.4127ms)
✔ DONE cannot borrow another task successful evidence (37.5812ms)
✔ evidence runner records task ownership and preserves a failed child exit code (324.4873ms)
✔ negative cases do not mutate the shared plan baseline (0.8113ms)
✔ M1 requires every M0 check, actual integration checks and the real oasdiff capability (1.618ms)
✔ M0 rejects removed, duplicate and arbitrary shell checks (0.1401ms)
✔ unknown tools block any stage requiring them (0.1567ms)
✔ a real failed child command propagates its exit and retains its identity (81.4897ms)
✔ missing source removes only previously packaged exact tool, preserving unrelated files (22.657ms)
ℹ tests 27
ℹ suites 0
ℹ pass 27
ℹ fail 0
ℹ cancelled 0
ℹ skipped 0
ℹ todo 0
ℹ duration_ms 635.3802
