
 RUN  v4.0.18 G:/StackGate

 ❯ tests/security/redaction.test.ts (5 tests | 1 failed) 6ms
   ✓ redacts split headers, known secrets, cookies and URL passwords before emitting text 1ms
   ✓ preserves split UTF-8 while stripping ANSI and escaping untrusted Markdown presentation 1ms
   ✓ discards overlong unfinished lines instead of exposing their secret suffix 0ms
   ✓ redacts common database password fields without storing a raw secret hash 0ms
   × redacts each line of a supplied multiline credential across stream chunks 3ms

⎯⎯⎯⎯⎯⎯⎯ Failed Tests 1 ⎯⎯⎯⎯⎯⎯⎯

 FAIL  tests/security/redaction.test.ts > redacts each line of a supplied multiline credential across stream chunks
AssertionError: expected 'PRIVATE_FIRST\nPRIVATE_SECOND\n' not to contain 'PRIVATE_FIRST'

- Expected
+ Received

  PRIVATE_FIRST
+ PRIVATE_SECOND
+

 ❯ tests/security/redaction.test.ts:15:290



 Test Files  1 failed (1)
      Tests  1 failed | 4 passed (5)
   Start at  22:01:06
   Duration  382ms (transform 33ms, setup 0ms, import 85ms, tests 6ms, environment 0ms)

⎯⎯⎯⎯⎯⎯⎯⎯⎯⎯⎯⎯⎯⎯⎯⎯⎯⎯⎯⎯⎯⎯⎯⎯[1/1]⎯

