
 RUN  v4.0.18 G:/StackGate

 ❯ tests/unit/fixtures.test.ts (9 tests | 9 failed) 12ms
   × default baseline equals target bytes and correct candidate has the same behavior projection 4ms
   × preserves string and missing-field faults and does not coerce actual responses 1ms
   × intentional upgrade binds exact operation and real before/after byte hashes 1ms
   × validates complete pass goldens without treating them as observed runs 1ms
   × validates complete fail goldens without treating them as observed runs 1ms
   × validates complete incomplete goldens without treating them as observed runs 0ms
   × validates complete error goldens without treating them as observed runs 0ms
   × validates complete stale goldens without treating them as observed runs 0ms
   × factory overrides and fixture reads are isolated 2ms

⎯⎯⎯⎯⎯⎯⎯ Failed Tests 9 ⎯⎯⎯⎯⎯⎯⎯

 FAIL  tests/unit/fixtures.test.ts > default baseline equals target bytes and correct candidate has the same behavior projection
Error: ENOENT: no such file or directory, open 'G:\StackGate\tests\fixtures\contracts\baseline.json'
 ❯ tests/unit/fixtures.test.ts:11:20
      9| const responseSchema = (document: any) => document.paths['/api/perform…
     10| it('default baseline equals target bytes and correct candidate has the…
     11|   const baseline = readFileSync('tests/fixtures/contracts/baseline.jso…
       |                    ^
     12|   const target = readFileSync('tests/fixtures/contracts/target.json');
     13|   expect(baseline.equals(target)).toBe(true);

⎯⎯⎯⎯⎯⎯⎯⎯⎯⎯⎯⎯⎯⎯⎯⎯⎯⎯⎯⎯⎯⎯⎯⎯[1/9]⎯

 FAIL  tests/unit/fixtures.test.ts > preserves string and missing-field faults and does not coerce actual responses
Error: ENOENT: no such file or directory, open 'G:\StackGate\tests\fixtures\contracts\target.json'
 ❯ fixture tests/unit/fixtures.test.ts:8:51
      6| import { evaluateGate } from '../../packages/core/src/domain/evaluate-…
      7| import { createCheckFact, createGateInput } from '../support/factories…
      8| const fixture = (name: string): any => JSON.parse(readFileSync('tests/…
       |                                                   ^
      9| const responseSchema = (document: any) => document.paths['/api/perform…
     10| it('default baseline equals target bytes and correct candidate has the…
 ❯ tests/unit/fixtures.test.ts:17:33

⎯⎯⎯⎯⎯⎯⎯⎯⎯⎯⎯⎯⎯⎯⎯⎯⎯⎯⎯⎯⎯⎯⎯⎯[2/9]⎯

 FAIL  tests/unit/fixtures.test.ts > intentional upgrade binds exact operation and real before/after byte hashes
Error: ENOENT: no such file or directory, open 'G:\StackGate\tests\fixtures\tasks\approved-upgrade.json'
 ❯ fixture tests/unit/fixtures.test.ts:8:51
      6| import { evaluateGate } from '../../packages/core/src/domain/evaluate-…
      7| import { createCheckFact, createGateInput } from '../support/factories…
      8| const fixture = (name: string): any => JSON.parse(readFileSync('tests/…
       |                                                   ^
      9| const responseSchema = (document: any) => document.paths['/api/perform…
     10| it('default baseline equals target bytes and correct candidate has the…
 ❯ tests/unit/fixtures.test.ts:31:14

⎯⎯⎯⎯⎯⎯⎯⎯⎯⎯⎯⎯⎯⎯⎯⎯⎯⎯⎯⎯⎯⎯⎯⎯[3/9]⎯

 FAIL  tests/unit/fixtures.test.ts > validates complete pass goldens without treating them as observed runs
Error: ENOENT: no such file or directory, open 'G:\StackGate\tests\fixtures\gate\pass.json'
 ❯ fixture tests/unit/fixtures.test.ts:8:51
      6| import { evaluateGate } from '../../packages/core/src/domain/evaluate-…
      7| import { createCheckFact, createGateInput } from '../support/factories…
      8| const fixture = (name: string): any => JSON.parse(readFileSync('tests/…
       |                                                   ^
      9| const responseSchema = (document: any) => document.paths['/api/perform…
     10| it('default baseline equals target bytes and correct candidate has the…
 ❯ tests/unit/fixtures.test.ts:41:16

⎯⎯⎯⎯⎯⎯⎯⎯⎯⎯⎯⎯⎯⎯⎯⎯⎯⎯⎯⎯⎯⎯⎯⎯[4/9]⎯

 FAIL  tests/unit/fixtures.test.ts > validates complete fail goldens without treating them as observed runs
Error: ENOENT: no such file or directory, open 'G:\StackGate\tests\fixtures\gate\fail.json'
 ❯ fixture tests/unit/fixtures.test.ts:8:51
      6| import { evaluateGate } from '../../packages/core/src/domain/evaluate-…
      7| import { createCheckFact, createGateInput } from '../support/factories…
      8| const fixture = (name: string): any => JSON.parse(readFileSync('tests/…
       |                                                   ^
      9| const responseSchema = (document: any) => document.paths['/api/perform…
     10| it('default baseline equals target bytes and correct candidate has the…
 ❯ tests/unit/fixtures.test.ts:41:16

⎯⎯⎯⎯⎯⎯⎯⎯⎯⎯⎯⎯⎯⎯⎯⎯⎯⎯⎯⎯⎯⎯⎯⎯[5/9]⎯

 FAIL  tests/unit/fixtures.test.ts > validates complete incomplete goldens without treating them as observed runs
Error: ENOENT: no such file or directory, open 'G:\StackGate\tests\fixtures\gate\incomplete.json'
 ❯ fixture tests/unit/fixtures.test.ts:8:51
      6| import { evaluateGate } from '../../packages/core/src/domain/evaluate-…
      7| import { createCheckFact, createGateInput } from '../support/factories…
      8| const fixture = (name: string): any => JSON.parse(readFileSync('tests/…
       |                                                   ^
      9| const responseSchema = (document: any) => document.paths['/api/perform…
     10| it('default baseline equals target bytes and correct candidate has the…
 ❯ tests/unit/fixtures.test.ts:41:16

⎯⎯⎯⎯⎯⎯⎯⎯⎯⎯⎯⎯⎯⎯⎯⎯⎯⎯⎯⎯⎯⎯⎯⎯[6/9]⎯

 FAIL  tests/unit/fixtures.test.ts > validates complete error goldens without treating them as observed runs
Error: ENOENT: no such file or directory, open 'G:\StackGate\tests\fixtures\gate\error.json'
 ❯ fixture tests/unit/fixtures.test.ts:8:51
      6| import { evaluateGate } from '../../packages/core/src/domain/evaluate-…
      7| import { createCheckFact, createGateInput } from '../support/factories…
      8| const fixture = (name: string): any => JSON.parse(readFileSync('tests/…
       |                                                   ^
      9| const responseSchema = (document: any) => document.paths['/api/perform…
     10| it('default baseline equals target bytes and correct candidate has the…
 ❯ tests/unit/fixtures.test.ts:41:16

⎯⎯⎯⎯⎯⎯⎯⎯⎯⎯⎯⎯⎯⎯⎯⎯⎯⎯⎯⎯⎯⎯⎯⎯[7/9]⎯

 FAIL  tests/unit/fixtures.test.ts > validates complete stale goldens without treating them as observed runs
Error: ENOENT: no such file or directory, open 'G:\StackGate\tests\fixtures\gate\stale.json'
 ❯ fixture tests/unit/fixtures.test.ts:8:51
      6| import { evaluateGate } from '../../packages/core/src/domain/evaluate-…
      7| import { createCheckFact, createGateInput } from '../support/factories…
      8| const fixture = (name: string): any => JSON.parse(readFileSync('tests/…
       |                                                   ^
      9| const responseSchema = (document: any) => document.paths['/api/perform…
     10| it('default baseline equals target bytes and correct candidate has the…
 ❯ tests/unit/fixtures.test.ts:41:16

⎯⎯⎯⎯⎯⎯⎯⎯⎯⎯⎯⎯⎯⎯⎯⎯⎯⎯⎯⎯⎯⎯⎯⎯[8/9]⎯

 FAIL  tests/unit/fixtures.test.ts > factory overrides and fixture reads are isolated
Error: ENOENT: no such file or directory, open 'G:\StackGate\tests\fixtures\contracts\target.json'
 ❯ fixture tests/unit/fixtures.test.ts:8:51
      6| import { evaluateGate } from '../../packages/core/src/domain/evaluate-…
      7| import { createCheckFact, createGateInput } from '../support/factories…
      8| const fixture = (name: string): any => JSON.parse(readFileSync('tests/…
       |                                                   ^
      9| const responseSchema = (document: any) => document.paths['/api/perform…
     10| it('default baseline equals target bytes and correct candidate has the…
 ❯ tests/unit/fixtures.test.ts:53:3

⎯⎯⎯⎯⎯⎯⎯⎯⎯⎯⎯⎯⎯⎯⎯⎯⎯⎯⎯⎯⎯⎯⎯⎯[9/9]⎯


 Test Files  1 failed (1)
      Tests  9 failed (9)
   Start at  09:10:34
   Duration  1.38s (transform 245ms, setup 0ms, import 748ms, tests 12ms, environment 0ms)

