
 RUN  v4.0.18 G:/StackGate

 ❯ tests/integration/git/input-manifest.test.ts (16 tests | 1 failed | 15 skipped) 2431ms
     × emits schema-valid SafeIds in a real captured manifest 2429ms
     ↓ hashes final bytes B while keeping staged A and unstaged explanations
     ↓ includes untracked source and dependency locks in input hash
     ↓ retains tombstones for staged and unstaged deletions
     ↓ explicitly includes ignored build inputs and diagnoses missing required inputs
     ↓ excludes declared outputs and credential files with reasons
     ↓ blocks oversized files, LFS pointers and unresolved generated inputs
     ↓ blocks submodules and out-of-root directory links
     ↓ keeps documentation as input unless explicitly excluded
     ↓ respects nested ignore rules during safe directory enumeration
     ↓ does not run configured external diff or text conversion commands
     ↓ keeps task payload changes but excludes only StackGate state artifacts
     ↓ detects index entries whose object is missing
     ↓ hashes binary and CRLF bytes without normalizing them
     ↓ does not execute configured clean filters while computing dirty changes
     ↓ blocks CRLF LFS pointers and emulated symlink checkouts

⎯⎯⎯⎯⎯⎯⎯ Failed Tests 1 ⎯⎯⎯⎯⎯⎯⎯

 FAIL  tests/integration/git/input-manifest.test.ts > complete input byte capture > emits schema-valid SafeIds in a real captured manifest
AssertionError: expected '9bf247cfc6963d9d2a8b4efd926490999ebf4…' to match /^repo_[a-f0-9]{64}$/

- Expected: 
/^repo_[a-f0-9]{64}$/

+ Received: 
"9bf247cfc6963d9d2a8b4efd926490999ebf467f48f82d6453c337a8651f0ca4"

 ❯ tests/integration/git/input-manifest.test.ts:13:153


⎯⎯⎯⎯⎯⎯⎯⎯⎯⎯⎯⎯⎯⎯⎯⎯⎯⎯⎯⎯⎯⎯⎯⎯[1/1]⎯


 Test Files  1 failed (1)
      Tests  1 failed | 15 skipped (16)
   Start at  11:04:26
   Duration  4.13s (transform 366ms, setup 0ms, import 1.06s, tests 2.43s, environment 0ms)

