$ node scripts/verify-stage.mjs "--" "--stage" "M1"
Stage check: node scripts/verify-source.mjs
{
  "sources": [
    {
      "original": "StackGate_功能与架构设计_v0.1.md",
      "retained": "docs/specs/stackgate-v0.1.md",
      "sha256": "56b349eda55673090dee2c611baa250b90f1afa5a3f85a0e78c670fa553af8a9",
      "expected_sha256": "56b349eda55673090dee2c611baa250b90f1afa5a3f85a0e78c670fa553af8a9",
      "bytes": 73743
    },
    {
      "original": "StackGate_Codex可执行开发任务规划_v0.1.md",
      "retained": "docs/plans/2026-09-18-stackgate-v0.1-execution.md",
      "sha256": "faca196c04dd4a420046415e1bce49411f2fc3e42d54c70859647da904133e17",
      "expected_sha256": null,
      "bytes": 335286
    }
  ],
  "errors": []
}
Stage check: node scripts/verify-tasks.mjs
Validated 100 tasks, dependencies, states, files and recorded evidence.
Stage check: node scripts/verify-schemas.mjs
Validated 7 OpenAPI documents and strict fixture response schemas (no network at verification time)
Validated 23 schemas, 19 fixtures, generated type drift: none
Stage check: node scripts/verify-boundaries.mjs
Verified module boundaries for 104 product source files using the TypeScript AST.
Stage check: node scripts/build.mjs
Built: cli, contracts, core
Stage check: node node_modules/typescript/bin/tsc --noEmit
Stage check: node scripts/test-unit.mjs

 RUN  v4.0.18 G:/StackGate

 ✓ tests/unit/storage/paths.test.ts (27 tests) 407ms
 ✓ tests/unit/storage/hash.test.ts (17 tests) 16ms
 ✓ tests/unit/impact/selection.test.ts (6 tests) 46ms
 ✓ tests/unit/freshness.test.ts (46 tests) 27ms
 ✓ tests/unit/storage/atomic-write.test.ts (6 tests) 567ms
 ✓ tests/unit/config/merge.test.ts (3 tests) 13ms
 ✓ tests/unit/policy/drift.test.ts (7 tests) 19ms
 ✓ tests/unit/gate/acceptance-boundaries.test.ts (11 tests) 21ms
 ✓ tests/unit/gate/truth-table.test.ts (22 tests) 27ms
 ✓ tests/unit/gate/exit-priority.test.ts (65 tests) 57ms
 ✓ tests/unit/openapi/safe-loader.test.ts (60 tests) 262ms
 ✓ tests/unit/contracts/primitives.test.ts (13 tests) 210ms
 ✓ tests/unit/impact/mappings.test.ts (6 tests) 38ms
 ✓ tests/unit/contracts/run-schema.test.ts (24 tests) 405ms
 ✓ tests/unit/openapi/public-scan-report.test.ts (1 test) 9ms
 ✓ tests/unit/openapi/three-way.test.ts (10 tests) 17ms
 ✓ tests/unit/impact/typescript.test.ts (6 tests) 37ms
 ✓ tests/unit/contracts/config-schema.test.ts (9 tests) 161ms
 ✓ tests/unit/contracts/task-schema.test.ts (17 tests) 138ms
 ✓ tests/unit/config/parse.test.ts (7 tests) 160ms
 ✓ tests/unit/config/init-safety.test.ts (6 tests) 531ms
 ✓ tests/unit/openapi/runtime-validator.test.ts (23 tests) 738ms
 ✓ tests/unit/fixtures.test.ts (10 tests) 1279ms
   ✓ validates all OpenAPI documents against the retained official document schema and strict response schemas  1154ms
 ✓ tests/unit/bootstrap.test.ts (5 tests) 5388ms
   ✓ built help is executable without a TypeScript runtime  1287ms
   ✓ rejects unsupported arguments and combinations with exit 64  2375ms
   ✓ prints package version  515ms
   ✓ an empty test selection exits nonzero  1206ms
 ✓ tests/unit/ports.test.ts (27 tests) 10493ms
   ✓ runs the AST checker and rejects domain IO  1625ms
   ✓ runs the AST checker and rejects domain dynamic IO  1163ms
   ✓ runs the AST checker and rejects domain time  683ms
   ✓ runs the AST checker and rejects domain date constructor  631ms
   ✓ runs the AST checker and rejects domain environment  555ms
   ✓ runs the AST checker and rejects domain console IO  517ms
   ✓ runs the AST checker and rejects domain require alias  551ms
   ✓ runs the AST checker and rejects domain indirect random  503ms
   ✓ runs the AST checker and rejects domain spread clock  470ms
   ✓ runs the AST checker and rejects domain network  436ms
   ✓ runs the AST checker and rejects test fake import  430ms
   ✓ runs the AST checker and rejects reporter runner  471ms
   ✓ runs the AST checker and rejects reporter execution  514ms
   ✓ runs the AST checker and rejects reporter computed execution  517ms
   ✓ runs the AST checker and rejects reporter destructured execution  464ms
   ✓ rejects IO reached indirectly through a domain helper  455ms
   ✓ allows pure objects, type-only ports and words in comments or strings  493ms

 Test Files  25 passed (25)
      Tests  434 passed (434)
   Start at  11:15:58
   Duration  12.47s (transform 5.64s, setup 0ms, import 25.79s, tests 21.07s, environment 23ms)

✔ built CLI help exposes only implemented commands (511.1431ms)
✔ unknown CLI option returns configuration error (388.3611ms)
✔ plan has 100 unique sequential tasks and original dependencies (3.5685ms)
✔ rejects duplicate ID (1.3268ms)
✔ rejects missing dependency (1.1196ms)
✔ rejects dependency cycle (2.2187ms)
✔ rejects DONE without evidence (1.5659ms)
✔ rejects illegal status (1.3259ms)
✔ rejects early READY (1.1129ms)
✔ rejects missing task (1.0157ms)
✔ rejects absolute file path (1.4679ms)
✔ rejects absolute evidence path (1.0148ms)
✔ rejects traversal evidence path (0.8948ms)
✔ rejects failed-only DONE (0.9475ms)
✔ source is preserved byte-for-byte and matches the supplied SHA-256 (3.0745ms)
✔ source inspection rejects missing or changed content (2.1647ms)
✔ verify-tasks CLI returns nonzero and identifies the task with SG-999 dependency (120.0592ms)
✔ DONE requires actual implementation files even with valid task evidence (2.2528ms)
✔ DONE cannot borrow another task successful evidence (52.5051ms)
✔ evidence runner records task ownership and preserves a failed child exit code (210.2329ms)
✔ negative cases do not mutate the shared plan baseline (1.3312ms)
✔ M1 requires every M0 check, actual integration checks and the real oasdiff capability (2.5543ms)
✔ M0 rejects removed, duplicate and arbitrary shell checks (0.2277ms)
✔ unknown tools block any stage requiring them (0.2669ms)
✔ a real failed child command propagates its exit and retains its identity (146.5984ms)
ℹ tests 25
ℹ suites 0
ℹ pass 25
ℹ fail 0
ℹ cancelled 0
ℹ skipped 0
ℹ todo 0
ℹ duration_ms 1028.5508
Stage check: node node_modules/eslint/bin/eslint.js .
Stage check: node node_modules/vitest/vitest.mjs run tests/contract

 RUN  v4.0.18 G:/StackGate

stdout | tests/contract/oasdiff.test.ts > SG020 real pinned oasdiff adapter > retains real version, raw IDs, raw JSON, original hashes and business exit status
{"fixture":"type-change","status":"FAIL","evidence":[{"command":"version","argv":["--version"],"stdout":"oasdiff version 1.32.1\n","stderr":"","exit_code":0,"signal":null,"version":"1.32.1","executable_sha256":"sha256:cce550834cddfa7584a5cfde8deb2a6a57effcbc445f040f4f7ac37da47e8173"},{"command":"breaking","argv":["breaking","C:\\Users\\17894\\AppData\\Local\\Temp\\stackgate-oasdiff-QN8vAp\\base.json","C:\\Users\\17894\\AppData\\Local\\Temp\\stackgate-oasdiff-QN8vAp\\target.json","--format","json","--allow-external-refs=false","--config","C:\\Users\\17894\\AppData\\Local\\Temp\\stackgate-oasdiff-QN8vAp\\oasdiff-config.json","--include-path-params","--auto-upgrade=false","--flatten-allof=false","--flatten-params=false","--fail-on","WARN"],"stdout":"[{\"id\":\"response-property-type-changed\",\"text\":\"the `data/performance/total_return` response's property `type` changed from `number` to `string` for status `200`\",\"level\":3,\"operation\":\"GET\",\"operationId\":\"getPerformance\",\"path\":\"/api/performance\",\"section\":\"paths\",\"fingerprint\":\"d4e087392f73\"}]\n","stderr":"","exit_code":1,"signal":null,"version":"1.32.1","executable_sha256":"sha256:cce550834cddfa7584a5cfde8deb2a6a57effcbc445f040f4f7ac37da47e8173","base_hash":"sha256:1a38de0d66d791dec4cc7ae6b3f9f2ae0aa3410ae7bbcb0c3bfd88cdf45aae8d","target_hash":"sha256:f5f78132329e73893ece7250514bd54906ed2db56e6a2215b261a0bff307f41d","audited_base_hash":"sha256:4fccf8fb30c0e712fcdfad06bd978906b22366af4532b8cd640c98061ad085bd","audited_target_hash":"sha256:a2527f9b8b2b416b0fd7292de08c7e1a9385819f41ed5ffb12132d46c67ab851"}]}

 ✓ tests/contract/toolchain.test.ts (5 tests) 3023ms
   ✓ runs real TypeScript program and compiler CLI diagnostics  1709ms
   ✓ build declarations are actually consumable with strict type checking  959ms
 ✓ tests/contract/oasdiff.test.ts (31 tests) 3899ms
     ✓ retains real version, raw IDs, raw JSON, original hashes and business exit status  357ms
     ✓ returns PASS only from real empty valid breaking output  357ms
     ✓ maps real removed-property finding target→candidate-missing  411ms
     ✓ maps real removed-property finding upgrade-baseline→upgrade-target  448ms
     ✓ preserves direction-dependent finding request-base→request-required  386ms
     ✓ preserves direction-dependent finding enum-base→enum-revision  366ms
     ✓ retains structural diff and distinguishes real empty diff  776ms

 Test Files  2 passed (2)
      Tests  36 passed (36)
   Start at  11:16:17
   Duration  5.13s (transform 501ms, setup 0ms, import 1.79s, tests 6.92s, environment 0ms)

Stage check: node node_modules/vitest/vitest.mjs run tests/integration

 RUN  v4.0.18 G:/StackGate

 ✓ tests/integration/cli/doctor.test.ts (5 tests) 6151ms
   ✓ rejects semantically missing check references in otherwise valid configuration  1066ms
   ✓ inspects a Chinese project without running postinstall, Python imports or writing state  1029ms
   ✓ returns precise invalid-config diagnostics and never scans a parent manifest  1079ms
   ✓ reports conflicting configuration files rather than choosing one  1106ms
   ✓ reports declared commands/workspaces missing without executing them  1869ms
 ✓ tests/integration/contracts/three-way.test.ts (8 tests) 4980ms
     ✓ uses real compatibility while missing candidate/runtime remain NOT_EXECUTED  590ms
     ✓ rejects absent target behavior independently of mutual breaking checks  1641ms
     ✓ requires real confirmation hashes and grants no approval to a draft  1432ms
     ✓ blocks target byte drift despite equal behavior and separates export errors  1278ms
 ✓ tests/integration/git/target-advance.test.ts (2 tests) 10141ms
   ✓ sees target advancement while preserving detached candidate identity and never fetching  4486ms
   ✓ invalidates untracked source changes at the same Git HEAD  5652ms
 ✓ tests/integration/git/baseline.test.ts (8 tests) 23146ms
     ✓ pins actual merge base and advancing target with detached HEAD  3507ms
     ✓ rejects missing refs and option-like refs  3088ms
     ✓ treats leading dash directory as path and hashes local identities  2512ms
     ✓ fails explicitly when shallow history cannot establish a common ancestor  3832ms
     ✓ rejects unresolved merges  4146ms
     ✓ disables repository fsmonitor and ignores hostile inherited Git environment  2163ms
     ✓ reports nonrepository distinctly  1062ms
     ✓ does not choose arbitrarily between multiple merge bases  2833ms
 ✓ tests/integration/cli/static-workflow.test.ts (3 tests) 39781ms
   ✓ previews init without writes and applies only absent files preserving existing content  2627ms
   ✓ task and trust machine previews implement required data fields without running code  30172ms
   ✓ scan returns breaking data with exit zero and never claims runtime or gate success  6979ms
 ✓ tests/integration/stages/m1.test.ts (3 tests) 54102ms
   ✓ keeps changed unsupported workspace sources visible even with an explicit mapping file  8111ms
   ✓ all M1 entrypoints leave postinstall, JavaScript and Python sentinels unexecuted  34539ms
   ✓ reports no baseline, untracked Chinese consumers, changed target and unknown schema honestly  11448ms
 ✓ tests/integration/git/input-manifest.test.ts (16 tests) 72717ms
     ✓ emits schema-valid SafeIds in a real captured manifest  4092ms
     ✓ hashes final bytes B while keeping staged A and unstaged explanations  4164ms
     ✓ includes untracked source and dependency locks in input hash  6712ms
     ✓ retains tombstones for staged and unstaged deletions  5032ms
     ✓ explicitly includes ignored build inputs and diagnoses missing required inputs  6342ms
     ✓ excludes declared outputs and credential files with reasons  4894ms
     ✓ blocks oversized files, LFS pointers and unresolved generated inputs  7229ms
     ✓ blocks submodules and out-of-root directory links  4650ms
     ✓ keeps documentation as input unless explicitly excluded  4246ms
     ✓ respects nested ignore rules during safe directory enumeration  3205ms
     ✓ does not run configured external diff or text conversion commands  3423ms
     ✓ keeps task payload changes but excludes only StackGate state artifacts  5407ms
     ✓ detects index entries whose object is missing  2957ms
     ✓ hashes binary and CRLF bytes without normalizing them  2874ms
     ✓ does not execute configured clean filters while computing dirty changes  2784ms
     ✓ blocks CRLF LFS pointers and emulated symlink checkouts  4704ms
 ✓ tests/integration/tasks/confirm.test.ts (10 tests) 86907ms
   ✓ does not treat a YAML CONFIRMED status as a confirmation record  6047ms
   ✓ confirms exact input into an immutable revision and repeats idempotently  16360ms
   ✓ rejects missing authorization, a changed target and mutated protected inputs  14676ms
   ✓ returns a null digest for missing target/check references  1559ms
   ✓ rejects changes during confirm and never seals a stale revision  10112ms
   ✓ rejects tampered immutable target and forces a new revision for changed task content  14903ms
   ✓ binds ignored protected inputs into the reviewed confirmation digest  9182ms
   ✓ rejects tampered task-derived preview fields and sealed local identity  10878ms
   ✓ rejects unsupported root-leading protected globs instead of omitting ignored files  1839ms
   ✓ rejects a required operation naming a service other than the target contract service  1349ms
 ✓ tests/integration/trust/review.test.ts (9 tests) 148473ms
   ✓ does not recognize mismatched grant IDs or permission scopes as trusted  36835ms
   ✓ refuses a script whose bytes are excluded by the credential-input policy  6109ms
   ✓ renews an expired matching record and preserves unrelated or concurrently changed records  36209ms
   ✓ rejects external script arguments and binds ignored scripts outside workspaces  17263ms
   ✓ binds inline code as arguments without interpreting code fragments as paths  3878ms
   ✓ binds resolved tool identity without launching it  9283ms
   ✓ previews names only and never trusts without explicit reviewed authorization  3645ms
   ✓ stores outside repository, binds scripts, arguments and origins, and does not become CI trust  19869ms
   ✓ refuses repository-contained trust stores and copying trust into another checkout  15376ms

 Test Files  9 passed (9)
      Tests  64 passed (64)
   Start at  11:16:23
   Duration  151.49s (transform 2.59s, setup 0ms, import 8.60s, tests 446.40s, environment 2ms)

M1 stage exit=0; child command evidence: docs/implementation/evidence/m1-stage-2026-09-20T03-18-54-891Z.json
