
 RUN  v4.0.18 G:/StackGate

 ❯ tests/integration/plan-service.test.ts (5 tests | 1 failed | 4 skipped) 36719ms
   ↓ persists a deterministic verified plan with exact ignored script bytes and required JUnit IDs
   ↓ rejects unconfirmed task or unreviewed trust before persisting an executable plan
   ↓ rechecks ignored script, policy and task identity, and rejects modified stored context
   × retains an explicitly required runtime check and marks unsupported local backend requirements blocked 36718ms
   ↓ keeps required e2e and an explicit environment dependency when M3 environment is unavailable

⎯⎯⎯⎯⎯⎯⎯ Failed Tests 1 ⎯⎯⎯⎯⎯⎯⎯

 FAIL  tests/integration/plan-service.test.ts > retains an explicitly required runtime check and marks unsupported local backend requirements blocked
AssertionError: expected { valid: false, …(6) } to match object { valid: false, …(3) }
(25 matching properties omitted from actual)

- Expected
+ Received

  {
-   "executable": false,
    "freshness": "FRESH",
-   "identity_valid": true,
    "valid": false,
  }

 ❯ tests/integration/plan-service.test.ts:64:56
     62|     expect(context.blockers).toContainEqual(expect.objectContaining({c…
     63|     expect(context.blockers).toContainEqual(expect.objectContaining({c…
     64|     expect(await service.inspectCurrent(plan.plan_id)).toMatchObject({…
       |                                                        ^
     65|   } finally { await f.close(); }
     66| });

⎯⎯⎯⎯⎯⎯⎯⎯⎯⎯⎯⎯⎯⎯⎯⎯⎯⎯⎯⎯⎯⎯⎯⎯[1/1]⎯


 Test Files  1 failed (1)
      Tests  1 failed | 4 skipped (5)
   Start at  22:02:33
   Duration  38.67s (transform 547ms, setup 0ms, import 1.71s, tests 36.72s, environment 0ms)

