
[1m[46m RUN [49m[22m [36mv4.0.18 [39m[90mG:/StackGate[39m

 [32m✓[39m tests/integration/environment/observation.test.ts [2m([22m[2m5 tests[22m[2m)[22m[33m 4681[2mms[22m[39m
   [33m[2m✓[22m[39m attests a real response with the exact bytes the client received [33m 990[2mms[22m[39m
   [33m[2m✓[22m[39m binds the observation to the launcher identity, never to a header the client sent [33m 944[2mms[22m[39m
   [33m[2m✓[22m[39m refuses a repeated request identity instead of overwriting the first record [33m 989[2mms[22m[39m
   [33m[2m✓[22m[39m serves an unauthorized run without creating any fact about it [33m 869[2mms[22m[39m
   [33m[2m✓[22m[39m keeps secret request headers out of the record tree and reclaims only its own process [33m 889[2mms[22m[39m
 [32m✓[39m tests/integration/environment/evidence-authentication.test.ts [2m([22m[2m17 tests[22m[2m)[22m[33m 9719[2mms[22m[39m
   [33m[2m✓[22m[39m authenticates a real run and cites stored artifact ids, not request ids [33m 485[2mms[22m[39m
   [33m[2m✓[22m[39m accepts the probe layer's sha256-prefixed digest only at the boundary [33m 435[2mms[22m[39m
   [33m[2m✓[22m[39m refuses a request id cited where a stored artifact id belongs [33m 399[2mms[22m[39m
   [33m[2m✓[22m[39m reads nothing for a path this run's index does not hold [33m 381[2mms[22m[39m
   [33m[2m✓[22m[39m refuses paths outside the run's own evidence tree instead of reading them [33m 889[2mms[22m[39m
   [33m[2m✓[22m[39m refuses evidence that belongs to another run [33m 1030[2mms[22m[39m
   [33m[2m✓[22m[39m refuses evidence replayed from another attempt [33m 777[2mms[22m[39m
   [33m[2m✓[22m[39m refuses tampered bytes whose index digest no longer matches the file [33m 495[2mms[22m[39m
   [33m[2m✓[22m[39m refuses a truncated response body and a truncated retention record [33m 838[2mms[22m[39m
   [33m[2m✓[22m[39m refuses when any lifecycle document is missing [33m 1030[2mms[22m[39m
   [33m[2m✓[22m[39m checks the stored document kind and structure instead of trusting the writer [33m 459[2mms[22m[39m
   [33m[2m✓[22m[39m keeps expected operations in the requirements, never in what the observation reports [33m 538[2mms[22m[39m
   [33m[2m✓[22m[39m grants no success to self-reported CONTROLLED provenance or a satisfied flag [33m 506[2mms[22m[39m
   [33m[2m✓[22m[39m keeps the pure core free of I/O and this path free of network and command execution [33m 501[2mms[22m[39m
   [33m[2m✓[22m[39m refuses a legacy assessment whose placeholder references resolve to nothing [33m 481[2mms[22m[39m
   [33m[2m✓[22m[39m documents that the pure function alone cannot tell a request id from an artifact id [33m 471[2mms[22m[39m

[2m Test Files [22m [1m[32m2 passed[39m[22m[90m (2)[39m
[2m      Tests [22m [1m[32m22 passed[39m[22m[90m (22)[39m
[2m   Start at [22m 00:52:41
[2m   Duration [22m 10.93s[2m (transform 430ms, setup 0ms, import 1.49s, tests 14.40s, environment 0ms)[22m

