
 RUN  v4.0.18 G:/StackGate

 ✓ tests/security/redaction.test.ts (4 tests) 5ms
 ❯ tests/security/artifact-budget.test.ts (3 tests | 1 failed) 244ms
   ✓ reserves structure capacity and fails critical reports rather than truncating them 4ms
   ✓ retains valid UTF-8 under truncation and reports exact bytes 0ms
   × ordinary evidence never receives unredacted logs; restricted binary remains excluded 238ms

⎯⎯⎯⎯⎯⎯⎯ Failed Tests 1 ⎯⎯⎯⎯⎯⎯⎯

 FAIL  tests/security/artifact-budget.test.ts > ordinary evidence never receives unredacted logs; restricted binary remains excluded
AssertionError: promise resolved "{ schema_version: '0.1', …(12) }" instead of rejecting

- Expected
+ Received

- Error {
-   "message": "rejected promise",
+ {
+   "artifact_id": "artifact_d6c0ed9ec3e3b045488ec097f2d60b99",
+   "artifact_kind": "report",
+   "attempt_id": "attempt_1",
+   "check_id": "unit",
+   "digest": "e3b0c44298fc1c149afbf4c8996fb92427ae41e4649b934ca495991b7852b855",
+   "media_type": "application/xml",
+   "redaction_state": "REDACTED",
+   "relative_path": "artifacts/checks/unit/attempt_1/report.xml",
+   "retention": {
+     "critical": true,
+     "original_bytes": 101,
+     "reason": null,
+     "retained_bytes": 0,
+     "truncated": false,
+   },
+   "run_id": "run_fixture",
+   "schema_version": "0.1",
+   "sensitivity": "regular",
+   "size": 0,
  }

 ❯ tests/security/artifact-budget.test.ts:19:177

 ❯ withTestDirectory tests/support/test-paths.ts:7:16

⎯⎯⎯⎯⎯⎯⎯⎯⎯⎯⎯⎯⎯⎯⎯⎯⎯⎯⎯⎯⎯⎯⎯⎯[1/1]⎯


 Test Files  1 failed | 1 passed (2)
      Tests  1 failed | 6 passed (7)
   Start at  21:58:58
   Duration  1.12s (transform 237ms, setup 0ms, import 710ms, tests 248ms, environment 0ms)

