✖ M1 requires every M0 check, actual integration checks and the real oasdiff capability (2.05ms)
✔ M0 rejects removed, duplicate and arbitrary shell checks (1.3284ms)
✔ unknown tools block any stage requiring them (0.29ms)
✔ a real failed child command propagates its exit and retains its identity (116.8034ms)
ℹ tests 4
ℹ suites 0
ℹ pass 3
ℹ fail 1
ℹ cancelled 0
ℹ skipped 0
ℹ todo 0
ℹ duration_ms 226.972

✖ failing tests:

test at tests\bootstrap\stage.test.mjs:8:1
✖ M1 requires every M0 check, actual integration checks and the real oasdiff capability (2.05ms)
  AssertionError [ERR_ASSERTION]: Expected values to be strictly deep-equal:
  + actual - expected
  
  + [
  +   'Unimplemented stage; only M0 has registered checks'
  + ]
  - []
  
      at TestContext.<anonymous> (file:///G:/StackGate/tests/bootstrap/stage.test.mjs:10:10)
      at Test.runInAsyncScope (node:async_hooks:214:14)
      at Test.run (node:internal/test_runner/test:1106:25)
      at Test.start (node:internal/test_runner/test:1003:17)
      at startSubtestAfterBootstrap (node:internal/test_runner/harness:358:17) {
    generatedMessage: true,
    code: 'ERR_ASSERTION',
    actual: [ 'Unimplemented stage; only M0 has registered checks' ],
    expected: [],
    operator: 'deepStrictEqual',
    diff: 'simple'
  }
