
 RUN  v4.0.18 G:/StackGate

 ✓ tests/unit/openapi/public-scan-report.test.ts (1 test) 7ms
 ✓ tests/unit/openapi/three-way.test.ts (10 tests) 12ms
 ✓ tests/unit/openapi/safe-loader.test.ts (60 tests) 149ms
stdout | tests/contract/oasdiff.test.ts > SG020 real pinned oasdiff adapter > retains real version, raw IDs, raw JSON, original hashes and business exit status
{"fixture":"type-change","status":"FAIL","evidence":[{"command":"version","argv":["--version"],"stdout":"oasdiff version 1.32.1\n","stderr":"","exit_code":0,"signal":null,"version":"1.32.1","executable_sha256":"sha256:cce550834cddfa7584a5cfde8deb2a6a57effcbc445f040f4f7ac37da47e8173"},{"command":"breaking","argv":["breaking","C:\\Users\\17894\\AppData\\Local\\Temp\\stackgate-oasdiff-wmis79\\base.json","C:\\Users\\17894\\AppData\\Local\\Temp\\stackgate-oasdiff-wmis79\\target.json","--format","json","--allow-external-refs=false","--config","C:\\Users\\17894\\AppData\\Local\\Temp\\stackgate-oasdiff-wmis79\\oasdiff-config.json","--include-path-params","--auto-upgrade=false","--flatten-allof=false","--flatten-params=false","--fail-on","WARN"],"stdout":"[{\"id\":\"response-property-type-changed\",\"text\":\"the `data/performance/total_return` response's property `type` changed from `number` to `string` for status `200`\",\"level\":3,\"operation\":\"GET\",\"operationId\":\"getPerformance\",\"path\":\"/api/performance\",\"section\":\"paths\",\"fingerprint\":\"d4e087392f73\"}]\n","stderr":"","exit_code":1,"signal":null,"version":"1.32.1","executable_sha256":"sha256:cce550834cddfa7584a5cfde8deb2a6a57effcbc445f040f4f7ac37da47e8173","base_hash":"sha256:1a38de0d66d791dec4cc7ae6b3f9f2ae0aa3410ae7bbcb0c3bfd88cdf45aae8d","target_hash":"sha256:f5f78132329e73893ece7250514bd54906ed2db56e6a2215b261a0bff307f41d","audited_base_hash":"sha256:4fccf8fb30c0e712fcdfad06bd978906b22366af4532b8cd640c98061ad085bd","audited_target_hash":"sha256:a2527f9b8b2b416b0fd7292de08c7e1a9385819f41ed5ffb12132d46c67ab851"}]}

 ✓ tests/unit/openapi/runtime-validator.test.ts (23 tests) 503ms
 ✓ tests/integration/contracts/three-way.test.ts (8 tests) 3361ms
     ✓ uses real compatibility while missing candidate/runtime remain NOT_EXECUTED  441ms
     ✓ rejects absent target behavior independently of mutual breaking checks  1293ms
     ✓ requires real confirmation hashes and grants no approval to a draft  767ms
     ✓ blocks target byte drift despite equal behavior and separates export errors  836ms
 ✓ tests/contract/oasdiff.test.ts (31 tests) 4259ms
     ✓ retains real version, raw IDs, raw JSON, original hashes and business exit status  485ms
     ✓ returns PASS only from real empty valid breaking output  404ms
     ✓ maps real removed-property finding target→candidate-missing  405ms
     ✓ maps real removed-property finding upgrade-baseline→upgrade-target  450ms
     ✓ preserves direction-dependent finding request-base→request-required  416ms
     ✓ preserves direction-dependent finding enum-base→enum-revision  384ms
     ✓ retains structural diff and distinguishes real empty diff  695ms
     ✓ ignores inherited malicious oasdiff config environment  399ms

 Test Files  6 passed (6)
      Tests  133 passed (133)
   Start at  11:13:37
   Duration  5.98s (transform 1.23s, setup 0ms, import 4.84s, tests 8.29s, environment 1ms)

