
 RUN  v4.0.18 G:/StackGate

 ✓ tests/integration/storage/completion.test.ts (2 tests) 252ms
 ❯ tests/integration/storage/store.test.ts (13 tests | 1 failed) 3073ms
   ✓ creates independent runs and preserves immutable artifacts with checked bytes  511ms
   ✓ serializes duplicate parallel events and rejects conflicting IDs, gaps, rollback and foreign scope (round 1)  356ms
   ✓ serializes duplicate parallel events and rejects conflicting IDs, gaps, rollback and foreign scope (round 2)  330ms
   ✓ serializes duplicate parallel events and rejects conflicting IDs, gaps, rollback and foreign scope (round 3)  318ms
   × serializes duplicate parallel events and rejects conflicting IDs, gaps, rollback and foreign scope (round 4) 222ms
   ✓ serializes duplicate parallel events and rejects conflicting IDs, gaps, rollback and foreign scope (round 5)  368ms
   ✓ diagnoses truncated JSONL while retaining completed records and refusing further append 161ms
   ✓ validates event documents and rejects illegal lifecycle or cross-run check results 173ms
   ✓ rejects traversal, links, malformed documents and scope mismatch 135ms
   ✓ requires explicit exact manifest CAS and immutable run identity 198ms
   ✓ preserves unrelated temp bytes when a parent is replaced during commit 38ms
   ✓ check completion preserves matching step identity and cannot finalize active attempts 221ms
   ✓ acquires safely when another owner releases its lock during path inspection 39ms
 ✓ tests/integration/storage/integrity.test.ts (10 tests) 8199ms
   ✓ seals immutable facts, supports identical repeat, and exposes verified readonly snapshots  1164ms
   ✓ detects modified sealed manifest.json without overwriting history  824ms
   ✓ detects modified sealed events.jsonl without overwriting history  842ms
   ✓ detects modified sealed artifact-index.json without overwriting history  865ms
   ✓ detects modified sealed document without overwriting history  843ms
   ✓ detects modified sealed artifact without overwriting history  811ms
   ✓ rejects missing required artifacts and preserves readable unsealed facts  627ms
   ✓ rejects internally contradictory facts even when each document has a valid schema  566ms
   ✓ refuses to seal undeclared orphan evidence or an incomplete event log  584ms
   ✓ retains failed retry documents alongside the final check without rewriting history  1070ms

⎯⎯⎯⎯⎯⎯⎯ Failed Tests 1 ⎯⎯⎯⎯⎯⎯⎯

 FAIL  tests/integration/storage/store.test.ts > serializes duplicate parallel events and rejects conflicting IDs, gaps, rollback and foreign scope (round 4)
AssertionError: [{"status":"DUPLICATE","event_id":"event_start","seq":1},{"status":"APPENDED","event_id":"event_start","seq":1},{"status":"DUPLICATE","event_id":"event_start","seq":1},{"status":"DUPLICATE","event_id":"event_start","seq":1},{"status":"DUPLICATE","event_id":"event_start","seq":1},{"status":"DUPLICATE","event_id":"event_start","seq":1},{"status":"ERROR","diagnostics":[{"code":"REPORT_INVALID","rule_id":"SG-EVIDENCE-INTEGRITY","message":"Path escapes the allowed root","location":"","observed_facts":{"error_code":"UNSAFE_PATH"},"recommended_action":"Preserve existing evidence; diagnose or create a new run.","source":"evidence-store"}]},{"status":"DUPLICATE","event_id":"event_start","seq":1}]: expected [ { status: 'DUPLICATE', …(2) }, …(5) ] to have a length of 7 but got 6

- Expected
+ Received

- 7
+ 6

 ❯ tests/integration/storage/store.test.ts:24:241

 ❯ withTestDirectory tests/support/test-paths.ts:7:16

⎯⎯⎯⎯⎯⎯⎯⎯⎯⎯⎯⎯⎯⎯⎯⎯⎯⎯⎯⎯⎯⎯⎯⎯[1/1]⎯


 Test Files  1 failed | 2 passed (3)
      Tests  1 failed | 24 passed (25)
   Start at  22:49:45
   Duration  9.28s (transform 667ms, setup 0ms, import 2.19s, tests 11.52s, environment 0ms)

