
 RUN  v4.0.18 G:/StackGate

 ❯ tests/integration/storage/store.test.ts (13 tests | 1 failed | 12 skipped) 12ms
   ↓ creates independent runs and preserves immutable artifacts with checked bytes
   ↓ serializes duplicate parallel events and rejects conflicting IDs, gaps, rollback and foreign scope (round 1)
   ↓ serializes duplicate parallel events and rejects conflicting IDs, gaps, rollback and foreign scope (round 2)
   ↓ serializes duplicate parallel events and rejects conflicting IDs, gaps, rollback and foreign scope (round 3)
   ↓ serializes duplicate parallel events and rejects conflicting IDs, gaps, rollback and foreign scope (round 4)
   ↓ serializes duplicate parallel events and rejects conflicting IDs, gaps, rollback and foreign scope (round 5)
   ↓ diagnoses truncated JSONL while retaining completed records and refusing further append
   ↓ validates event documents and rejects illegal lifecycle or cross-run check results
   ↓ rejects traversal, links, malformed documents and scope mismatch
   ↓ requires explicit exact manifest CAS and immutable run identity
   ↓ preserves unrelated temp bytes when a parent is replaced during commit
   ↓ check completion preserves matching step identity and cannot finalize active attempts
   × acquires exclusively without resolving another owner volatile lock leaf 11ms

⎯⎯⎯⎯⎯⎯⎯ Failed Tests 1 ⎯⎯⎯⎯⎯⎯⎯

 FAIL  tests/integration/storage/store.test.ts > acquires exclusively without resolving another owner volatile lock leaf
AssertionError: promise rejected "StorageError: Path escapes the allowed ro… { code: '…' }" instead of resolving
 ❯ tests/integration/storage/store.test.ts:76:48

 ❯ withTestDirectory tests/support/test-paths.ts:7:16

Caused by: StorageError: Path escapes the allowed root
 ❯ unsafe packages/core/src/storage/safe-path.ts:5:52
 ❯ containedRelative packages/core/src/storage/safe-path.ts:24:95
 ❯ walk packages/core/src/storage/safe-path.ts:69:7
 ❯ inspectPathWithin packages/core/src/storage/safe-path.ts:74:18
 ❯ strictPath packages/core/src/storage/run-layout.ts:9:87
 ❯ withRunLock packages/core/src/storage/run-layout.ts:22:16
 ❯ tests/integration/storage/store.test.ts:76:6
 ❯ withTestDirectory tests/support/test-paths.ts:7:16

⎯⎯⎯⎯⎯⎯⎯⎯⎯⎯⎯⎯⎯⎯⎯⎯⎯⎯⎯⎯⎯⎯⎯⎯⎯⎯⎯⎯⎯⎯
Serialized Error: { code: 'UNSAFE_PATH' }
⎯⎯⎯⎯⎯⎯⎯⎯⎯⎯⎯⎯⎯⎯⎯⎯⎯⎯⎯⎯⎯⎯⎯⎯[1/1]⎯


 Test Files  1 failed (1)
      Tests  1 failed | 12 skipped (13)
   Start at  22:52:19
   Duration  991ms (transform 225ms, setup 0ms, import 690ms, tests 12ms, environment 0ms)

