
 RUN  v4.0.18 G:/StackGate

 ❯ tests/integration/trust/review.test.ts (3 tests | 2 failed) 29562ms
   ✓ previews names only and never trusts without explicit reviewed authorization  4296ms
   × stores outside repository, binds scripts, arguments and origins, and does not become CI trust 13112ms
   × refuses repository-contained trust stores and copying trust into another checkout 12152ms

⎯⎯⎯⎯⎯⎯⎯ Failed Tests 2 ⎯⎯⎯⎯⎯⎯⎯

 FAIL  tests/integration/trust/review.test.ts > stores outside repository, binds scripts, arguments and origins, and does not become CI trust
ServiceError: Invalid local trust record
 ❯ configurationError packages/core/src/services/service-error.ts:6:10

 ❯ TrustService.confirm packages/core/src/services/trust-service.ts:51:56
 ❯ tests/integration/trust/review.test.ts:10:184

⎯⎯⎯⎯⎯⎯⎯⎯⎯⎯⎯⎯⎯⎯⎯⎯⎯⎯⎯⎯⎯⎯⎯⎯[1/2]⎯

 FAIL  tests/integration/trust/review.test.ts > refuses repository-contained trust stores and copying trust into another checkout
ServiceError: Invalid local trust record
 ❯ configurationError packages/core/src/services/service-error.ts:6:10

 ❯ TrustService.confirm packages/core/src/services/trust-service.ts:51:56
 ❯ tests/integration/trust/review.test.ts:11:293

⎯⎯⎯⎯⎯⎯⎯⎯⎯⎯⎯⎯⎯⎯⎯⎯⎯⎯⎯⎯⎯⎯⎯⎯[2/2]⎯


 Test Files  1 failed (1)
      Tests  2 failed | 1 passed (3)
   Start at  10:47:04
   Duration  31.42s (transform 485ms, setup 0ms, import 1.31s, tests 29.56s, environment 0ms)

