$ node scripts/build.mjs
node_modules/.pnpm/saxes@6.0.0_patch_hash=1c67_f0e372931785c0379b2d8d783bde1042/node_modules/saxes/saxes.d.ts(100,41): error TS2344: Type 'O' does not satisfy the constraint 'SaxesOptions'.
  Type 'O' is not assignable to type 'CommonOptions'.
node_modules/.pnpm/saxes@6.0.0_patch_hash=1c67_f0e372931785c0379b2d8d783bde1042/node_modules/saxes/saxes.d.ts(101,35): error TS2344: Type 'O' does not satisfy the constraint 'SaxesOptions'.
  Type 'O' is not assignable to type 'CommonOptions'.
node_modules/.pnpm/saxes@6.0.0_patch_hash=1c67_f0e372931785c0379b2d8d783bde1042/node_modules/saxes/saxes.d.ts(102,31): error TS2344: Type 'O' does not satisfy the constraint 'SaxesOptions'.
  Type 'O' is not assignable to type 'CommonOptions'.
node_modules/.pnpm/saxes@6.0.0_patch_hash=1c67_f0e372931785c0379b2d8d783bde1042/node_modules/saxes/saxes.d.ts(103,33): error TS2344: Type 'O' does not satisfy the constraint 'SaxesOptions'.
  Type 'O' is not assignable to type 'CommonOptions'.
node:internal/errors:985
  const err = new Error(message);
              ^

Error: Command failed: F:\node.exe node_modules/typescript/bin/tsc --project tsconfig.build.json
    at genericNodeError (node:internal/errors:985:15)
    at wrappedFn (node:internal/errors:539:14)
    at checkExecSyncError (node:child_process:925:11)
    at execFileSync (node:child_process:961:15)
    at file:///G:/StackGate/scripts/build.mjs:6:1 {
  status: 1,
  signal: null,
  output: [ null, null, null ],
  pid: 41592,
  stdout: null,
  stderr: null
}

Node.js v24.11.1
[ELIFECYCLE] Command failed with exit code 1.
