
 RUN  v4.0.18 G:/StackGate

 ❯ tests/contract/schema-compatibility.test.ts (4 tests | 1 failed | 3 skipped) 720ms
   ↓ rejects unsupported versions, undeclared fields, invalid UTF8 and duplicate JSON keys
   ↓ preserves declared extensions and converts supported older optional-retention views without changing source bytes
   ↓ requires explicit exact core and command versions and never assumes UNKNOWN or latest succeeds
   × exports only verified safe artifacts to a new directory, preserving exact sealed source bytes 719ms

⎯⎯⎯⎯⎯⎯⎯ Failed Tests 1 ⎯⎯⎯⎯⎯⎯⎯

 FAIL  tests/contract/schema-compatibility.test.ts > exports only verified safe artifacts to a new directory, preserving exact sealed source bytes
AssertionError: promise resolved "'C:\Users\17894\AppData\Local\Temp\sta…'" instead of rejecting

- Expected: 
Error {
  "message": "rejected promise",
}

+ Received: 
"C:\\Users\\17894\\AppData\\Local\\Temp\\stackgate-test-myQt0n\\state\\runs\\run_fixture\\export-inside-sealed-run"

 ❯ tests/contract/schema-compatibility.test.ts:46:89

 ❯ withTestDirectory tests/support/test-paths.ts:7:16

⎯⎯⎯⎯⎯⎯⎯⎯⎯⎯⎯⎯⎯⎯⎯⎯⎯⎯⎯⎯⎯⎯⎯⎯[1/1]⎯


 Test Files  1 failed (1)
      Tests  1 failed | 3 skipped (4)
   Start at  23:03:00
   Duration  1.88s (transform 276ms, setup 0ms, import 833ms, tests 720ms, environment 0ms)

