
 RUN  v4.0.18 G:/StackGate

 ❯ tests/integration/trust/review.test.ts (8 tests | 1 failed | 7 skipped) 4754ms
   × refuses a script whose bytes are excluded by the credential-input policy 4752ms
   ↓ renews an expired matching record and preserves unrelated or concurrently changed records
   ↓ rejects external script arguments and binds ignored scripts outside workspaces
   ↓ binds inline code as arguments without interpreting code fragments as paths
   ↓ binds resolved tool identity without launching it
   ↓ previews names only and never trusts without explicit reviewed authorization
   ↓ stores outside repository, binds scripts, arguments and origins, and does not become CI trust
   ↓ refuses repository-contained trust stores and copying trust into another checkout

⎯⎯⎯⎯⎯⎯⎯ Failed Tests 1 ⎯⎯⎯⎯⎯⎯⎯

 FAIL  tests/integration/trust/review.test.ts > refuses a script whose bytes are excluded by the credential-input policy
AssertionError: promise resolved "{ execution_preview: { …(12) }, …(2) }" instead of rejecting

- Expected
+ Received

- Error {
-   "message": "rejected promise",
+ {
+   "already_trusted": false,
+   "execution_digest": "091345273ff0f44cd78ef4f03180af7a1d95002641ba3e4cf1aea62f82930762",
+   "execution_preview": {
+     "commands": [
+       {
+         "args": [
+           "script.js",
+         ],
+         "cwd": "apps/api",
+         "executable": "F:\\node.exe",
+         "id": "api_probe",
+         "timeout_seconds": 60,
+         "tool_hash": "f13ac3ca23248dc389507e8fe38c34489ab7edb3e6d6700eb6da6a0b7e128eaf",
+       },
+       {
+         "args": [
+           "runner.pem",
+         ],
+         "cwd": "apps/api",
+         "executable": "F:\\node.exe",
+         "id": "export_api",
+         "timeout_seconds": 60,
+         "tool_hash": "f13ac3ca23248dc389507e8fe38c34489ab7edb3e6d6700eb6da6a0b7e128eaf",
+       },
+       {
+         "args": [
+           "script.js",
+         ],
+         "cwd": "apps/web",
+         "executable": "F:\\node.exe",
+         "id": "web_e2e",
+         "timeout_seconds": 180,
+         "tool_hash": "f13ac3ca23248dc389507e8fe38c34489ab7edb3e6d6700eb6da6a0b7e128eaf",
+       },
+       {
+         "args": [
+           "script.js",
+         ],
+         "cwd": "apps/web",
+         "executable": "F:\\node.exe",
+         "id": "web_typecheck",
+         "timeout_seconds": 120,
+         "tool_hash": "f13ac3ca23248dc389507e8fe38c34489ab7edb3e6d6700eb6da6a0b7e128eaf",
+       },
+       {
+         "args": [
+           "script.js",
+         ],
+         "cwd": "apps/web",
+         "executable": "F:\\node.exe",
+         "id": "web_unit",
+         "timeout_seconds": 180,
+         "tool_hash": "f13ac3ca23248dc389507e8fe38c34489ab7edb3e6d6700eb6da6a0b7e128eaf",
+       },
+     ],
+     "configuration_hash": "a27947cc2f2dfcf751eb43bb580768ee7ca93538cc78cc6a22b86bd48afddeca",
+     "docker_operations": [],
+     "environment_names": [
+       "STACKGATE_TEST_TOKEN",
+     ],
+     "network_targets": [
+       "http://127.0.0.1:5173",
+       "http://127.0.0.1:8000",
+     ],
+     "platform_id": "win32-x64",
+     "repo_id": "773aed19b5e72021fc6a1f2fcf66493f23253caac33859763889dd924ac9f2b9",
+     "runtime": "NOT_EXECUTED",
+     "script_input_hash": "318f09e364916ac0ee82b0d1ce44aff13cad8918d38e0c956b8bb7cf025c8ea6",
+     "tools": {
+       "api_probe": {
+         "digest": "f13ac3ca23248dc389507e8fe38c34489ab7edb3e6d6700eb6da6a0b7e128eaf",
+         "executable": "F:\\node.exe",
+       },
+       "export_api": {
+         "digest": "f13ac3ca23248dc389507e8fe38c34489ab7edb3e6d6700eb6da6a0b7e128eaf",
+         "executable": "F:\\node.exe",
+       },
+       "web_e2e": {
+         "digest": "f13ac3ca23248dc389507e8fe38c34489ab7edb3e6d6700eb6da6a0b7e128eaf",
+         "executable": "F:\\node.exe",
+       },
+       "web_typecheck": {
+         "digest": "f13ac3ca23248dc389507e8fe38c34489ab7edb3e6d6700eb6da6a0b7e128eaf",
+         "executable": "F:\\node.exe",
+       },
+       "web_unit": {
+         "digest": "f13ac3ca23248dc389507e8fe38c34489ab7edb3e6d6700eb6da6a0b7e128eaf",
+         "executable": "F:\\node.exe",
+       },
+     },
+     "worktree_id": "3e16f2f23b7694b59e83a525b6cc0d86553212df85ef40bbb69bf13583a3878f",
+     "writable_paths": [
+       ".stackgate/state",
+       "apps/api",
+       "apps/web",
+     ],
+   },
  }

 ❯ tests/integration/trust/review.test.ts:9:392


⎯⎯⎯⎯⎯⎯⎯⎯⎯⎯⎯⎯⎯⎯⎯⎯⎯⎯⎯⎯⎯⎯⎯⎯[1/1]⎯


 Test Files  1 failed (1)
      Tests  1 failed | 7 skipped (8)
   Start at  11:00:40
   Duration  7.59s (transform 784ms, setup 0ms, import 2.08s, tests 4.75s, environment 0ms)

