
 RUN  v4.0.18 G:/StackGate

 ❯ tests/unit/openapi/safe-loader.test.ts (52 tests | 1 failed) 118ms
     × loads retained contract raw bytes without normalizing the raw hash 19ms
     ✓ rejects ambiguous or malformed documents: {"openapi":"3.1.1","openapi":"3.0.3"} 1ms
     ✓ rejects ambiguous or malformed documents: openapi: 3.1.1
openapi: 3.1.0 2ms
     ✓ rejects ambiguous or malformed documents: openapi: !custom 3.1.1 1ms
     ✓ rejects ambiguous or malformed documents: a: &a [1]
b: *a 1ms
     ✓ rejects ambiguous or malformed documents: {"a": 0ms
     ✓ rejects invalid OpenAPI document basics 1ms
     ✓ rejects invalid OpenAPI document basics 0ms
     ✓ rejects invalid OpenAPI document basics 0ms
     ✓ rejects invalid OpenAPI document basics 1ms
     ✓ rejects invalid OpenAPI document basics 1ms
     ✓ rejects invalid OpenAPI document basics 1ms
     ✓ rejects invalid OpenAPI document basics 1ms
     ✓ accepts strict YAML and preserves trailing slash and path-parameter spelling 1ms
     ✓ denies external HTTP refs in unused components without a single request 47ms
     ✓ rejects external or invalid refs other.json#/schema 1ms
     ✓ rejects external or invalid refs file:///secret 1ms
     ✓ rejects external or invalid refs //host/path 1ms
     ✓ rejects external or invalid refs http://example.invalid/schema 1ms
     ✓ rejects external or invalid refs #not-a-pointer 2ms
     ✓ rejects external or invalid refs #/%ZZ 1ms
     ✓ rejects external or invalid refs 17 1ms
     ✓ identifies a missing fragment at the referring pointer 1ms
     ✓ resolves escaped and percent-encoded local pointers recursively 2ms
     ✓ diagnoses recursive and dynamic reference constructs 2ms
     ✓ enforces byte, depth and reference traversal bounds 2ms
     ✓ supports the explicit basic schema subset {"type":"number"} 2ms
     ✓ supports the explicit basic schema subset {"type":"integer"} 1ms
     ✓ supports the explicit basic schema subset {"type":"boolean"} 1ms
     ✓ supports the explicit basic schema subset {"type":"null"} 2ms
     ✓ supports the explicit basic schema subset {"type":["number","null"]} 1ms
     ✓ supports the explicit basic schema subset {"anyOf":[{"type":"number"},{"type":"null"}]} 1ms
     ✓ supports the explicit basic schema subset {"type":"string","enum":["a","b"]} 1ms
     ✓ supports the explicit basic schema subset {"type":"array","items":{"type":"number"}} 1ms
     ✓ supports the explicit basic schema subset {"type":"object","required":["id"],"properties":{"id":{"type":"string","readOnly":true},"password":{"type":"string","writeOnly":true}},"additionalProperties":false} 1ms
     ✓ does not silently pass untested schema constructs {"oneOf":[{"type":"number"},{"type":"string"}]} 1ms
     ✓ does not silently pass untested schema constructs {"allOf":[{"type":"number"}]} 1ms
     ✓ does not silently pass untested schema constructs {"anyOf":[{"type":"number"},{"type":"string"}]} 1ms
     ✓ does not silently pass untested schema constructs {"type":["number","string"]} 1ms
     ✓ does not silently pass untested schema constructs {"type":"string","format":"unregistered-format"} 1ms
     ✓ does not silently pass untested schema constructs {"type":"string","pattern":"[a-z]"} 1ms
     ✓ does not silently pass untested schema constructs {"type":"number","default":5} 1ms
     ✓ does not silently pass untested schema constructs {"type":"number","example":5} 1ms
     ✓ does not silently pass untested schema constructs {"if":{"type":"string"},"then":{"minLength":1}} 1ms
     ✓ does not silently pass untested schema constructs {"type":"number","madeUpKeyword":true} 1ms
     ✓ does not silently pass untested schema constructs {"$schema":"https://example.invalid/dialect","type":"number"} 1ms
     ✓ does not silently pass untested schema constructs {"type":"array"} 1ms
     ✓ does not silently pass untested schema constructs {"type":"object","additionalProperties":{"type":"number"}} 1ms
     ✓ does not silently pass untested schema constructs {"type":"string","readOnly":"yes"} 1ms
     ✓ does not silently pass untested schema constructs {"type":"object","required":["absent"],"properties":{}} 1ms
     ✓ limits schema inspection to known selected operations but expands unknown scope 1ms
     ✓ inspects shared parameters and recursively referenced schemas for the chosen operation 1ms

⎯⎯⎯⎯⎯⎯⎯ Failed Tests 1 ⎯⎯⎯⎯⎯⎯⎯

 FAIL  tests/unit/openapi/safe-loader.test.ts > SG019 strict OpenAPI boundary > loads retained contract raw bytes without normalizing the raw hash
AssertionError: expected '1a38de0d66d791dec4cc7ae6b3f9f2ae0aa34…' to match /^sha256:[a-f0-9]{64}$/

- Expected: 
/^sha256:[a-f0-9]{64}$/

+ Received: 
"1a38de0d66d791dec4cc7ae6b3f9f2ae0aa3410ae7bbcb0c3bfd88cdf45aae8d"

 ❯ tests/unit/openapi/safe-loader.test.ts:20:29
     18|     const result = loadContract(data, 'retained-target');
     19|     expect(result.supported).toBe(true);
     20|     expect(result.raw_hash).toMatch(/^sha256:[a-f0-9]{64}$/);
       |                             ^
     21|     expect(result.raw_hash).not.toBe(loadContract(Buffer.concat([data,…
     22|     expect(inspectSupportedSchema(result).supported).toBe(true);

⎯⎯⎯⎯⎯⎯⎯⎯⎯⎯⎯⎯⎯⎯⎯⎯⎯⎯⎯⎯⎯⎯⎯⎯[1/1]⎯


 Test Files  1 failed (1)
      Tests  1 failed | 51 passed (52)
   Start at  10:37:32
   Duration  1.31s (transform 191ms, setup 0ms, import 585ms, tests 118ms, environment 0ms)

