$ node scripts/test-unit.mjs

 RUN  v4.0.18 G:/StackGate

 ✓ tests/unit/storage/hash.test.ts (17 tests) 20ms
 ✓ tests/unit/storage/paths.test.ts (27 tests) 203ms
 ✓ tests/unit/tool-registry.test.ts (4 tests) 250ms
 ✓ tests/unit/impact/selection.test.ts (6 tests) 20ms
 ✓ tests/unit/reports/junit-output.test.ts (1 test) 9ms
 ✓ tests/unit/storage/atomic-write.test.ts (6 tests) 1183ms
   ✓ publishes at most one concurrent creation without clobbering the winner  596ms
   ✓ a partial temporary write failure never replaces the old JSON  341ms
 ✓ tests/unit/openapi/safe-loader.test.ts (60 tests) 246ms
 ✓ tests/unit/impact/typescript.test.ts (6 tests) 78ms
 ✓ tests/unit/contracts/run-schema.test.ts (24 tests) 218ms
 ✓ tests/unit/contracts/primitives.test.ts (13 tests) 98ms
 ✓ tests/unit/freshness.test.ts (46 tests) 11ms
 ✓ tests/unit/contracts/config-schema.test.ts (9 tests) 136ms
 ✓ tests/unit/gate/truth-table.test.ts (22 tests) 13ms
 ✓ tests/unit/gate/exit-priority.test.ts (65 tests) 20ms
 ✓ tests/unit/openapi/three-way.test.ts (10 tests) 11ms
 ✓ tests/unit/openapi/runtime-validator.test.ts (23 tests) 633ms
 ✓ tests/unit/plan/dag.test.ts (13 tests) 153ms
 ✓ tests/unit/config/parse.test.ts (7 tests) 143ms
 ✓ tests/unit/select-checks.test.ts (6 tests) 144ms
 ✓ tests/unit/config/execution-inputs.test.ts (3 tests) 80ms
 ✓ tests/unit/impact/mappings.test.ts (6 tests) 17ms
 ✓ tests/unit/contracts/task-schema.test.ts (17 tests) 126ms
 ✓ tests/unit/gate/acceptance-boundaries.test.ts (11 tests) 9ms
 ✓ tests/unit/reports/junit-input.test.ts (13 tests) 13ms
 ✓ tests/unit/fixtures.test.ts (10 tests) 1278ms
   ✓ validates all OpenAPI documents against the retained official document schema and strict response schemas  1156ms
 ✓ tests/unit/reports/json.test.ts (3 tests) 9ms
 ✓ tests/unit/config/merge.test.ts (3 tests) 7ms
 ✓ tests/unit/policy/drift.test.ts (7 tests) 9ms
 ✓ tests/unit/reports/terminal.test.ts (1 test) 25ms
 ✓ tests/unit/run-evaluation.test.ts (1 test) 5ms
 ✓ tests/unit/openapi/public-scan-report.test.ts (1 test) 5ms
 ✓ tests/unit/reports/markdown.test.ts (1 test) 23ms
 ✓ tests/unit/config/init-safety.test.ts (6 tests) 530ms
 ❯ tests/unit/bootstrap.test.ts (5 tests | 1 failed) 5145ms
   ✓ build emits reusable TypeScript declarations for the shared contracts 1ms
   ✓ built help is executable without a TypeScript runtime  820ms
   × rejects unsupported arguments and combinations with exit 64 2308ms
   ✓ prints package version  628ms
   ✓ an empty test selection exits nonzero  1386ms
 ✓ tests/unit/storage/cache.test.ts (5 tests) 3316ms
   ✓ treats corruption as a miss, reparses and preserves unrelated files  1417ms
   ✓ bounds retained bytes and never follows a substituted cache link  1091ms
   ✓ supports only strict static configuration and bounded OpenAPI operation projections  515ms
 ✓ tests/unit/gate/plan-binding.test.ts (9 tests) 5ms
 ✓ tests/unit/ports.test.ts (27 tests) 10426ms
   ✓ runs the AST checker and rejects domain IO  1126ms
   ✓ runs the AST checker and rejects domain dynamic IO  967ms
   ✓ runs the AST checker and rejects domain time  857ms
   ✓ runs the AST checker and rejects domain date constructor  690ms
   ✓ runs the AST checker and rejects domain environment  655ms
   ✓ runs the AST checker and rejects domain console IO  668ms
   ✓ runs the AST checker and rejects domain require alias  621ms
   ✓ runs the AST checker and rejects domain indirect random  513ms
   ✓ runs the AST checker and rejects domain spread clock  501ms
   ✓ runs the AST checker and rejects domain network  606ms
   ✓ runs the AST checker and rejects test fake import  451ms
   ✓ runs the AST checker and rejects reporter runner  591ms
   ✓ runs the AST checker and rejects reporter execution  447ms
   ✓ runs the AST checker and rejects reporter computed execution  422ms
   ✓ runs the AST checker and rejects reporter destructured execution  472ms
   ✓ rejects IO reached indirectly through a domain helper  399ms
   ✓ allows pure objects, type-only ports and words in comments or strings  434ms
 ✓ tests/unit/runner/scheduler.test.ts (8 tests) 14858ms
   ✓ runs A to B/C to D with lexicographic starts and real independent concurrency  1959ms
   ✓ failure blocks only dependent branches and cancellation stops new steps  2028ms
   ✓ serializes shared resources while independent resources progress  2615ms
   ✓ does not invent a second result when finished event persistence fails  716ms
   ✓ cancels or times out while another owner holds a resource without removing its lock  4874ms
   ✓ excludes another whole run even when its workspace locks differ  1947ms
   ✓ records queue waiting separately from actual execution duration  708ms

⎯⎯⎯⎯⎯⎯⎯ Failed Tests 1 ⎯⎯⎯⎯⎯⎯⎯

 FAIL  tests/unit/bootstrap.test.ts > rejects unsupported arguments and combinations with exit 64
AssertionError: expected 'run requires valid plan and optional …' to match /unknown|unsupported/i

- Expected: 
/unknown|unsupported/i

+ Received: 
"run requires valid plan and optional previous run IDs
"

 ❯ tests/unit/bootstrap.test.ts:19:27
     17|     const result = spawnSync(process.execPath, ['dist/cli.mjs', ...arg…
     18|     expect(result.status, result.stderr).toBe(64);
     19|     expect(result.stderr).toMatch(/unknown|unsupported/i);
       |                           ^
     20|   }
     21| });

⎯⎯⎯⎯⎯⎯⎯⎯⎯⎯⎯⎯⎯⎯⎯⎯⎯⎯⎯⎯⎯⎯⎯⎯[1/1]⎯


 Test Files  1 failed | 37 passed (38)
      Tests  1 failed | 501 passed (502)
   Start at  23:26:42
   Duration  18.61s (transform 12.81s, setup 0ms, import 41.64s, tests 39.48s, environment 6ms)

[ELIFECYCLE] Command failed with exit code 1.
