
 RUN  v4.0.18 G:/StackGate

 ❯ tests/unit/config/merge.test.ts (0 test)
 ❯ tests/unit/config/parse.test.ts (0 test)

⎯⎯⎯⎯⎯⎯ Failed Suites 2 ⎯⎯⎯⎯⎯⎯⎯

 FAIL  tests/unit/config/merge.test.ts [ tests/unit/config/merge.test.ts ]
Error: Cannot find module '../../../../packages/core/src/domain/merge-policy.js' imported from 'G:/StackGate/tests/unit/config/merge.test.ts'
 ❯ tests/unit/config/merge.test.ts:2:1


⎯⎯⎯⎯⎯⎯⎯⎯⎯⎯⎯⎯⎯⎯⎯⎯⎯⎯⎯⎯⎯⎯⎯⎯[1/2]⎯

 FAIL  tests/unit/config/parse.test.ts [ tests/unit/config/parse.test.ts ]
Error: Cannot find module '../../../../packages/core/src/services/config-service.js' imported from 'G:/StackGate/tests/unit/config/parse.test.ts'
 ❯ tests/unit/config/parse.test.ts:5:1
      3| import { join } from 'node:path';
      4| import { withTestDirectory } from '../../support/test-paths.js';
      5| import { loadConfiguration, parseConfiguration } from '../../../../pac…
       | ^
      6| const sample=JSON.parse(await readFile('tests/fixtures/config/original…
      7| it('loads the retained config without mutation',async()=>withTestDirec…

⎯⎯⎯⎯⎯⎯⎯⎯⎯⎯⎯⎯⎯⎯⎯⎯⎯⎯⎯⎯⎯⎯⎯⎯[2/2]⎯


 Test Files  2 failed (2)
      Tests  no tests
   Start at  10:25:48
   Duration  788ms (transform 139ms, setup 0ms, import 0ms, tests 0ms, environment 0ms)

