
 RUN  v4.0.18 G:/StackGate

 ❯ tests/unit/reports/junit-output.test.ts (1 test | 1 failed) 5ms
   × emits XML-safe unique checks and a denying gate testcase without equating blocked with passed 4ms
 ❯ tests/unit/reports/markdown.test.ts (1 test | 1 failed) 5ms
   × keeps incomplete and stale decisions visible and escapes untrusted content 4ms

⎯⎯⎯⎯⎯⎯⎯ Failed Tests 2 ⎯⎯⎯⎯⎯⎯⎯

 FAIL  tests/unit/reports/junit-output.test.ts > emits XML-safe unique checks and a denying gate testcase without equating blocked with passed
Error: JUnit output is not implemented: run_fixture
 ❯ renderJunit packages/reporters/src/junit-output.ts:2:59
      1| import type {ReportView} from './report-view.js';
      2| export function renderJunit(view:ReportView):string{throw Error('JUnit…
       |                                                           ^
      3| 
 ❯ tests/unit/reports/junit-output.test.ts:7:148

⎯⎯⎯⎯⎯⎯⎯⎯⎯⎯⎯⎯⎯⎯⎯⎯⎯⎯⎯⎯⎯⎯⎯⎯[1/2]⎯

 FAIL  tests/unit/reports/markdown.test.ts > keeps incomplete and stale decisions visible and escapes untrusted content
Error: Markdown report is not implemented: run_fixture
 ❯ renderMarkdown packages/reporters/src/markdown.ts:2:62
      1| import type {ReportView} from './report-view.js';
      2| export function renderMarkdown(view:ReportView):string{throw Error('Ma…
       |                                                              ^
      3| 
 ❯ tests/unit/reports/markdown.test.ts:6:49

⎯⎯⎯⎯⎯⎯⎯⎯⎯⎯⎯⎯⎯⎯⎯⎯⎯⎯⎯⎯⎯⎯⎯⎯[2/2]⎯


 Test Files  2 failed (2)
      Tests  2 failed (2)
   Start at  23:07:22
   Duration  558ms (transform 127ms, setup 0ms, import 300ms, tests 10ms, environment 0ms)

