$ node scripts/test-unit.mjs

 RUN  v4.0.18 G:/StackGate

 ✓ tests/unit/storage/paths.test.ts (27 tests) 206ms
 ✓ tests/unit/freshness.test.ts (46 tests) 9ms
 ✓ tests/unit/impact/selection.test.ts (6 tests) 18ms
 ✓ tests/unit/gate/exit-priority.test.ts (65 tests) 20ms
 ✓ tests/unit/storage/atomic-write.test.ts (6 tests) 573ms
   ✓ a partial temporary write failure never replaces the old JSON  322ms
 ✓ tests/unit/tool-registry.test.ts (4 tests) 223ms
 ✓ tests/unit/openapi/safe-loader.test.ts (60 tests) 165ms
 ✓ tests/unit/contracts/primitives.test.ts (13 tests) 87ms
 ✓ tests/unit/impact/typescript.test.ts (6 tests) 50ms
 ✓ tests/unit/contracts/run-schema.test.ts (24 tests) 236ms
 ✓ tests/unit/gate/truth-table.test.ts (22 tests) 14ms
 ✓ tests/unit/openapi/three-way.test.ts (10 tests) 8ms
 ✓ tests/unit/select-checks.test.ts (6 tests) 115ms
 ✓ tests/unit/reports/junit-input.test.ts (13 tests) 11ms
 ✓ tests/unit/gate/acceptance-boundaries.test.ts (11 tests) 9ms
 ✓ tests/unit/plan/dag.test.ts (13 tests) 94ms
 ✓ tests/unit/storage/hash.test.ts (17 tests) 13ms
 ✓ tests/unit/impact/mappings.test.ts (6 tests) 45ms
 ✓ tests/unit/openapi/runtime-validator.test.ts (23 tests) 579ms
 ✓ tests/unit/contracts/task-schema.test.ts (17 tests) 96ms
 ✓ tests/unit/config/execution-inputs.test.ts (3 tests) 81ms
 ✓ tests/unit/contracts/config-schema.test.ts (9 tests) 121ms
 ✓ tests/unit/config/parse.test.ts (7 tests) 116ms
 ✓ tests/unit/policy/drift.test.ts (7 tests) 8ms
 ✓ tests/unit/fixtures.test.ts (10 tests) 1115ms
   ✓ validates all OpenAPI documents against the retained official document schema and strict response schemas  1017ms
 ✓ tests/unit/config/merge.test.ts (3 tests) 6ms
 ✓ tests/unit/reports/terminal.test.ts (1 test) 4ms
 ✓ tests/unit/reports/json.test.ts (2 tests) 7ms
 ✓ tests/unit/openapi/public-scan-report.test.ts (1 test) 4ms
 ✓ tests/unit/config/init-safety.test.ts (6 tests) 347ms
 ✓ tests/unit/storage/cache.test.ts (5 tests) 1565ms
   ✓ treats corruption as a miss, reparses and preserves unrelated files  654ms
   ✓ bounds retained bytes and never follows a substituted cache link  497ms
 ✓ tests/unit/bootstrap.test.ts (5 tests) 4380ms
   ✓ built help is executable without a TypeScript runtime  557ms
   ✓ rejects unsupported arguments and combinations with exit 64  2258ms
   ✓ prints package version  434ms
   ✓ an empty test selection exits nonzero  1128ms
 ✓ tests/unit/ports.test.ts (27 tests) 9648ms
   ✓ runs the AST checker and rejects domain IO  798ms
   ✓ runs the AST checker and rejects domain dynamic IO  855ms
   ✓ runs the AST checker and rejects domain time  703ms
   ✓ runs the AST checker and rejects domain date constructor  497ms
   ✓ runs the AST checker and rejects domain environment  502ms
   ✓ runs the AST checker and rejects domain console IO  489ms
   ✓ runs the AST checker and rejects domain require alias  546ms
   ✓ runs the AST checker and rejects domain indirect random  648ms
   ✓ runs the AST checker and rejects domain spread clock  500ms
   ✓ runs the AST checker and rejects domain network  517ms
   ✓ runs the AST checker and rejects test fake import  509ms
   ✓ runs the AST checker and rejects reporter runner  502ms
   ✓ runs the AST checker and rejects reporter execution  517ms
   ✓ runs the AST checker and rejects reporter computed execution  461ms
   ✓ runs the AST checker and rejects reporter destructured execution  530ms
   ✓ rejects IO reached indirectly through a domain helper  524ms
   ✓ allows pure objects, type-only ports and words in comments or strings  542ms
 ✓ tests/unit/runner/scheduler.test.ts (8 tests) 15020ms
   ✓ runs A to B/C to D with lexicographic starts and real independent concurrency  1278ms
   ✓ failure blocks only dependent branches and cancellation stops new steps  1766ms
   ✓ serializes shared resources while independent resources progress  2569ms
   ✓ does not invent a second result when finished event persistence fails  987ms
   ✓ cancels or times out while another owner holds a resource without removing its lock  5481ms
   ✓ excludes another whole run even when its workspace locks differ  2147ms
   ✓ records queue waiting separately from actual execution duration  784ms

 Test Files  34 passed (34)
      Tests  489 passed (489)
   Start at  23:06:42
   Duration  17.91s (transform 6.99s, setup 0ms, import 27.85s, tests 35.00s, environment 6ms)

✔ audit records retain actual child failure and repository identity (497.0842ms)
✔ built CLI help exposes only implemented commands (393.2066ms)
✔ unknown CLI option returns configuration error (363.392ms)
✔ plan has 100 unique sequential tasks and original dependencies (3.8605ms)
✔ rejects duplicate ID (1.2824ms)
✔ rejects missing dependency (1.2089ms)
✔ rejects dependency cycle (1.5894ms)
✔ rejects DONE without evidence (0.9827ms)
✔ rejects illegal status (1.1433ms)
✔ rejects early READY (1.1128ms)
✔ rejects missing task (1.0915ms)
✔ rejects absolute file path (1.4037ms)
✔ rejects absolute evidence path (1.1692ms)
✔ rejects traversal evidence path (0.9083ms)
✔ rejects failed-only DONE (1.0216ms)
✔ source is preserved byte-for-byte and matches the supplied SHA-256 (3.0313ms)
✔ source inspection rejects missing or changed content (1.8141ms)
✔ verify-tasks CLI returns nonzero and identifies the task with SG-999 dependency (103.3914ms)
✔ DONE requires actual implementation files even with valid task evidence (2.0308ms)
✔ DONE cannot borrow another task successful evidence (50.1207ms)
✔ evidence runner records task ownership and preserves a failed child exit code (481.487ms)
✔ negative cases do not mutate the shared plan baseline (1.3034ms)
✔ M1 requires every M0 check, actual integration checks and the real oasdiff capability (2.8872ms)
✔ M0 rejects removed, duplicate and arbitrary shell checks (0.3283ms)
✔ unknown tools block any stage requiring them (0.4134ms)
✔ a real failed child command propagates its exit and retains its identity (124.072ms)
✔ missing source removes only previously packaged exact tool, preserving unrelated files (36.8832ms)
ℹ tests 27
ℹ suites 0
ℹ pass 27
ℹ fail 0
ℹ cancelled 0
ℹ skipped 0
ℹ todo 0
ℹ duration_ms 901.7413
