
 RUN  v4.0.18 G:/StackGate

 ❯ tests/integration/runner/process.test.ts (15 tests | 1 failed | 14 skipped) 1018ms
   ↓ preserves actual exit 0 and separate sanitized streams
   ↓ preserves actual exit 1 and separate sanitized streams
   ↓ preserves actual exit 7 and separate sanitized streams
   ↓ keeps exact Unicode argv and does not interpret shell syntax
   ↓ distinguishes timeout from cancellation and stops late writes
   ↓ bounds both huge stdout and stderr without pipe deadlock
   ↓ kills only its owned job including detached descendants on cancel and leaves unrelated process alive
   ↓ kills only its owned job including detached descendants on timeout and leaves unrelated process alive
   ↓ records actual native spawn failure without inventing an exit code
   ↓ rejects changed executable bytes before launching a process
   ↓ rejects changed entry bytes before launching a process
   ↓ does not start pre-canceled work
   ↓ awaits output callbacks with bounded backpressure and retains all lines
   ↓ treats failed evidence callbacks as errors and still cleans the owned job
   × records separate original and retained bytes for stdout and stderr after redaction 1017ms

⎯⎯⎯⎯⎯⎯⎯ Failed Tests 1 ⎯⎯⎯⎯⎯⎯⎯

 FAIL  tests/integration/runner/process.test.ts > records separate original and retained bytes for stdout and stderr after redaction
AssertionError: expected { original_bytes: 20, …(3) } to match object { original_bytes: 20, …(1) }
(3 matching properties omitted from actual)

- Expected
+ Received

  {
    "original_bytes": 20,
-   "streams": {
-     "stderr": {
-       "original_bytes": 6,
-       "reason": null,
-       "retained_bytes": 6,
-       "truncated": false,
-     },
-     "stdout": {
-       "original_bytes": 14,
-       "reason": null,
-       "retained_bytes": 11,
-       "truncated": false,
-     },
-   },
  }

 ❯ tests/integration/runner/process.test.ts:53:33

 ❯ withTestDirectory tests/support/test-paths.ts:7:16

⎯⎯⎯⎯⎯⎯⎯⎯⎯⎯⎯⎯⎯⎯⎯⎯⎯⎯⎯⎯⎯⎯⎯⎯[1/1]⎯


 Test Files  1 failed (1)
      Tests  1 failed | 14 skipped (15)
   Start at  22:42:26
   Duration  1.49s (transform 76ms, setup 0ms, import 176ms, tests 1.02s, environment 0ms)

