$ node scripts/verify-stage.mjs "--" "--stage" "M1"
Stage check: node scripts/verify-source.mjs
{
  "sources": [
    {
      "original": "StackGate_功能与架构设计_v0.1.md",
      "retained": "docs/specs/stackgate-v0.1.md",
      "sha256": "56b349eda55673090dee2c611baa250b90f1afa5a3f85a0e78c670fa553af8a9",
      "expected_sha256": "56b349eda55673090dee2c611baa250b90f1afa5a3f85a0e78c670fa553af8a9",
      "bytes": 73743
    },
    {
      "original": "StackGate_Codex可执行开发任务规划_v0.1.md",
      "retained": "docs/plans/2026-09-18-stackgate-v0.1-execution.md",
      "sha256": "faca196c04dd4a420046415e1bce49411f2fc3e42d54c70859647da904133e17",
      "expected_sha256": null,
      "bytes": 335286
    }
  ],
  "errors": []
}
Stage check: node scripts/verify-tasks.mjs
Validated 100 tasks, dependencies, states, files and recorded evidence.
Stage check: node scripts/verify-schemas.mjs
Validated 7 OpenAPI documents and strict fixture response schemas (no network at verification time)
Validated 23 schemas, 19 fixtures, generated type drift: none
Stage check: node scripts/verify-boundaries.mjs
Verified module boundaries for 104 product source files using the TypeScript AST.
Stage check: node scripts/build.mjs
Built: cli, contracts, core
Stage check: node node_modules/typescript/bin/tsc --noEmit
Stage check: node scripts/test-unit.mjs

 RUN  v4.0.18 G:/StackGate

 ✓ tests/unit/storage/paths.test.ts (27 tests) 186ms
 ✓ tests/unit/storage/atomic-write.test.ts (6 tests) 238ms
 ✓ tests/unit/storage/hash.test.ts (17 tests) 8ms
 ✓ tests/unit/impact/selection.test.ts (6 tests) 18ms
 ✓ tests/unit/gate/acceptance-boundaries.test.ts (11 tests) 9ms
 ✓ tests/unit/gate/truth-table.test.ts (22 tests) 12ms
 ✓ tests/unit/freshness.test.ts (46 tests) 10ms
 ✓ tests/unit/gate/exit-priority.test.ts (65 tests) 18ms
 ✓ tests/unit/openapi/three-way.test.ts (10 tests) 8ms
 ✓ tests/unit/policy/drift.test.ts (7 tests) 8ms
 ✓ tests/unit/openapi/safe-loader.test.ts (60 tests) 113ms
 ✓ tests/unit/contracts/primitives.test.ts (13 tests) 91ms
 ✓ tests/unit/config/merge.test.ts (3 tests) 6ms
 ✓ tests/unit/openapi/public-scan-report.test.ts (1 test) 4ms
 ✓ tests/unit/impact/mappings.test.ts (6 tests) 16ms
 ✓ tests/unit/impact/typescript.test.ts (6 tests) 21ms
 ✓ tests/unit/contracts/run-schema.test.ts (24 tests) 169ms
 ✓ tests/unit/contracts/task-schema.test.ts (17 tests) 78ms
 ✓ tests/unit/contracts/config-schema.test.ts (9 tests) 92ms
 ✓ tests/unit/config/parse.test.ts (7 tests) 86ms
 ✓ tests/unit/openapi/runtime-validator.test.ts (23 tests) 447ms
 ✓ tests/unit/config/init-safety.test.ts (6 tests) 270ms
 ✓ tests/unit/fixtures.test.ts (10 tests) 622ms
   ✓ validates all OpenAPI documents against the retained official document schema and strict response schemas  557ms
 ✓ tests/unit/bootstrap.test.ts (5 tests) 2764ms
   ✓ built help is executable without a TypeScript runtime  469ms
   ✓ rejects unsupported arguments and combinations with exit 64  1299ms
   ✓ prints package version  305ms
   ✓ an empty test selection exits nonzero  684ms
 ✓ tests/unit/ports.test.ts (27 tests) 6223ms
   ✓ runs the AST checker and rejects domain IO  606ms
   ✓ runs the AST checker and rejects domain dynamic IO  568ms
   ✓ runs the AST checker and rejects domain time  418ms
   ✓ runs the AST checker and rejects domain date constructor  369ms
   ✓ runs the AST checker and rejects domain environment  339ms
   ✓ runs the AST checker and rejects domain console IO  337ms
   ✓ runs the AST checker and rejects domain require alias  329ms
   ✓ runs the AST checker and rejects domain indirect random  321ms
   ✓ runs the AST checker and rejects domain spread clock  324ms
   ✓ runs the AST checker and rejects domain network  311ms
   ✓ runs the AST checker and rejects test fake import  334ms
   ✓ runs the AST checker and rejects reporter runner  321ms
   ✓ runs the AST checker and rejects reporter execution  314ms
   ✓ runs the AST checker and rejects reporter computed execution  314ms
   ✓ runs the AST checker and rejects reporter destructured execution  314ms
   ✓ rejects IO reached indirectly through a domain helper  332ms
   ✓ allows pure objects, type-only ports and words in comments or strings  366ms

 Test Files  25 passed (25)
      Tests  434 passed (434)
   Start at  21:31:29
   Duration  7.30s (transform 2.89s, setup 0ms, import 13.22s, tests 11.52s, environment 4ms)

✔ built CLI help exposes only implemented commands (307.2055ms)
✔ unknown CLI option returns configuration error (281.7988ms)
✔ plan has 100 unique sequential tasks and original dependencies (2.1191ms)
✔ rejects duplicate ID (0.7374ms)
✔ rejects missing dependency (0.9011ms)
✔ rejects dependency cycle (1.4606ms)
✔ rejects DONE without evidence (0.5653ms)
✔ rejects illegal status (0.6146ms)
✔ rejects early READY (0.7178ms)
✔ rejects missing task (0.9456ms)
✔ rejects absolute file path (0.9908ms)
✔ rejects absolute evidence path (0.7087ms)
✔ rejects traversal evidence path (0.4968ms)
✔ rejects failed-only DONE (0.5687ms)
✔ source is preserved byte-for-byte and matches the supplied SHA-256 (1.9999ms)
✔ source inspection rejects missing or changed content (1.534ms)
✔ verify-tasks CLI returns nonzero and identifies the task with SG-999 dependency (84.4247ms)
✔ DONE requires actual implementation files even with valid task evidence (1.6246ms)
✔ DONE cannot borrow another task successful evidence (44.9561ms)
✔ evidence runner records task ownership and preserves a failed child exit code (133.6788ms)
✔ negative cases do not mutate the shared plan baseline (0.8623ms)
✔ M1 requires every M0 check, actual integration checks and the real oasdiff capability (1.6698ms)
✔ M0 rejects removed, duplicate and arbitrary shell checks (0.1538ms)
✔ unknown tools block any stage requiring them (0.1698ms)
✔ a real failed child command propagates its exit and retains its identity (100.3405ms)
ℹ tests 25
ℹ suites 0
ℹ pass 25
ℹ fail 0
ℹ cancelled 0
ℹ skipped 0
ℹ todo 0
ℹ duration_ms 675.0649
Stage check: node node_modules/eslint/bin/eslint.js .
Stage check: node node_modules/vitest/vitest.mjs run tests/contract

 RUN  v4.0.18 G:/StackGate

stdout | tests/contract/oasdiff.test.ts > SG020 real pinned oasdiff adapter > retains real version, raw IDs, raw JSON, original hashes and business exit status
{"fixture":"type-change","status":"FAIL","evidence":[{"command":"version","argv":["--version"],"stdout":"oasdiff version 1.32.1\n","stderr":"","exit_code":0,"signal":null,"version":"1.32.1","executable_sha256":"sha256:cce550834cddfa7584a5cfde8deb2a6a57effcbc445f040f4f7ac37da47e8173"},{"command":"breaking","argv":["breaking","C:\\Users\\17894\\AppData\\Local\\Temp\\stackgate-oasdiff-kM3nrF\\base.json","C:\\Users\\17894\\AppData\\Local\\Temp\\stackgate-oasdiff-kM3nrF\\target.json","--format","json","--allow-external-refs=false","--config","C:\\Users\\17894\\AppData\\Local\\Temp\\stackgate-oasdiff-kM3nrF\\oasdiff-config.json","--include-path-params","--auto-upgrade=false","--flatten-allof=false","--flatten-params=false","--fail-on","WARN"],"stdout":"[{\"id\":\"response-property-type-changed\",\"text\":\"the `data/performance/total_return` response's property `type` changed from `number` to `string` for status `200`\",\"level\":3,\"operation\":\"GET\",\"operationId\":\"getPerformance\",\"path\":\"/api/performance\",\"section\":\"paths\",\"fingerprint\":\"d4e087392f73\"}]\n","stderr":"","exit_code":1,"signal":null,"version":"1.32.1","executable_sha256":"sha256:cce550834cddfa7584a5cfde8deb2a6a57effcbc445f040f4f7ac37da47e8173","base_hash":"sha256:1a38de0d66d791dec4cc7ae6b3f9f2ae0aa3410ae7bbcb0c3bfd88cdf45aae8d","target_hash":"sha256:f5f78132329e73893ece7250514bd54906ed2db56e6a2215b261a0bff307f41d","audited_base_hash":"sha256:4fccf8fb30c0e712fcdfad06bd978906b22366af4532b8cd640c98061ad085bd","audited_target_hash":"sha256:a2527f9b8b2b416b0fd7292de08c7e1a9385819f41ed5ffb12132d46c67ab851"}]}

 ✓ tests/contract/toolchain.test.ts (5 tests) 1648ms
   ✓ runs real TypeScript program and compiler CLI diagnostics  973ms
   ✓ build declarations are actually consumable with strict type checking  523ms
 ✓ tests/contract/oasdiff.test.ts (31 tests) 2356ms
     ✓ preserves direction-dependent finding request-base→request-required  314ms
     ✓ retains structural diff and distinguishes real empty diff  414ms

 Test Files  2 passed (2)
      Tests  36 passed (36)
   Start at  21:31:40
   Duration  3.15s (transform 294ms, setup 0ms, import 1.20s, tests 4.00s, environment 0ms)

Stage check: node node_modules/vitest/vitest.mjs run tests/integration

 RUN  v4.0.18 G:/StackGate

 ✓ tests/integration/cli/doctor.test.ts (5 tests) 3441ms
   ✓ rejects semantically missing check references in otherwise valid configuration  720ms
   ✓ inspects a Chinese project without running postinstall, Python imports or writing state  568ms
   ✓ returns precise invalid-config diagnostics and never scans a parent manifest  580ms
   ✓ reports conflicting configuration files rather than choosing one  682ms
   ✓ reports declared commands/workspaces missing without executing them  889ms
 ✓ tests/integration/contracts/three-way.test.ts (8 tests) 3012ms
     ✓ rejects absent target behavior independently of mutual breaking checks  975ms
     ✓ requires real confirmation hashes and grants no approval to a draft  783ms
     ✓ blocks target byte drift despite equal behavior and separates export errors  948ms
 ✓ tests/integration/git/target-advance.test.ts (2 tests) 7914ms
   ✓ sees target advancement while preserving detached candidate identity and never fetching  2745ms
   ✓ invalidates untracked source changes at the same Git HEAD  5168ms
 ✓ tests/integration/git/baseline.test.ts (8 tests) 18473ms
     ✓ pins actual merge base and advancing target with detached HEAD  2079ms
     ✓ rejects missing refs and option-like refs  2735ms
     ✓ treats leading dash directory as path and hashes local identities  2109ms
     ✓ fails explicitly when shallow history cannot establish a common ancestor  3112ms
     ✓ rejects unresolved merges  3223ms
     ✓ disables repository fsmonitor and ignores hostile inherited Git environment  1748ms
     ✓ reports nonrepository distinctly  794ms
     ✓ does not choose arbitrarily between multiple merge bases  2670ms
 ✓ tests/integration/cli/static-workflow.test.ts (3 tests) 30753ms
   ✓ previews init without writes and applies only absent files preserving existing content  1419ms
   ✓ task and trust machine previews implement required data fields without running code  24103ms
   ✓ scan returns breaking data with exit zero and never claims runtime or gate success  5230ms
 ✓ tests/integration/stages/m1.test.ts (3 tests) 43579ms
   ✓ keeps changed unsupported workspace sources visible even with an explicit mapping file  6059ms
   ✓ all M1 entrypoints leave postinstall, JavaScript and Python sentinels unexecuted  27507ms
   ✓ reports no baseline, untracked Chinese consumers, changed target and unknown schema honestly  10012ms
 ✓ tests/integration/git/input-manifest.test.ts (16 tests) 59566ms
     ✓ emits schema-valid SafeIds in a real captured manifest  2852ms
     ✓ hashes final bytes B while keeping staged A and unstaged explanations  3696ms
     ✓ includes untracked source and dependency locks in input hash  5807ms
     ✓ retains tombstones for staged and unstaged deletions  4317ms
     ✓ explicitly includes ignored build inputs and diagnoses missing required inputs  5221ms
     ✓ excludes declared outputs and credential files with reasons  3673ms
     ✓ blocks oversized files, LFS pointers and unresolved generated inputs  6080ms
     ✓ blocks submodules and out-of-root directory links  4071ms
     ✓ keeps documentation as input unless explicitly excluded  3559ms
     ✓ respects nested ignore rules during safe directory enumeration  2787ms
     ✓ does not run configured external diff or text conversion commands  2738ms
     ✓ keeps task payload changes but excludes only StackGate state artifacts  4565ms
     ✓ detects index entries whose object is missing  2334ms
     ✓ hashes binary and CRLF bytes without normalizing them  1991ms
     ✓ does not execute configured clean filters while computing dirty changes  2302ms
     ✓ blocks CRLF LFS pointers and emulated symlink checkouts  3571ms
 ✓ tests/integration/tasks/confirm.test.ts (10 tests) 69536ms
   ✓ does not treat a YAML CONFIRMED status as a confirmation record  4622ms
   ✓ confirms exact input into an immutable revision and repeats idempotently  13550ms
   ✓ rejects missing authorization, a changed target and mutated protected inputs  12017ms
   ✓ returns a null digest for missing target/check references  1188ms
   ✓ rejects changes during confirm and never seals a stale revision  8794ms
   ✓ rejects tampered immutable target and forces a new revision for changed task content  11962ms
   ✓ binds ignored protected inputs into the reviewed confirmation digest  7110ms
   ✓ rejects tampered task-derived preview fields and sealed local identity  8015ms
   ✓ rejects unsupported root-leading protected globs instead of omitting ignored files  1466ms
   ✓ rejects a required operation naming a service other than the target contract service  811ms
 ✓ tests/integration/trust/review.test.ts (9 tests) 114227ms
   ✓ does not recognize mismatched grant IDs or permission scopes as trusted  28762ms
   ✓ refuses a script whose bytes are excluded by the credential-input policy  5174ms
   ✓ renews an expired matching record and preserves unrelated or concurrently changed records  27618ms
   ✓ rejects external script arguments and binds ignored scripts outside workspaces  13753ms
   ✓ binds inline code as arguments without interpreting code fragments as paths  2397ms
   ✓ binds resolved tool identity without launching it  6957ms
   ✓ previews names only and never trusts without explicit reviewed authorization  2502ms
   ✓ stores outside repository, binds scripts, arguments and origins, and does not become CI trust  15001ms
   ✓ refuses repository-contained trust stores and copying trust into another checkout  12060ms

 Test Files  9 passed (9)
      Tests  64 passed (64)
   Start at  21:31:44
   Duration  115.86s (transform 1.32s, setup 0ms, import 4.49s, tests 350.50s, environment 1ms)

M1 stage exit=0; child command evidence: docs/implementation/evidence/m1-stage-2026-09-20T13-33-40-656Z.json
