
 RUN  v4.0.18 G:/StackGate

 ❯ tests/unit/bootstrap.test.ts (4 tests | 3 failed) 939ms
   × built help is executable without a TypeScript runtime 77ms
   × rejects unsupported arguments and combinations with exit 64 61ms
   × prints package version 64ms
   ✓ an empty test selection exits nonzero  735ms

⎯⎯⎯⎯⎯⎯⎯ Failed Tests 3 ⎯⎯⎯⎯⎯⎯⎯

 FAIL  tests/unit/bootstrap.test.ts > built help is executable without a TypeScript runtime
AssertionError: node:internal/modules/cjs/loader:1424
  throw err;
  ^

Error: Cannot find module 'G:\StackGate\dist\cli.mjs'
    at Module._resolveFilename (node:internal/modules/cjs/loader:1421:15)
    at defaultResolveImpl (node:internal/modules/cjs/loader:1059:19)
    at resolveForCJSWithHooks (node:internal/modules/cjs/loader:1064:22)
    at Module._load (node:internal/modules/cjs/loader:1227:37)
    at TracingChannel.traceSync (node:diagnostics_channel:328:14)
    at wrapModuleLoad (node:internal/modules/cjs/loader:245:24)
    at Module.executeUserEntryPoint [as runMain] (node:internal/modules/run_main:154:5)
    at node:internal/main/run_main_module:33:47 {
  code: 'MODULE_NOT_FOUND',
  requireStack: []
}

Node.js v24.11.1
: expected 1 to be +0 // Object.is equality

- Expected
+ Received

- 0
+ 1

 ❯ tests/unit/bootstrap.test.ts:6:40
      4| it('built help is executable without a TypeScript runtime', () => {
      5|   const result = spawnSync(process.execPath, ['dist/cli.mjs', '--help'…
      6|   expect(result.status, result.stderr).toBe(0);
       |                                        ^
      7|   expect(result.stdout).toContain('--help');
      8|   expect(result.stdout).not.toContain('force-pass');

⎯⎯⎯⎯⎯⎯⎯⎯⎯⎯⎯⎯⎯⎯⎯⎯⎯⎯⎯⎯⎯⎯⎯⎯[1/3]⎯

 FAIL  tests/unit/bootstrap.test.ts > rejects unsupported arguments and combinations with exit 64
AssertionError: node:internal/modules/cjs/loader:1424
  throw err;
  ^

Error: Cannot find module 'G:\StackGate\dist\cli.mjs'
    at Module._resolveFilename (node:internal/modules/cjs/loader:1421:15)
    at defaultResolveImpl (node:internal/modules/cjs/loader:1059:19)
    at resolveForCJSWithHooks (node:internal/modules/cjs/loader:1064:22)
    at Module._load (node:internal/modules/cjs/loader:1227:37)
    at TracingChannel.traceSync (node:diagnostics_channel:328:14)
    at wrapModuleLoad (node:internal/modules/cjs/loader:245:24)
    at Module.executeUserEntryPoint [as runMain] (node:internal/modules/run_main:154:5)
    at node:internal/main/run_main_module:33:47 {
  code: 'MODULE_NOT_FOUND',
  requireStack: []
}

Node.js v24.11.1
: expected 1 to be 64 // Object.is equality

- Expected
+ Received

- 64
+ 1

 ❯ tests/unit/bootstrap.test.ts:14:42
     12|   for (const args of [['--made-up'], ['--help', '--made-up'], ['scan']…
     13|     const result = spawnSync(process.execPath, ['dist/cli.mjs', ...arg…
     14|     expect(result.status, result.stderr).toBe(64);
       |                                          ^
     15|     expect(result.stderr).toMatch(/unknown|unsupported/i);
     16|   }

⎯⎯⎯⎯⎯⎯⎯⎯⎯⎯⎯⎯⎯⎯⎯⎯⎯⎯⎯⎯⎯⎯⎯⎯[2/3]⎯

 FAIL  tests/unit/bootstrap.test.ts > prints package version
AssertionError: expected 1 to be +0 // Object.is equality

- Expected
+ Received

- 0
+ 1

 ❯ tests/unit/bootstrap.test.ts:21:25
     19| it('prints package version', () => {
     20|   const result = spawnSync(process.execPath, ['dist/cli.mjs', '--versi…
     21|   expect(result.status).toBe(0);
       |                         ^
     22|   expect(result.stdout.trim()).toBe('0.1.0');
     23| });

⎯⎯⎯⎯⎯⎯⎯⎯⎯⎯⎯⎯⎯⎯⎯⎯⎯⎯⎯⎯⎯⎯⎯⎯[3/3]⎯


 Test Files  1 failed (1)
      Tests  3 failed | 1 passed (4)
   Start at  08:50:42
   Duration  1.40s (transform 29ms, setup 0ms, import 61ms, tests 939ms, environment 0ms)

