$ node scripts/test-unit.mjs

 RUN  v4.0.18 G:/StackGate

 ✓ tests/unit/storage/paths.test.ts (27 tests) 262ms
 ✓ tests/unit/impact/selection.test.ts (6 tests) 20ms
 ✓ tests/unit/tool-registry.test.ts (4 tests) 405ms
 ✓ tests/unit/gate/truth-table.test.ts (22 tests) 11ms
 ✓ tests/unit/gate/exit-priority.test.ts (65 tests) 21ms
 ✓ tests/unit/openapi/safe-loader.test.ts (60 tests) 214ms
 ✓ tests/unit/impact/typescript.test.ts (6 tests) 30ms
 ✓ tests/unit/contracts/primitives.test.ts (13 tests) 108ms
 ✓ tests/unit/impact/mappings.test.ts (6 tests) 18ms
 ✓ tests/unit/contracts/config-schema.test.ts (9 tests) 235ms
 ✓ tests/unit/config/execution-inputs.test.ts (3 tests) 131ms
 ✓ tests/unit/openapi/three-way.test.ts (10 tests) 9ms
 ✓ tests/unit/contracts/run-schema.test.ts (24 tests) 218ms
 ✓ tests/unit/openapi/public-scan-report.test.ts (1 test) 6ms
 ✓ tests/unit/gate/acceptance-boundaries.test.ts (11 tests) 10ms
 ✓ tests/unit/contracts/task-schema.test.ts (17 tests) 98ms
 ✓ tests/unit/storage/hash.test.ts (17 tests) 9ms
 ✓ tests/unit/policy/drift.test.ts (7 tests) 8ms
 ✓ tests/unit/freshness.test.ts (46 tests) 25ms
 ✓ tests/unit/storage/atomic-write.test.ts (6 tests) 1653ms
   ✓ preserves the old target and cleans its own temporary file after real rename fails  441ms
   ✓ publishes at most one concurrent creation without clobbering the winner  758ms
 ✓ tests/unit/select-checks.test.ts (6 tests) 118ms
 ✓ tests/unit/config/parse.test.ts (7 tests) 106ms
 ✓ tests/unit/config/merge.test.ts (3 tests) 19ms
 ✓ tests/unit/plan/dag.test.ts (13 tests) 90ms
 ✓ tests/unit/openapi/runtime-validator.test.ts (23 tests) 604ms
 ✓ tests/unit/fixtures.test.ts (10 tests) 1087ms
   ✓ validates all OpenAPI documents against the retained official document schema and strict response schemas  976ms
 ✓ tests/unit/config/init-safety.test.ts (6 tests) 318ms
 ✓ tests/unit/storage/cache.test.ts (5 tests) 1624ms
   ✓ reuses identical static parse data and invalidates every identity input  617ms
   ✓ bounds retained bytes and never follows a substituted cache link  516ms
 ✓ tests/unit/bootstrap.test.ts (5 tests) 4474ms
   ✓ built help is executable without a TypeScript runtime  895ms
   ✓ rejects unsupported arguments and combinations with exit 64  2054ms
   ✓ prints package version  501ms
   ✓ an empty test selection exits nonzero  1019ms
 ✓ tests/unit/ports.test.ts (27 tests) 9466ms
   ✓ runs the AST checker and rejects domain IO  979ms
   ✓ runs the AST checker and rejects domain dynamic IO  1150ms
   ✓ runs the AST checker and rejects domain time  658ms
   ✓ runs the AST checker and rejects domain date constructor  569ms
   ✓ runs the AST checker and rejects domain environment  515ms
   ✓ runs the AST checker and rejects domain console IO  568ms
   ✓ runs the AST checker and rejects domain require alias  428ms
   ✓ runs the AST checker and rejects domain indirect random  423ms
   ✓ runs the AST checker and rejects domain spread clock  419ms
   ✓ runs the AST checker and rejects domain network  571ms
   ✓ runs the AST checker and rejects test fake import  400ms
   ✓ runs the AST checker and rejects reporter runner  448ms
   ✓ runs the AST checker and rejects reporter execution  409ms
   ✓ runs the AST checker and rejects reporter computed execution  563ms
   ✓ runs the AST checker and rejects reporter destructured execution  429ms
   ✓ rejects IO reached indirectly through a domain helper  457ms
   ✓ allows pure objects, type-only ports and words in comments or strings  474ms

 Test Files  30 passed (30)
      Tests  465 passed (465)
   Start at  22:24:15
   Duration  10.78s (transform 6.86s, setup 0ms, import 28.52s, tests 21.40s, environment 5ms)

✔ audit records retain actual child failure and repository identity (946.3021ms)
✔ built CLI help exposes only implemented commands (580.7965ms)
✔ unknown CLI option returns configuration error (468.0359ms)
✔ plan has 100 unique sequential tasks and original dependencies (4.8584ms)
✔ rejects duplicate ID (1.0641ms)
✔ rejects missing dependency (1.4842ms)
✔ rejects dependency cycle (1.6354ms)
✔ rejects DONE without evidence (0.6686ms)
✔ rejects illegal status (0.7144ms)
✔ rejects early READY (1.0127ms)
✔ rejects missing task (0.8937ms)
✔ rejects absolute file path (1.4728ms)
✔ rejects absolute evidence path (1.2735ms)
✔ rejects traversal evidence path (0.9716ms)
✔ rejects failed-only DONE (1.0374ms)
✔ source is preserved byte-for-byte and matches the supplied SHA-256 (2.9632ms)
✔ source inspection rejects missing or changed content (1.9166ms)
✔ verify-tasks CLI returns nonzero and identifies the task with SG-999 dependency (146.5491ms)
✔ DONE requires actual implementation files even with valid task evidence (2.357ms)
✔ DONE cannot borrow another task successful evidence (71.937ms)
✔ evidence runner records task ownership and preserves a failed child exit code (772.933ms)
✔ negative cases do not mutate the shared plan baseline (1.4119ms)
✔ M1 requires every M0 check, actual integration checks and the real oasdiff capability (4.289ms)
✔ M0 rejects removed, duplicate and arbitrary shell checks (0.1842ms)
✔ unknown tools block any stage requiring them (0.1936ms)
✔ a real failed child command propagates its exit and retains its identity (167.9549ms)
✔ missing source removes only previously packaged exact tool, preserving unrelated files (27.3879ms)
ℹ tests 27
ℹ suites 0
ℹ pass 27
ℹ fail 0
ℹ cancelled 0
ℹ skipped 0
ℹ todo 0
ℹ duration_ms 1226.6423
