$ node scripts/test-unit.mjs

 RUN  v4.0.18 G:/StackGate

 ✓ tests/unit/gate/truth-table.test.ts (22 tests) 11ms
 ✓ tests/unit/gate/acceptance-boundaries.test.ts (11 tests) 13ms
 ✓ tests/unit/gate/exit-priority.test.ts (65 tests) 19ms
 ✓ tests/unit/storage/paths.test.ts (27 tests) 157ms
 ✓ tests/unit/freshness.test.ts (46 tests) 9ms
 ✓ tests/unit/openapi/public-scan-report.test.ts (1 test) 4ms
 ✓ tests/unit/policy/drift.test.ts (7 tests) 8ms
 ✓ tests/unit/openapi/three-way.test.ts (10 tests) 16ms
 ✓ tests/unit/impact/selection.test.ts (6 tests) 18ms
 ✓ tests/unit/openapi/safe-loader.test.ts (60 tests) 129ms
 ✓ tests/unit/storage/atomic-write.test.ts (6 tests) 249ms
 ✓ tests/unit/impact/typescript.test.ts (6 tests) 35ms
 ✓ tests/unit/storage/hash.test.ts (17 tests) 8ms
 ✓ tests/unit/config/merge.test.ts (3 tests) 6ms
 ✓ tests/unit/contracts/primitives.test.ts (13 tests) 98ms
 ✓ tests/unit/openapi/runtime-validator.test.ts (23 tests) 341ms
 ✓ tests/unit/impact/mappings.test.ts (6 tests) 16ms
 ✓ tests/unit/contracts/run-schema.test.ts (24 tests) 137ms
 ✓ tests/unit/contracts/task-schema.test.ts (17 tests) 71ms
 ✓ tests/unit/contracts/config-schema.test.ts (9 tests) 105ms
 ✓ tests/unit/config/parse.test.ts (7 tests) 112ms
 ✓ tests/unit/config/init-safety.test.ts (6 tests) 260ms
 ✓ tests/unit/fixtures.test.ts (10 tests) 624ms
   ✓ validates all OpenAPI documents against the retained official document schema and strict response schemas  506ms
 ✓ tests/unit/bootstrap.test.ts (5 tests) 2668ms
   ✓ built help is executable without a TypeScript runtime  504ms
   ✓ rejects unsupported arguments and combinations with exit 64  1166ms
   ✓ prints package version  328ms
   ✓ an empty test selection exits nonzero  668ms
 ✓ tests/unit/ports.test.ts (27 tests) 6118ms
   ✓ runs the AST checker and rejects domain IO  571ms
   ✓ runs the AST checker and rejects domain dynamic IO  460ms
   ✓ runs the AST checker and rejects domain time  444ms
   ✓ runs the AST checker and rejects domain date constructor  407ms
   ✓ runs the AST checker and rejects domain environment  324ms
   ✓ runs the AST checker and rejects domain console IO  335ms
   ✓ runs the AST checker and rejects domain require alias  306ms
   ✓ runs the AST checker and rejects domain indirect random  316ms
   ✓ runs the AST checker and rejects domain spread clock  307ms
   ✓ runs the AST checker and rejects domain network  314ms
   ✓ runs the AST checker and rejects test fake import  303ms
   ✓ runs the AST checker and rejects reporter runner  324ms
   ✓ runs the AST checker and rejects reporter execution  305ms
   ✓ runs the AST checker and rejects reporter computed execution  333ms
   ✓ runs the AST checker and rejects reporter destructured execution  370ms
   ✓ rejects IO reached indirectly through a domain helper  342ms
   ✓ allows pure objects, type-only ports and words in comments or strings  350ms

 Test Files  25 passed (25)
      Tests  434 passed (434)
   Start at  21:29:04
   Duration  8.16s (transform 4.80s, setup 0ms, import 19.37s, tests 11.23s, environment 4ms)

✔ built CLI help exposes only implemented commands (285.6503ms)
✔ unknown CLI option returns configuration error (285.6325ms)
✔ plan has 100 unique sequential tasks and original dependencies (2.0285ms)
✔ rejects duplicate ID (0.7453ms)
✔ rejects missing dependency (0.6849ms)
✔ rejects dependency cycle (0.863ms)
✔ rejects DONE without evidence (0.5594ms)
✔ rejects illegal status (0.6193ms)
✔ rejects early READY (0.5782ms)
✔ rejects missing task (0.6302ms)
✔ rejects absolute file path (1.0048ms)
✔ rejects absolute evidence path (0.6465ms)
✔ rejects traversal evidence path (0.5638ms)
✔ rejects failed-only DONE (0.6102ms)
✔ source is preserved byte-for-byte and matches the supplied SHA-256 (8.9263ms)
✔ source inspection rejects missing or changed content (1.3109ms)
✔ verify-tasks CLI returns nonzero and identifies the task with SG-999 dependency (77.1622ms)
✔ DONE requires actual implementation files even with valid task evidence (6.3923ms)
✔ DONE cannot borrow another task successful evidence (30.3899ms)
✔ evidence runner records task ownership and preserves a failed child exit code (128.2007ms)
✔ negative cases do not mutate the shared plan baseline (0.9409ms)
✔ M1 requires every M0 check, actual integration checks and the real oasdiff capability (1.738ms)
✔ M0 rejects removed, duplicate and arbitrary shell checks (0.1521ms)
✔ unknown tools block any stage requiring them (0.1686ms)
✔ a real failed child command propagates its exit and retains its identity (96.8533ms)
ℹ tests 25
ℹ suites 0
ℹ pass 25
ℹ fail 0
ℹ cancelled 0
ℹ skipped 0
ℹ todo 0
ℹ duration_ms 653.3008
