✔ plan has 100 unique sequential tasks and original dependencies (5.3347ms)
✔ rejects duplicate ID (1.8122ms)
✔ rejects missing dependency (2.1783ms)
✔ rejects dependency cycle (2.2567ms)
✔ rejects DONE without evidence (2.2094ms)
✔ rejects illegal status (2.2204ms)
✔ rejects early READY (1.5792ms)
✔ rejects missing task (1.5456ms)
✔ rejects absolute file path (1.3484ms)
✔ rejects absolute evidence path (1.8997ms)
✔ rejects traversal evidence path (1.1163ms)
✔ rejects failed-only DONE (1.2932ms)
✔ source is preserved byte-for-byte and matches the supplied SHA-256 (4.1559ms)
✔ source inspection rejects missing or changed content (2.8277ms)
✔ verify-tasks CLI returns nonzero and identifies the task with SG-999 dependency (219.7637ms)
✖ DONE requires actual implementation files even with valid task evidence (5.6907ms)
✖ DONE cannot borrow another task successful evidence (113.0802ms)
✖ evidence runner records task ownership and preserves a failed child exit code (320.9815ms)
✔ negative cases do not mutate the shared plan baseline (2.4421ms)
ℹ tests 19
ℹ suites 0
ℹ pass 16
ℹ fail 3
ℹ cancelled 0
ℹ skipped 0
ℹ todo 0
ℹ duration_ms 947.8761

✖ failing tests:

test at tests\bootstrap\ledger.test.mjs:56:1
✖ DONE requires actual implementation files even with valid task evidence (5.6907ms)
  AssertionError [ERR_ASSERTION]: The input did not match the regular expression /SG-001.*actual_files/i. Input:
  
  ''
  
      at TestContext.<anonymous> (file:///G:/StackGate/tests/bootstrap/ledger.test.mjs:60:10)
      at Test.runInAsyncScope (node:async_hooks:214:14)
      at Test.run (node:internal/test_runner/test:1106:25)
      at Test.processPendingSubtests (node:internal/test_runner/test:788:18)
      at Test.postRun (node:internal/test_runner/test:1235:19)
      at Test.run (node:internal/test_runner/test:1163:12)
      at async Test.processPendingSubtests (node:internal/test_runner/test:788:7) {
    generatedMessage: true,
    code: 'ERR_ASSERTION',
    actual: '',
    expected: /SG-001.*actual_files/i,
    operator: 'match',
    diff: 'simple'
  }

test at tests\bootstrap\ledger.test.mjs:62:1
✖ DONE cannot borrow another task successful evidence (113.0802ms)
  AssertionError [ERR_ASSERTION]: The input did not match the regular expression /SG-002.*evidence.*SG-002/i. Input:
  
  ''
  
      at TestContext.<anonymous> (file:///G:/StackGate/tests/bootstrap/ledger.test.mjs:69:10)
      at Test.runInAsyncScope (node:async_hooks:214:14)
      at Test.run (node:internal/test_runner/test:1106:25)
      at Test.processPendingSubtests (node:internal/test_runner/test:788:18)
      at Test.postRun (node:internal/test_runner/test:1235:19)
      at Test.run (node:internal/test_runner/test:1163:12)
      at async Test.processPendingSubtests (node:internal/test_runner/test:788:7) {
    generatedMessage: true,
    code: 'ERR_ASSERTION',
    actual: '',
    expected: /SG-002.*evidence.*SG-002/i,
    operator: 'match',
    diff: 'simple'
  }

test at tests\bootstrap\ledger.test.mjs:71:1
✖ evidence runner records task ownership and preserves a failed child exit code (320.9815ms)
  AssertionError [ERR_ASSERTION]: Expected values to be strictly equal:
  + actual - expected
  
  + undefined
  - 'SG-001'
  
      at TestContext.<anonymous> (file:///G:/StackGate/tests/bootstrap/ledger.test.mjs:78:10)
      at Test.runInAsyncScope (node:async_hooks:214:14)
      at Test.run (node:internal/test_runner/test:1106:25)
      at Test.processPendingSubtests (node:internal/test_runner/test:788:18)
      at Test.postRun (node:internal/test_runner/test:1235:19)
      at Test.run (node:internal/test_runner/test:1163:12)
      at async Test.processPendingSubtests (node:internal/test_runner/test:788:7) {
    generatedMessage: true,
    code: 'ERR_ASSERTION',
    actual: undefined,
    expected: 'SG-001',
    operator: 'strictEqual',
    diff: 'simple'
  }
