$ node scripts/test-unit.mjs

[1m[46m RUN [49m[22m [36mv4.0.18 [39m[90mG:/StackGate[39m

 [32m✓[39m tests/unit/ports.test.ts [2m([22m[2m27 tests[22m[2m)[22m[33m 5684[2mms[22m[39m
   [33m[2m✓[22m[39m runs the AST checker and rejects domain IO [33m 418[2mms[22m[39m
   [33m[2m✓[22m[39m runs the AST checker and rejects domain dynamic IO [33m 301[2mms[22m[39m
   [33m[2m✓[22m[39m runs the AST checker and rejects domain time [33m 311[2mms[22m[39m
   [33m[2m✓[22m[39m runs the AST checker and rejects domain date constructor [33m 373[2mms[22m[39m
   [33m[2m✓[22m[39m runs the AST checker and rejects domain environment [33m 359[2mms[22m[39m
   [33m[2m✓[22m[39m runs the AST checker and rejects domain console IO [33m 316[2mms[22m[39m
   [33m[2m✓[22m[39m runs the AST checker and rejects domain require alias [33m 310[2mms[22m[39m
   [33m[2m✓[22m[39m runs the AST checker and rejects domain indirect random [33m 324[2mms[22m[39m
   [33m[2m✓[22m[39m runs the AST checker and rejects domain spread clock [33m 331[2mms[22m[39m
   [33m[2m✓[22m[39m runs the AST checker and rejects domain network [33m 344[2mms[22m[39m
   [33m[2m✓[22m[39m runs the AST checker and rejects test fake import [33m 332[2mms[22m[39m
   [33m[2m✓[22m[39m runs the AST checker and rejects reporter runner [33m 318[2mms[22m[39m
   [33m[2m✓[22m[39m runs the AST checker and rejects reporter execution [33m 324[2mms[22m[39m
   [33m[2m✓[22m[39m runs the AST checker and rejects reporter computed execution [33m 331[2mms[22m[39m
   [33m[2m✓[22m[39m runs the AST checker and rejects reporter destructured execution [33m 324[2mms[22m[39m
   [33m[2m✓[22m[39m rejects IO reached indirectly through a domain helper [33m 311[2mms[22m[39m
   [33m[2m✓[22m[39m allows pure objects, type-only ports and words in comments or strings [33m 352[2mms[22m[39m
 [32m✓[39m tests/unit/bootstrap.test.ts [2m([22m[2m6 tests[22m[2m)[22m[33m 2022[2mms[22m[39m
   [33m[2m✓[22m[39m rejects unsupported arguments and combinations with exit 64 [33m 536[2mms[22m[39m
   [33m[2m✓[22m[39m an empty test selection exits nonzero [33m 680[2mms[22m[39m
 [32m✓[39m tests/unit/storage/cache.test.ts [2m([22m[2m5 tests[22m[2m)[22m[33m 644[2mms[22m[39m
   [33m[2m✓[22m[39m bounds retained bytes and never follows a substituted cache link [33m 335[2mms[22m[39m
 [32m✓[39m tests/unit/fixtures.test.ts [2m([22m[2m10 tests[22m[2m)[22m[33m 364[2mms[22m[39m
   [33m[2m✓[22m[39m validates all OpenAPI documents against the retained official document schema and strict response schemas [33m 309[2mms[22m[39m
 [32m✓[39m tests/unit/runner/scheduler.test.ts [2m([22m[2m8 tests[22m[2m)[22m[33m 9642[2mms[22m[39m
   [33m[2m✓[22m[39m runs A to B/C to D with lexicographic starts and real independent concurrency [33m 662[2mms[22m[39m
   [33m[2m✓[22m[39m failure blocks only dependent branches and cancellation stops new steps [33m 1090[2mms[22m[39m
   [33m[2m✓[22m[39m serializes shared resources while independent resources progress [33m 1673[2mms[22m[39m
   [33m[2m✓[22m[39m does not invent a second result when finished event persistence fails [33m 552[2mms[22m[39m
   [33m[2m✓[22m[39m cancels or times out while another owner holds a resource without removing its lock [33m 3540[2mms[22m[39m
   [33m[2m✓[22m[39m excludes another whole run even when its workspace locks differ [33m 1544[2mms[22m[39m
   [33m[2m✓[22m[39m records queue waiting separately from actual execution duration [33m 575[2mms[22m[39m
 [32m✓[39m tests/unit/v2/reporter-storage.test.ts [2m([22m[2m7 tests[22m[2m)[22m[33m 342[2mms[22m[39m
 [32m✓[39m tests/unit/openapi/runtime-validator.test.ts [2m([22m[2m23 tests[22m[2m)[22m[32m 237[2mms[22m[39m
 [32m✓[39m tests/unit/v2/http-authorization.test.ts [2m([22m[2m54 tests[22m[2m)[22m[32m 197[2mms[22m[39m
 [32m✓[39m tests/unit/tool-registry.test.ts [2m([22m[2m4 tests[22m[2m)[22m[32m 155[2mms[22m[39m
 [32m✓[39m tests/unit/config/init-safety.test.ts [2m([22m[2m6 tests[22m[2m)[22m[32m 150[2mms[22m[39m
 [32m✓[39m tests/unit/storage/atomic-write.test.ts [2m([22m[2m6 tests[22m[2m)[22m[32m 131[2mms[22m[39m
 [32m✓[39m tests/unit/storage/paths.test.ts [2m([22m[2m27 tests[22m[2m)[22m[32m 63[2mms[22m[39m
 [32m✓[39m tests/unit/contracts/run-schema.test.ts [2m([22m[2m24 tests[22m[2m)[22m[32m 85[2mms[22m[39m
 [32m✓[39m tests/unit/openapi/safe-loader.test.ts [2m([22m[2m60 tests[22m[2m)[22m[32m 61[2mms[22m[39m
 [32m✓[39m tests/unit/contracts/config-schema.test.ts [2m([22m[2m9 tests[22m[2m)[22m[32m 59[2mms[22m[39m
 [32m✓[39m tests/unit/config/parse.test.ts [2m([22m[2m7 tests[22m[2m)[22m[32m 74[2mms[22m[39m
 [32m✓[39m tests/unit/select-checks.test.ts [2m([22m[2m6 tests[22m[2m)[22m[32m 54[2mms[22m[39m
 [32m✓[39m tests/unit/plan/dag.test.ts [2m([22m[2m13 tests[22m[2m)[22m[32m 45[2mms[22m[39m
 [32m✓[39m tests/unit/contracts/task-schema.test.ts [2m([22m[2m17 tests[22m[2m)[22m[32m 46[2mms[22m[39m
 [32m✓[39m tests/unit/contracts/primitives.test.ts [2m([22m[2m13 tests[22m[2m)[22m[32m 48[2mms[22m[39m
 [32m✓[39m tests/unit/config/execution-inputs.test.ts [2m([22m[2m3 tests[22m[2m)[22m[32m 40[2mms[22m[39m
 [32m✓[39m tests/unit/v2/environment-assessment.test.ts [2m([22m[2m15 tests[22m[2m)[22m[32m 37[2mms[22m[39m
 [32m✓[39m tests/unit/v2/probe-assertions.test.ts [2m([22m[2m144 tests[22m[2m)[22m[32m 24[2mms[22m[39m
 [32m✓[39m tests/unit/gate/command-provenance.test.ts [2m([22m[2m14 tests[22m[2m)[22m[32m 19[2mms[22m[39m
 [32m✓[39m tests/unit/impact/selection.test.ts [2m([22m[2m6 tests[22m[2m)[22m[32m 11[2mms[22m[39m
 [32m✓[39m tests/unit/impact/typescript.test.ts [2m([22m[2m6 tests[22m[2m)[22m[32m 13[2mms[22m[39m
 [32m✓[39m tests/unit/gate/exit-priority.test.ts [2m([22m[2m65 tests[22m[2m)[22m[32m 10[2mms[22m[39m
 [32m✓[39m tests/unit/gate/truth-table.test.ts [2m([22m[2m22 tests[22m[2m)[22m[32m 6[2mms[22m[39m
 [32m✓[39m tests/unit/impact/mappings.test.ts [2m([22m[2m6 tests[22m[2m)[22m[32m 10[2mms[22m[39m
 [32m✓[39m tests/unit/reports/junit-input.test.ts [2m([22m[2m13 tests[22m[2m)[22m[32m 7[2mms[22m[39m
 [32m✓[39m tests/unit/reports/junit-output.test.ts [2m([22m[2m1 test[22m[2m)[22m[32m 4[2mms[22m[39m
 [32m✓[39m tests/unit/reports/consistency.test.ts [2m([22m[2m1 test[22m[2m)[22m[32m 6[2mms[22m[39m
 [32m✓[39m tests/unit/reports/json.test.ts [2m([22m[2m3 tests[22m[2m)[22m[32m 5[2mms[22m[39m
 [32m✓[39m tests/unit/gate/acceptance-boundaries.test.ts [2m([22m[2m11 tests[22m[2m)[22m[32m 5[2mms[22m[39m
 [32m✓[39m tests/unit/freshness.test.ts [2m([22m[2m46 tests[22m[2m)[22m[32m 4[2mms[22m[39m
 [32m✓[39m tests/unit/openapi/three-way.test.ts [2m([22m[2m10 tests[22m[2m)[22m[32m 5[2mms[22m[39m
 [32m✓[39m tests/unit/policy/drift.test.ts [2m([22m[2m7 tests[22m[2m)[22m[32m 4[2mms[22m[39m
 [32m✓[39m tests/unit/storage/hash.test.ts [2m([22m[2m17 tests[22m[2m)[22m[32m 5[2mms[22m[39m
 [32m✓[39m tests/unit/config/merge.test.ts [2m([22m[2m3 tests[22m[2m)[22m[32m 3[2mms[22m[39m
 [32m✓[39m tests/unit/run-evaluation.test.ts [2m([22m[2m1 test[22m[2m)[22m[32m 3[2mms[22m[39m
 [32m✓[39m tests/unit/reports/markdown.test.ts [2m([22m[2m1 test[22m[2m)[22m[32m 3[2mms[22m[39m
 [32m✓[39m tests/unit/reports/terminal.test.ts [2m([22m[2m1 test[22m[2m)[22m[32m 3[2mms[22m[39m
 [32m✓[39m tests/unit/openapi/public-scan-report.test.ts [2m([22m[2m1 test[22m[2m)[22m[32m 2[2mms[22m[39m
 [32m✓[39m tests/unit/gate/plan-binding.test.ts [2m([22m[2m9 tests[22m[2m)[22m[32m 3[2mms[22m[39m

[2m Test Files [22m [1m[32m44 passed[39m[22m[90m (44)[39m
[2m      Tests [22m [1m[32m738 passed[39m[22m[90m (738)[39m
[2m   Start at [22m 21:32:05
[2m   Duration [22m 21.23s[2m (transform 1.51s, setup 0ms, import 9.84s, tests 20.33s, environment 4ms)[22m

✔ current audit ledger validates with all five audit task ids (10.7397ms)
✔ duplicate audit task ids are rejected (0.3218ms)
✔ unknown status values are rejected (0.1387ms)
✔ DONE without a passing verification is rejected (0.6932ms)
✔ DONE without actual files is rejected (0.2683ms)
✔ evidence that belongs to another task id is rejected (0.5395ms)
✔ relative paths escaping the repository are rejected (0.1639ms)
✔ dependency cycles are rejected (0.2006ms)
✔ BLOCKED without a recorded blocker is rejected (0.1346ms)
✔ audit records retain actual child failure and repository identity (5339.6674ms)
✔ built CLI help exposes only implemented commands (346.7042ms)
✔ unknown CLI option returns configuration error (299.9186ms)
✔ plan has 100 unique sequential tasks and original dependencies (2.2065ms)
✔ rejects duplicate ID (0.7773ms)
✔ rejects missing dependency (1.0399ms)
✔ rejects dependency cycle (0.589ms)
✔ rejects DONE without evidence (0.5726ms)
✔ rejects illegal status (1.0506ms)
✔ rejects early READY (1.0446ms)
✔ rejects missing task (1.2246ms)
✔ rejects absolute file path (0.7649ms)
✔ rejects absolute evidence path (0.7022ms)
✔ rejects traversal evidence path (0.5814ms)
✔ rejects failed-only DONE (0.5491ms)
✔ source is preserved byte-for-byte and matches the supplied SHA-256 (2.2756ms)
✔ source inspection rejects missing or changed content (1.3734ms)
✔ verify-tasks CLI returns nonzero and identifies the task with SG-999 dependency (86.0425ms)
✔ DONE requires actual implementation files even with valid task evidence (1.0374ms)
✔ DONE cannot borrow another task successful evidence (40.848ms)
✔ evidence runner records task ownership and preserves a failed child exit code (5131.0732ms)
✔ negative cases do not mutate the shared plan baseline (1.0993ms)
✔ same HEAD with modified tracked source yields a different content hash (2104.9834ms)
✔ adding, editing and removing untracked inputs changes the content hash (2672.6279ms)
✔ staged and unstaged states for the same path are distinguished (1711.253ms)
✔ raw bytes distinguish CRLF and UTF-8 content without normalisation (1575.134ms)
✔ a path containing whitespace yields exactly one enumerated entry (1082.3234ms)
✔ writing only verification evidence does not invalidate the snapshot (1429.0293ms)
✔ caches are excluded but tracked sources and lockfiles are captured (2222.183ms)
✔ over-budget inputs are reported as incomplete instead of silently skipped (1114.6106ms)
✔ staged deletions are reported as missing inputs, not as absent source (1065.102ms)
✔ recorder keeps the raw exit code but refuses attribution when source changed mid-verification (4904.8377ms)
✔ recorder rejects task ids that are not in the ledgers (4253.3875ms)
✔ the built reporter entry loads as ESM and keeps its export contract (6.6959ms)
✔ the built reporter still refuses to replace an existing attempt report (39.2778ms)
✔ M1 requires every M0 check, actual integration checks and the real oasdiff capability (2.3365ms)
✔ M2 registers every execution, evidence and Gate check without allowing omissions (0.2681ms)
✔ M0 rejects removed, duplicate and arbitrary shell checks (0.1383ms)
✔ unknown tools block any stage requiring them (0.1702ms)
✔ M2 declares EXECUTED only from the registered real-execution checks (0.2124ms)
✔ a real failed child command propagates its exit and retains its identity (105.5141ms)
✔ missing source removes only previously packaged exact tool, preserving unrelated files (35.545ms)
✔ the plan assertion fragment holds for a minimal ledger and its broken variants (2.9751ms)
✔ the shipped v2 ledger validates and carries exactly eight repair tasks (27.2475ms)
✔ only the eight registered ids are accepted, V2-R99 is not (0.741ms)
✔ a missing repair task is rejected (0.3491ms)
✔ unknown dependencies, cycles and premature DONE are rejected (1.402ms)
✔ illegal status and relative path escapes are rejected (0.6377ms)
✔ DONE cannot be closed by evidence that is not attributable to one source snapshot (0.2599ms)
✔ a PASSED record taken while the source drifted is rejected (0.1989ms)
✔ evidence that belongs to another task id is rejected (0.2861ms)
✔ BLOCKED without a recorded blocker is rejected (0.6396ms)
✔ the pre-existing M3 validator still closes DONE on non-attributable evidence (0.7631ms)
✔ the recorder accepts only ids registered in the v2 ledger (172.6571ms)
ℹ tests 63
ℹ suites 0
ℹ pass 63
ℹ fail 0
ℹ cancelled 0
ℹ skipped 0
ℹ todo 0
ℹ duration_ms 24560.965
