
[1m[46m RUN [49m[22m [36mv4.0.18 [39m[90mG:/StackGate[39m

 [32m✓[39m tests/integration/stages/v2-repair-baseline.test.ts [2m([22m[2m5 tests[22m[2m)[22m[33m 5086[2mms[22m[39m
   [33m[2m✓[22m[39m preserves a parameter error as exit 64 in both the envelope and the process [33m 1472[2mms[22m[39m
   [33m[2m✓[22m[39m keeps scan a static operation that reports NOT_EXECUTED and touches nothing [33m 2881[2mms[22m[39m
   [33m[2m✓[22m[39m refuses to certify an M3 stage exit and rejects a malformed stage request [33m 443[2mms[22m[39m
 [32m✓[39m tests/integration/environment/observation.test.ts [2m([22m[2m5 tests[22m[2m)[22m[33m 4512[2mms[22m[39m
   [33m[2m✓[22m[39m attests a real response with the exact bytes the client received [33m 926[2mms[22m[39m
   [33m[2m✓[22m[39m binds the observation to the launcher identity, never to a header the client sent [33m 894[2mms[22m[39m
   [33m[2m✓[22m[39m refuses a repeated request identity instead of overwriting the first record [33m 936[2mms[22m[39m
   [33m[2m✓[22m[39m serves an unauthorized run without creating any fact about it [33m 870[2mms[22m[39m
   [33m[2m✓[22m[39m keeps secret request headers out of the record tree and reclaims only its own process [33m 885[2mms[22m[39m
 [32m✓[39m tests/integration/environment/evidence-authentication.test.ts [2m([22m[2m17 tests[22m[2m)[22m[33m 10645[2mms[22m[39m
   [33m[2m✓[22m[39m authenticates a real run and cites stored artifact ids, not request ids [33m 514[2mms[22m[39m
   [33m[2m✓[22m[39m accepts the probe layer's sha256-prefixed digest only at the boundary [33m 473[2mms[22m[39m
   [33m[2m✓[22m[39m refuses a request id cited where a stored artifact id belongs [33m 390[2mms[22m[39m
   [33m[2m✓[22m[39m reads nothing for a path this run's index does not hold [33m 462[2mms[22m[39m
   [33m[2m✓[22m[39m refuses paths outside the run's own evidence tree instead of reading them [33m 940[2mms[22m[39m
   [33m[2m✓[22m[39m refuses evidence that belongs to another run [33m 1054[2mms[22m[39m
   [33m[2m✓[22m[39m refuses evidence replayed from another attempt [33m 908[2mms[22m[39m
   [33m[2m✓[22m[39m refuses tampered bytes whose index digest no longer matches the file [33m 574[2mms[22m[39m
   [33m[2m✓[22m[39m refuses a truncated response body and a truncated retention record [33m 977[2mms[22m[39m
   [33m[2m✓[22m[39m refuses when any lifecycle document is missing [33m 1097[2mms[22m[39m
   [33m[2m✓[22m[39m checks the stored document kind and structure instead of trusting the writer [33m 525[2mms[22m[39m
   [33m[2m✓[22m[39m keeps expected operations in the requirements, never in what the observation reports [33m 570[2mms[22m[39m
   [33m[2m✓[22m[39m grants no success to self-reported CONTROLLED provenance or a satisfied flag [33m 549[2mms[22m[39m
   [33m[2m✓[22m[39m keeps the pure core free of I/O and this path free of network and command execution [33m 548[2mms[22m[39m
   [33m[2m✓[22m[39m refuses a legacy assessment whose placeholder references resolve to nothing [33m 576[2mms[22m[39m
   [33m[2m✓[22m[39m documents that the pure function alone cannot tell a request id from an artifact id [33m 484[2mms[22m[39m
[90mstdout[2m | tests/contract/oasdiff.test.ts[2m > [22m[2mSG020 real pinned oasdiff adapter[2m > [22m[2mretains real version, raw IDs, raw JSON, original hashes and business exit status
[22m[39m{"fixture":"type-change","status":"FAIL","evidence":[{"command":"version","argv":["--version"],"stdout":"oasdiff version 1.32.1\n","stderr":"","exit_code":0,"signal":null,"version":"1.32.1","executable_sha256":"sha256:cce550834cddfa7584a5cfde8deb2a6a57effcbc445f040f4f7ac37da47e8173"},{"command":"breaking","argv":["breaking","C:\\Users\\17894\\AppData\\Local\\Temp\\stackgate-oasdiff-vWBYRU\\base.json","C:\\Users\\17894\\AppData\\Local\\Temp\\stackgate-oasdiff-vWBYRU\\target.json","--format","json","--allow-external-refs=false","--config","C:\\Users\\17894\\AppData\\Local\\Temp\\stackgate-oasdiff-vWBYRU\\oasdiff-config.json","--include-path-params","--auto-upgrade=false","--flatten-allof=false","--flatten-params=false","--fail-on","WARN"],"stdout":"[{\"id\":\"response-property-type-changed\",\"text\":\"the `data/performance/total_return` response's property `type` changed from `number` to `string` for status `200`\",\"level\":3,\"operation\":\"GET\",\"operationId\":\"getPerformance\",\"path\":\"/api/performance\",\"section\":\"paths\",\"fingerprint\":\"d4e087392f73\"}]\n","stderr":"","exit_code":1,"signal":null,"version":"1.32.1","executable_sha256":"sha256:cce550834cddfa7584a5cfde8deb2a6a57effcbc445f040f4f7ac37da47e8173","base_hash":"sha256:1a38de0d66d791dec4cc7ae6b3f9f2ae0aa3410ae7bbcb0c3bfd88cdf45aae8d","target_hash":"sha256:f5f78132329e73893ece7250514bd54906ed2db56e6a2215b261a0bff307f41d","audited_base_hash":"sha256:4fccf8fb30c0e712fcdfad06bd978906b22366af4532b8cd640c98061ad085bd","audited_target_hash":"sha256:a2527f9b8b2b416b0fd7292de08c7e1a9385819f41ed5ffb12132d46c67ab851"}]}

 [32m✓[39m tests/contract/probe-envelope.test.ts [2m([22m[2m16 tests[22m[2m)[22m[33m 2661[2mms[22m[39m
 [32m✓[39m tests/contract/oasdiff.test.ts [2m([22m[2m31 tests[22m[2m)[22m[33m 2093[2mms[22m[39m
     [33m[2m✓[22m[39m retains real version, raw IDs, raw JSON, original hashes and business exit status [33m 304[2mms[22m[39m
     [33m[2m✓[22m[39m retains structural diff and distinguishes real empty diff [33m 399[2mms[22m[39m
 [32m✓[39m tests/contract/schema-compatibility.test.ts [2m([22m[2m4 tests[22m[2m)[22m[33m 820[2mms[22m[39m
   [33m[2m✓[22m[39m exports only verified safe artifacts to a new directory, preserving exact sealed source bytes [33m 758[2mms[22m[39m
 [32m✓[39m tests/contract/toolchain.test.ts [2m([22m[2m5 tests[22m[2m)[22m[33m 2149[2mms[22m[39m
   [33m[2m✓[22m[39m runs real TypeScript program and compiler CLI diagnostics [33m 977[2mms[22m[39m
   [33m[2m✓[22m[39m build declarations are actually consumable with strict type checking [33m 1009[2mms[22m[39m
 [32m✓[39m tests/unit/v2/reporter-storage.test.ts [2m([22m[2m7 tests[22m[2m)[22m[33m 376[2mms[22m[39m
 [32m✓[39m tests/security/compose-preflight.test.ts [2m([22m[2m77 tests[22m[2m)[22m[33m 769[2mms[22m[39m
   [33m[2m✓[22m[39m leaves the observed host resource inventory unchanged after every preflight call [33m 649[2mms[22m[39m
 [32m✓[39m tests/unit/v2/http-authorization.test.ts [2m([22m[2m54 tests[22m[2m)[22m[32m 216[2mms[22m[39m
stackgate reporter could not record diagnostics: WRITE_REFUSED:UNSAFE_NAME:nested/playwright.json | ONEND_SKIPPED:reporter is not a writer for this attempt
stackgate reporter could not record diagnostics: WRITE_REFUSED:UNSAFE_NAME:.hidden.json | ONEND_SKIPPED:reporter is not a writer for this attempt
 [32m✓[39m tests/contract/playwright-reporter.test.ts [2m([22m[2m6 tests[22m[2m)[22m[32m 81[2mms[22m[39m
 [32m✓[39m tests/contract/m3-runtime-contracts.test.ts [2m([22m[2m19 tests[22m[2m)[22m[32m 82[2mms[22m[39m
 [32m✓[39m tests/unit/v2/environment-assessment.test.ts [2m([22m[2m15 tests[22m[2m)[22m[32m 37[2mms[22m[39m
 [32m✓[39m tests/contract/run-history.test.ts [2m([22m[2m1 test[22m[2m)[22m[32m 20[2mms[22m[39m
 [32m✓[39m tests/contract/probe-assertions-parity.test.ts [2m([22m[2m136 tests[22m[2m)[22m[32m 32[2mms[22m[39m
 [32m✓[39m tests/unit/v2/probe-assertions.test.ts [2m([22m[2m144 tests[22m[2m)[22m[32m 85[2mms[22m[39m

[2m Test Files [22m [1m[32m16 passed[39m[22m[90m (16)[39m
[2m      Tests [22m [1m[32m542 passed[39m[22m[90m (542)[39m
[2m   Start at [22m 23:31:59
[2m   Duration [22m 20.25s[2m (transform 958ms, setup 0ms, import 6.37s, tests 29.66s, environment 1ms)[22m

